Component: ARM Compiler 5.06 update 7 (build 960) Tool: armlink [4d3601]

==============================================================================

Section Cross References

    startup_stm32g431xx.o(RESET) refers to startup_stm32g431xx.o(STACK) for __initial_sp
    startup_stm32g431xx.o(RESET) refers to startup_stm32g431xx.o(.text) for Reset_Handler
    startup_stm32g431xx.o(RESET) refers to stm32g4xx_it.o(i.NMI_Handler) for NMI_Handler
    startup_stm32g431xx.o(RESET) refers to stm32g4xx_it.o(i.HardFault_Handler) for HardFault_Handler
    startup_stm32g431xx.o(RESET) refers to stm32g4xx_it.o(i.MemManage_Handler) for MemManage_Handler
    startup_stm32g431xx.o(RESET) refers to stm32g4xx_it.o(i.BusFault_Handler) for BusFault_Handler
    startup_stm32g431xx.o(RESET) refers to stm32g4xx_it.o(i.UsageFault_Handler) for UsageFault_Handler
    startup_stm32g431xx.o(RESET) refers to stm32g4xx_it.o(i.SVC_Handler) for SVC_Handler
    startup_stm32g431xx.o(RESET) refers to stm32g4xx_it.o(i.DebugMon_Handler) for DebugMon_Handler
    startup_stm32g431xx.o(RESET) refers to stm32g4xx_it.o(i.PendSV_Handler) for PendSV_Handler
    startup_stm32g431xx.o(RESET) refers to stm32g4xx_it.o(i.SysTick_Handler) for SysTick_Handler
    startup_stm32g431xx.o(RESET) refers to stm32g4xx_it.o(i.ADC1_2_IRQHandler) for ADC1_2_IRQHandler
    startup_stm32g431xx.o(RESET) refers to stm32g4xx_it.o(i.FDCAN1_IT0_IRQHandler) for FDCAN1_IT0_IRQHandler
    startup_stm32g431xx.o(RESET) refers to stm32g4xx_it.o(i.USART2_IRQHandler) for USART2_IRQHandler
    startup_stm32g431xx.o(RESET) refers to stm32g4xx_it.o(i.TIM6_DAC_IRQHandler) for TIM6_DAC_IRQHandler
    startup_stm32g431xx.o(.text) refers to system_stm32g4xx.o(i.SystemInit) for SystemInit
    startup_stm32g431xx.o(.text) refers to entry.o(.ARM.Collect$$$$00000000) for __main
    drv8323.o(i.DRV8323_calibrate) refers to drv8323.o(i.DRV8323_write_reg) for DRV8323_write_reg
    drv8323.o(i.DRV8323_disable_gd) refers to drv8323.o(i.DRV8323_read_reg) for DRV8323_read_reg
    drv8323.o(i.DRV8323_disable_gd) refers to drv8323.o(i.DRV8323_write_reg) for DRV8323_write_reg
    drv8323.o(i.DRV8323_enable_gd) refers to drv8323.o(i.DRV8323_read_reg) for DRV8323_read_reg
    drv8323.o(i.DRV8323_enable_gd) refers to drv8323.o(i.DRV8323_write_reg) for DRV8323_write_reg
    drv8323.o(i.DRV8323_getFault) refers to drv8323.o(i.DRV8323_read_FSR1) for DRV8323_read_FSR1
    drv8323.o(i.DRV8323_getFault) refers to systick.o(i.SYSTICK_delay_us) for SYSTICK_delay_us
    drv8323.o(i.DRV8323_getFault) refers to drv8323.o(i.DRV8323_read_FSR2) for DRV8323_read_FSR2
    drv8323.o(i.DRV8323_read_FSR1) refers to drv8323.o(i.DRV8323_read_reg) for DRV8323_read_reg
    drv8323.o(i.DRV8323_read_FSR2) refers to drv8323.o(i.DRV8323_read_reg) for DRV8323_read_reg
    drv8323.o(i.DRV8323_read_reg) refers to drv8323.o(i.SPI_RW_byte) for SPI_RW_byte
    drv8323.o(i.DRV8323_reset) refers to drv8323.o(i.DRV8323_set_enable) for DRV8323_set_enable
    drv8323.o(i.DRV8323_reset) refers to systick.o(i.SYSTICK_delay_us) for SYSTICK_delay_us
    drv8323.o(i.DRV8323_reset) refers to drv8323.o(i.DRV8323_calibrate) for DRV8323_calibrate
    drv8323.o(i.DRV8323_reset) refers to drv8323.o(i.DRV8323_write_DCR) for DRV8323_write_DCR
    drv8323.o(i.DRV8323_reset) refers to drv8323.o(i.DRV8323_write_HSR) for DRV8323_write_HSR
    drv8323.o(i.DRV8323_reset) refers to drv8323.o(i.DRV8323_write_LSR) for DRV8323_write_LSR
    drv8323.o(i.DRV8323_reset) refers to drv8323.o(i.DRV8323_write_CSACR) for DRV8323_write_CSACR
    drv8323.o(i.DRV8323_reset) refers to drv8323.o(i.DRV8323_write_OCPCR) for DRV8323_write_OCPCR
    drv8323.o(i.DRV8323_reset) refers to drv8323.o(i.DRV8323_read_reg) for DRV8323_read_reg
    drv8323.o(i.DRV8323_set_enable) refers to systick.o(i.SYSTICK_delay_ms) for SYSTICK_delay_ms
    drv8323.o(i.DRV8323_write_CSACR) refers to drv8323.o(i.DRV8323_write_reg) for DRV8323_write_reg
    drv8323.o(i.DRV8323_write_DCR) refers to drv8323.o(i.DRV8323_write_reg) for DRV8323_write_reg
    drv8323.o(i.DRV8323_write_HSR) refers to drv8323.o(i.DRV8323_write_reg) for DRV8323_write_reg
    drv8323.o(i.DRV8323_write_LSR) refers to drv8323.o(i.DRV8323_write_reg) for DRV8323_write_reg
    drv8323.o(i.DRV8323_write_OCPCR) refers to drv8323.o(i.DRV8323_write_reg) for DRV8323_write_reg
    drv8323.o(i.DRV8323_write_reg) refers to drv8323.o(i.spi_transmit_receive_spi1) for spi_transmit_receive_spi1
    drv8323.o(i.SPI_RW_byte) refers to drv8323.o(i.spi_transmit_receive_spi1) for spi_transmit_receive_spi1
    systick.o(i.SYSTICK_delay_ms) refers to systick.o(i.SYSTICK_delay_us) for SYSTICK_delay_us
    systick.o(i.SYSTICK_get_ms_since) refers to systick.o(.data) for .data
    systick.o(i.SYSTICK_get_tick) refers to systick.o(.data) for .data
    systick.o(i.get_tick) refers to systick.o(.data) for .data
    systick.o(i.get_tick_us) refers to systick.o(.data) for .data
[...]
    i.LL_TIM_BDTR_Init                       0x08003618   Section        0  stm32g4xx_ll_tim.o(i.LL_TIM_BDTR_Init)
    i.LL_TIM_Init                            0x08003690   Section        0  stm32g4xx_ll_tim.o(i.LL_TIM_Init)
    i.LL_TIM_OC_DisableFast                  0x0800373c   Section        0  tim.o(i.LL_TIM_OC_DisableFast)
    LL_TIM_OC_DisableFast                    0x0800373d   Thumb Code   110  tim.o(i.LL_TIM_OC_DisableFast)
    i.LL_TIM_OC_EnablePreload                0x080037b0   Section        0  tim.o(i.LL_TIM_OC_EnablePreload)
    LL_TIM_OC_EnablePreload                  0x080037b1   Thumb Code   110  tim.o(i.LL_TIM_OC_EnablePreload)
    i.LL_TIM_OC_Init                         0x08003824   Section        0  stm32g4xx_ll_tim.o(i.LL_TIM_OC_Init)
    i.LL_USART_Init                          0x08003970   Section        0  stm32g4xx_ll_usart.o(i.LL_USART_Init)
    i.MX_ADC1_Init                           0x08003a58   Section        0  adc.o(i.MX_ADC1_Init)
    i.MX_ADC2_Init                           0x08003bb8   Section        0  adc.o(i.MX_ADC2_Init)
    i.MX_FDCAN1_Init                         0x08003d40   Section        0  can.o(i.MX_FDCAN1_Init)
    i.MX_GPIO_Init                           0x08003dc0   Section        0  gpio.o(i.MX_GPIO_Init)
    i.MX_SPI1_Init                           0x08003e90   Section        0  spi.o(i.MX_SPI1_Init)
    i.MX_SPI2_Init                           0x08003f60   Section        0  spi.o(i.MX_SPI2_Init)
    i.MX_TIM1_Init                           0x08004038   Section        0  tim.o(i.MX_TIM1_Init)
    i.MX_TIM6_Init                           0x080041d8   Section        0  tim.o(i.MX_TIM6_Init)
    i.MX_USART2_UART_Init                    0x08004280   Section        0  usart.o(i.MX_USART2_UART_Init)
    i.MemManage_Handler                      0x080043d0   Section        0  stm32g4xx_it.o(i.MemManage_Handler)
    i.NMI_Handler                            0x080043d2   Section        0  stm32g4xx_it.o(i.NMI_Handler)
    i.NVIC_EncodePriority                    0x080043d4   Section        0  adc.o(i.NVIC_EncodePriority)
    NVIC_EncodePriority                      0x080043d5   Thumb Code    50  adc.o(i.NVIC_EncodePriority)
    i.OC1Config                              0x08004408   Section        0  stm32g4xx_ll_tim.o(i.OC1Config)
    OC1Config                                0x08004409   Thumb Code   126  stm32g4xx_ll_tim.o(i.OC1Config)
    i.OC2Config                              0x080044a0   Section        0  stm32g4xx_ll_tim.o(i.OC2Config)
    OC2Config                                0x080044a1   Thumb Code   134  stm32g4xx_ll_tim.o(i.OC2Config)
    i.OC3Config                              0x08004540   Section        0  stm32g4xx_ll_tim.o(i.OC3Config)
    OC3Config                                0x08004541   Thumb Code   132  stm32g4xx_ll_tim.o(i.OC3Config)
    i.OC4Config                              0x080045dc   Section        0  stm32g4xx_ll_tim.o(i.OC4Config)
    OC4Config                                0x080045dd   Thumb Code   134  stm32g4xx_ll_tim.o(i.OC4Config)
    i.PWMC_switch_off_pwm                    0x0800467c   Section        0  foc_handle.o(i.PWMC_switch_off_pwm)
    i.PWMC_switch_on_pwm                     0x080046ac   Section        0  foc_handle.o(i.PWMC_switch_on_pwm)
    i.PendSV_Handler                         0x080046d8   Section        0  stm32g4xx_it.o(i.PendSV_Handler)
    i.RCC_GetHCLKClockFreq                   0x080046dc   Section        0  stm32g4xx_ll_rcc.o(i.RCC_GetHCLKClockFreq)
    RCC_GetHCLKClockFreq                     0x080046dd   Thumb Code    22  stm32g4xx_ll_rcc.o(i.RCC_GetHCLKClockFreq)
    i.RCC_GetPCLK1ClockFreq                  0x080046fc   Section        0  stm32g4xx_ll_rcc.o(i.RCC_GetPCLK1ClockFreq)
    RCC_GetPCLK1ClockFreq                    0x080046fd   Thumb Code    24  stm32g4xx_ll_rcc.o(i.RCC_GetPCLK1ClockFreq)
    i.RCC_GetPCLK2ClockFreq                  0x0800471c   Section        0  stm32g4xx_ll_rcc.o(i.RCC_GetPCLK2ClockFreq)
    RCC_GetPCLK2ClockFreq                    0x0800471d   Thumb Code    24  stm32g4xx_ll_rcc.o(i.RCC_GetPCLK2ClockFreq)
    i.RCC_GetSystemClockFreq                 0x0800473c   Section        0  stm32g4xx_ll_rcc.o(i.RCC_GetSystemClockFreq)
    RCC_GetSystemClockFreq                   0x0800473d   Thumb Code    88  stm32g4xx_ll_rcc.o(i.RCC_GetSystemClockFreq)
    i.SPI_RW_byte                            0x0800479c   Section        0  drv8323.o(i.SPI_RW_byte)
    i.SVC_Handler                            0x080047ac   Section        0  stm32g4xx_it.o(i.SVC_Handler)
    i.SYSTICK_delay_ms                       0x080047ae   Section        0  systick.o(i.SYSTICK_delay_ms)
    i.SYSTICK_delay_us                       0x080047c4   Section        0  systick.o(i.SYSTICK_delay_us)
    i.SYSTICK_get_ms_since                   0x08004804   Section        0  systick.o(i.SYSTICK_get_ms_since)
    i.SYSTICK_get_tick                       0x08004810   Section        0  systick.o(i.SYSTICK_get_tick)
    i.SYSTICK_init                           0x0800481c   Section        0  systick.o(i.SYSTICK_init)
    i.SysTick_Handler                        0x0800486c   Section        0  stm32g4xx_it.o(i.SysTick_Handler)
    i.SystemClock_Config                     0x0800487c   Section        0  main.o(i.SystemClock_Config)
    i.SystemInit                             0x08004948   Section        0  system_stm32g4xx.o(i.SystemInit)
    i.TIM6_DAC_IRQHandler                    0x08004958   Section        0  stm32g4xx_it.o(i.TIM6_DAC_IRQHandler)
    i.TRAJ_eval                              0x080049a8   Section        0  traptraj.o(i.TRAJ_eval)
    i.TRAJ_plan                              0x08004a80   Section        0  traptraj.o(i.TRAJ_plan)
    i.USART2_IRQHandler                      0x08004c90   Section        0  stm32g4xx_it.o(i.USART2_IRQHandler)
    i.USR_CONFIG_read_config                 0x08004cc8   Section        0  usr_config.o(i.USR_CONFIG_read_config)
    i.USR_CONFIG_save_config                 0x08004d0c   Section        0  usr_config.o(i.USR_CONFIG_save_config)
    i.USR_CONFIG_set_default_config          0x08004dd4   Section        0  usr_config.o(i.USR_CONFIG_set_default_config)
    i.UsageFault_Handler                     0x08004ea8   Section        0  stm32g4xx_it.o(i.UsageFault_Handler)
    i.__0printf                              0x08004eac   Section        0  printfa.o(i.__0printf)
    i.__NVIC_EnableIRQ                       0x08004ecc   Section        0  adc.o(i.__NVIC_EnableIRQ)
    __NVIC_EnableIRQ                         0x08004ecd   Thumb Code    26  adc.o(i.__NVIC_EnableIRQ)
    i.__NVIC_SetPriority                     0x08004ee6   Section        0  adc.o(i.__NVIC_SetPriority)
    __NVIC_SetPriority                       0x08004ee7   Thumb Code    32  adc.o(i.__NVIC_SetPriority)
    i.__aeabi_errno_addr                     0x08004f08   Section        0  errno.o(i.__aeabi_errno_addr)
    i.__hardfp_atof                          0x08004f10   Section        0  atof.o(i.__hardfp_atof)
    i.__hardfp_fmax                          0x08004f48   Section        0  fmax.o(i.__hardfp_fmax)
    i.__hardfp_fmodf                         0x08004fbc   Section        0  fmodf.o(i.__hardfp_fmodf)
    i.__hardfp_round                         0x08005070   Section        0  round.o(i.__hardfp_round)
    i.__hardfp_sqrtf                         0x08005150   Section        0  sqrtf.o(i.__hardfp_sqrtf)
    i.__mathlib_flt_invalid                  0x0800518c   Section        0  funder.o(i.__mathlib_flt_invalid)
    i.__read_errno                           0x0800519c   Section        0  errno.o(i.__read_errno)
    i.__scatterload_copy                     0x080051a8   Section       14  handlers.o(i.__scatterload_copy)
    i.__scatterload_null                     0x080051b6   Section        2  handlers.o(i.__scatterload_null)
    i.__scatterload_zeroinit                 0x080051b8   Section       14  handlers.o(i.__scatterload_zeroinit)
    i.__set_errno                            0x080051c8   Section        0  errno.o(i.__set_errno)
    i._fp_digits                             0x080051d4   Section        0  printfa.o(i._fp_digits)
    _fp_digits                               0x080051d5   Thumb Code   366  printfa.o(i._fp_digits)
    i._is_digit                              0x08005358   Section        0  scanf_fp.o(i._is_digit)
    i._printf_core                           0x08005368   Section        0  printfa.o(i._printf_core)
    _printf_core                             0x08005369   Thumb Code  1704  printfa.o(i._printf_core)
    i._printf_post_padding                   0x08005a1c   Section        0  printfa.o(i._printf_post_padding)
    _printf_post_padding                     0x08005a1d   Thumb Code    36  printfa.o(i._printf_post_padding)
    i._printf_pre_padding                    0x08005a40   Section        0  printfa.o(i._printf_pre_padding)
    _printf_pre_padding                      0x08005a41   Thumb Code    46  printfa.o(i._printf_pre_padding)
    i.apply_voltage_timings                  0x08005a70   Section        0  foc_handle.o(i.apply_voltage_timings)
    i.can_motor_task                         0x08005b40   Section        0  can.o(i.can_motor_task)
    can_motor_task                           0x08005b41   Thumb Code   116  can.o(i.can_motor_task)
    i.can_rx_mit_command                     0x08005bbc   Section        0  can.o(i.can_rx_mit_command)
    can_rx_mit_command                       0x08005bbd   Thumb Code   166  can.o(i.can_rx_mit_command)
    i.can_send                               0x08005c7c   Section        0  can.o(i.can_send)
    i.can_send_motor_info                    0x08005cac   Section        0  can.o(i.can_send_motor_info)
    can_send_motor_info                      0x08005cad   Thumb Code   126  can.o(i.can_send_motor_info)
    i.crc32                                  0x08005d50   Section        0  util.o(i.crc32)
    i.debug_input_q                          0x08005d78   Section        0  fsm.o(i.debug_input_q)
    debug_input_q                            0x08005d79   Thumb Code   206  fsm.o(i.debug_input_q)
    i.debug_input_w                          0x08005ef0   Section        0  fsm.o(i.debug_input_w)
    debug_input_w                            0x08005ef1   Thumb Code   206  fsm.o(i.debug_input_w)
    i.enter_state                            0x0800606c   Section        0  fsm.o(i.enter_state)
    enter_state                              0x0800606d   Thumb Code    94  fsm.o(i.enter_state)
    i.exit_state                             0x08006100   Section        0  fsm.o(i.exit_state)
    exit_state                               0x08006101   Thumb Code    50  fsm.o(i.exit_state)
    i.fast_sincos                            0x08006150   Section        0  foc_handle.o(i.fast_sincos)
    fast_sincos                              0x08006151   Thumb Code   236  foc_handle.o(i.fast_sincos)
    i.flash_wait_for_last_operation          0x08006258   Section        0  flash.o(i.flash_wait_for_last_operation)
    flash_wait_for_last_operation            0x08006259   Thumb Code    70  flash.o(i.flash_wait_for_last_operation)
    i.float_to_uint                          0x080062a8   Section        0  can.o(i.float_to_uint)
    float_to_uint                            0x080062a9   Thumb Code    40  can.o(i.float_to_uint)
    i.fputc                                  0x080062d0   Section        0  usart.o(i.fputc)
    i.inverse_park                           0x080062e8   Section        0  foc_handle.o(i.inverse_park)
    inverse_park                             0x080062e9   Thumb Code    80  foc_handle.o(i.inverse_park)
    i.main                                   0x08006338   Section        0  main.o(i.main)
    i.pll_speed_estimator_rad_init           0x080065d8   Section        0  pll.o(i.pll_speed_estimator_rad_init)
    i.pll_speed_estimator_rad_update         0x08006610   Section        0  pll.o(i.pll_speed_estimator_rad_update)
    i.print_can_data                         0x0800668c   Section        0  can.o(i.print_can_data)
    i.print_menu                             0x08006714   Section        0  fsm.o(i.print_menu)
    print_menu                               0x08006715   Thumb Code    78  fsm.o(i.print_menu)
    i.print_setup                            0x08006848   Section        0  fsm.o(i.print_setup)
    print_setup                              0x08006849   Thumb Code   548  fsm.o(i.print_setup)
    i.process_user_input                     0x08006de4   Section        0  fsm.o(i.process_user_input)
    process_user_input                       0x08006de5   Thumb Code  2068  fsm.o(i.process_user_input)
    i.spi_transmit_receive                   0x0800772c   Section        0  foc_encoder.o(i.spi_transmit_receive)
    spi_transmit_receive                     0x0800772d   Thumb Code    84  foc_encoder.o(i.spi_transmit_receive)
    i.spi_transmit_receive_spi1              0x08007784   Section        0  drv8323.o(i.spi_transmit_receive_spi1)
    i.svm                                    0x080077dc   Section        0  foc_handle.o(i.svm)
    svm                                      0x080077dd   Thumb Code   412  foc_handle.o(i.svm)
    i.uint_to_float                          0x08007988   Section        0  can.o(i.uint_to_float)
    uint_to_float                            0x08007989   Thumb Code    40  can.o(i.uint_to_float)
    i.wrap_pm_pi                             0x080079b0   Section        0  pll.o(i.wrap_pm_pi)
    wrap_pm_pi                               0x080079b1   Thumb Code    50  pll.o(i.wrap_pm_pi)
    .constdata                               0x080079ec   Section     1024  util.o(.constdata)
    crc32_table                              0x080079ec   Data        1024  util.o(.constdata)
    .constdata                               0x08007dec   Section       20  tim.o(.constdata)
    OFFSET_TAB_CCMRx                         0x08007dec   Data          10  tim.o(.constdata)
    SHIFT_TAB_OCxx                           0x08007df6   Data          10  tim.o(.constdata)
    .constdata                               0x08007e00   Section       16  stm32g4xx_hal_fdcan.o(.constdata)
    DLCtoBytes                               0x08007e00   Data          16  stm32g4xx_hal_fdcan.o(.constdata)
    .constdata                               0x08007e10   Section       16  system_stm32g4xx.o(.constdata)
    .constdata                               0x08007e20   Section        8  system_stm32g4xx.o(.constdata)
    .constdata                               0x08007e28   Section       48  stm32g4xx_ll_usart.o(.constdata)
    USART_PRESCALER_TAB                      0x08007e28   Data          48  stm32g4xx_ll_usart.o(.constdata)
    .constdata                               0x08007e58   Section      129  ctype_o.o(.constdata)
    .constdata                               0x08007edc   Section        4  ctype_o.o(.constdata)
    table                                    0x08007edc   Data           4  ctype_o.o(.constdata)
    .conststring                             0x08007ee0   Section       92  fsm.o(.conststring)
    .data                                    0x20000000   Section        8  systick.o(.data)
    .data                                    0x20000008   Section        8  led.o(.data)
    cnt                                      0x20000008   Data           2  led.o(.data)
    tick                                     0x2000000c   Data           4  led.o(.data)
    .data                                    0x20000010   Section       48  calibration.o(.data)
    mCalibStep                               0x20000010   Data           1  calibration.o(.data)
    mCalibError                              0x20000011   Data           1  calibration.o(.data)
    loop_count                               0x20000014   Data           4  calibration.o(.data)
    raw_offset                               0x20000018   Data           4  calibration.o(.data)
    sample_count                             0x2000001c   Data           4  calibration.o(.data)
    next_sample_time                         0x20000020   Data           4  calibration.o(.data)
    theta_ref                                0x20000024   Data           4  calibration.o(.data)
    start_position                           0x20000028   Data           4  calibration.o(.data)
    end_position                             0x2000002c   Data           4  calibration.o(.data)
    voltages                                 0x20000030   Data           8  calibration.o(.data)
    Ialphas                                  0x20000038   Data           8  calibration.o(.data)
    .data                                    0x20000040   Section       84  fsm.o(.data)
    mErrorCode                               0x20000044   Data           4  fsm.o(.data)
    mErrorCodeLast                           0x20000048   Data           4  fsm.o(.data)
    .data                                    0x20000094   Section       20  controller.o(.data)
    input_pos_updated                        0x20000094   Data           1  controller.o(.data)
    mPosSetPoint                             0x20000098   Data           4  controller.o(.data)
    mVelSetPoint                             0x2000009c   Data           4  controller.o(.data)
    mCurrSetPoint                            0x200000a0   Data           4  controller.o(.data)
    vel_integrator                           0x200000a4   Data           4  controller.o(.data)
    .data                                    0x200000a8   Section       40  traptraj.o(.data)
    Xi_                                      0x200000a8   Data           4  traptraj.o(.data)
    Xf_                                      0x200000ac   Data           4  traptraj.o(.data)
    Vi_                                      0x200000b0   Data           4  traptraj.o(.data)
    Ar_                                      0x200000b4   Data           4  traptraj.o(.data)
    Vr_                                      0x200000b8   Data           4  traptraj.o(.data)
    Dr_                                      0x200000bc   Data           4  traptraj.o(.data)
    Ta_                                      0x200000c0   Data           4  traptraj.o(.data)
    Tv_                                      0x200000c4   Data           4  traptraj.o(.data)
    Td_                                      0x200000c8   Data           4  traptraj.o(.data)
    yAccel_                                  0x200000cc   Data           4  traptraj.o(.data)
    .data                                    0x200000d0   Section        2  usart.o(.data)
    .data                                    0x200000d2   Section        1  usart.o(.data)
    .data                                    0x200000d4   Section        4  usart.o(.data)
    .data                                    0x200000d8   Section       20  can.o(.data)
    can_motor_enable                         0x200000d8   Data           1  can.o(.data)
    .data                                    0x200000ec   Section        4  system_stm32g4xx.o(.data)
    .data                                    0x200000f0   Section        4  stdout.o(.data)
    .data                                    0x200000f4   Section        4  errno.o(.data)
    _errno                                   0x200000f4   Data           4  errno.o(.data)
    .bss                                     0x200000f8   Section      212  foc_encoder.o(.bss)
    .bss                                     0x200001cc   Section      380  usr_config.o(.bss)
    .bss                                     0x20000348   Section       84  foc_handle.o(.bss)
    .bss                                     0x2000039c   Section    15360  calibration.o(.bss)
    p_error_arr                              0x2000039c   Data       15360  calibration.o(.bss)
    .bss                                     0x20003f9c   Section       20  controller.o(.bss)
    .bss                                     0x20003fb0   Section       24  traptraj.o(.bss)
    .bss                                     0x20003fc8   Section       32  pll.o(.bss)
    .bss                                     0x20003fe8   Section      128  usart.o(.bss)
    .bss                                     0x20004068   Section      100  can.o(.bss)
    STACK                                    0x200040d0   Section     1024  startup_stm32g431xx.o(STACK)

    Global Symbols

    Symbol Name                              Value     Ov Type        Size  Object(Section)

    BuildAttributes$$THM_ISAv4$E$P$D$K$B$S$7EM$VFPi3$EXTD16$VFPS$VFMA$PE$A:L22UL41UL21$X:L11$S22US41US21$IEEE1$IW$USESV6$~STKCKD$USESV7$~SHL$OTIME$ROPI$IEEEX$EBA8$MICROLIB$REQ8$PRES8$EABIv2 0x00000000   Number         0  anon$$obj.o ABSOLUTE
    __ARM_use_no_argv                        0x00000000   Number         0  main.o ABSOLUTE
    _printf_a                                0x00000000   Number         0  stubs.o ABSOLUTE
    _printf_c                                0x00000000   Number         0  stubs.o ABSOLUTE
    _printf_charcount                        0x00000000   Number         0  stubs.o ABSOLUTE
    _printf_d                                0x00000000   Number         0  stubs.o ABSOLUTE
    _printf_e                                0x00000000   Number         0  stubs.o ABSOLUTE
    _printf_f                                0x00000000   Number         0  stubs.o ABSOLUTE
    _printf_flags                            0x00000000   Number         0  stubs.o ABSOLUTE
    _printf_fp_dec                           0x00000000   Number         0  stubs.o ABSOLUTE
    _printf_fp_hex                           0x00000000   Number         0  stubs.o ABSOLUTE
    _printf_g                                0x00000000   Number         0  stubs.o ABSOLUTE
    _printf_i                                0x00000000   Number         0  stubs.o ABSOLUTE
    _printf_int_dec                          0x00000000   Number         0  stubs.o ABSOLUTE
    _printf_l                                0x00000000   Number         0  stubs.o ABSOLUTE
    _printf_lc                               0x00000000   Number         0  stubs.o ABSOLUTE
    _printf_ll                               0x00000000   Number         0  stubs.o ABSOLUTE
    _printf_lld                              0x00000000   Number         0  stubs.o ABSOLUTE
    _printf_lli                              0x00000000   Number         0  stubs.o ABSOLUTE
    _printf_llo                              0x00000000   Number         0  stubs.o ABSOLUTE
    _printf_llu                              0x00000000   Number         0  stubs.o ABSOLUTE
    _printf_llx                              0x00000000   Number         0  stubs.o ABSOLUTE
    _printf_longlong_dec                     0x00000000   Number         0  stubs.o ABSOLUTE
    _printf_longlong_hex                     0x00000000   Number         0  stubs.o ABSOLUTE
    _printf_longlong_oct                     0x00000000   Number         0  stubs.o ABSOLUTE
    _printf_ls                               0x00000000   Number         0  stubs.o ABSOLUTE
    _printf_mbtowc                           0x00000000   Number         0  stubs.o ABSOLUTE
    _printf_n                                0x00000000   Number         0  stubs.o ABSOLUTE
    _printf_o                                0x00000000   Number         0  stubs.o ABSOLUTE
    _printf_p                                0x00000000   Number         0  stubs.o ABSOLUTE
    _printf_percent                          0x00000000   Number         0  stubs.o ABSOLUTE
    _printf_pre_padding                      0x00000000   Number         0  stubs.o ABSOLUTE
    _printf_return_value                     0x00000000   Number         0  stubs.o ABSOLUTE
    _printf_s                                0x00000000   Number         0  stubs.o ABSOLUTE
    _printf_sizespec                         0x00000000   Number         0  stubs.o ABSOLUTE
    _printf_str                              0x00000000   Number         0  stubs.o ABSOLUTE
    _printf_truncate_signed                  0x00000000   Number         0  stubs.o ABSOLUTE
    _printf_truncate_unsigned                0x00000000   Number         0  stubs.o ABSOLUTE
    _printf_u                                0x00000000   Number         0  stubs.o ABSOLUTE
    _printf_wc                               0x00000000   Number         0  stubs.o ABSOLUTE
    _printf_wctomb                           0x00000000   Number         0  stubs.o ABSOLUTE
    _printf_widthprec                        0x00000000   Number         0  stubs.o ABSOLUTE
    _printf_x                                0x00000000   Number         0  stubs.o ABSOLUTE
    __arm_fini_                               - Undefined Weak Reference
    __cpp_initialize__aeabi_                  - Undefined Weak Reference
    __cxa_finalize                            - Undefined Weak Reference
    __decompress                              - Undefined Weak Reference
    _clock_init                               - Undefined Weak Reference
    _microlib_exit                            - Undefined Weak Reference
    __Vectors_Size                           0x000001d8   Number         0  startup_stm32g431xx.o ABSOLUTE
    __Vectors                                0x08000000   Data           4  startup_stm32g431xx.o(RESET)
    __Vectors_End                            0x080001d8   Data           0  startup_stm32g431xx.o(RESET)
    __main                                   0x080001d9   Thumb Code     0  entry.o(.ARM.Collect$$$$00000000)
    _main_stk                                0x080001d9   Thumb Code     0  entry2.o(.ARM.Collect$$$$00000001)
    _main_scatterload                        0x080001dd   Thumb Code     0  entry5.o(.ARM.Collect$$$$00000004)
    __main_after_scatterload                 0x080001e1   Thumb Code     0  entry5.o(.ARM.Collect$$$$00000004)
    _main_clock                              0x080001e1   Thumb Code     0  entry7b.o(.ARM.Collect$$$$00000008)
    _main_cpp_init                           0x080001e1   Thumb Code     0  entry8b.o(.ARM.Collect$$$$0000000A)
    _main_init                               0x080001e1   Thumb Code     0  entry9a.o(.ARM.Collect$$$$0000000B)
    __rt_lib_shutdown_fini                   0x080001e9   Thumb Code     0  entry12b.o(.ARM.Collect$$$$0000000E)
    __rt_final_cpp                           0x080001ed   Thumb Code     0  entry10a.o(.ARM.Collect$$$$0000000F)
    __rt_final_exit                          0x080001ed   Thumb Code     0  entry11a.o(.ARM.Collect$$$$00000011)
    Reset_Handler                            0x080001f1   Thumb Code     8  startup_stm32g431xx.o(.text)
    COMP1_2_3_IRQHandler                     0x0800020b   Thumb Code     0  startup_stm32g431xx.o(.text)
    COMP4_IRQHandler                         0x0800020b   Thumb Code     0  startup_stm32g431xx.o(.text)
    CORDIC_IRQHandler                        0x0800020b   Thumb Code     0  startup_stm32g431xx.o(.text)
    CRS_IRQHandler                           0x0800020b   Thumb Code     0  startup_stm32g431xx.o(.text)
    DMA1_Channel1_IRQHandler                 0x0800020b   Thumb Code     0  startup_stm32g431xx.o(.text)
    DMA1_Channel2_IRQHandler                 0x0800020b   Thumb Code     0  startup_stm32g431xx.o(.text)
    DMA1_Channel3_IRQHandler                 0x0800020b   Thumb Code     0  startup_stm32g431xx.o(.text)
    DMA1_Channel4_IRQHandler                 0x0800020b   Thumb Code     0  startup_stm32g431xx.o(.text)
    DMA1_Channel5_IRQHandler                 0x0800020b   Thumb Code     0  startup_stm32g431xx.o(.text)
    DMA1_Channel6_IRQHandler                 0x0800020b   Thumb Code     0  startup_stm32g431xx.o(.text)
    DMA2_Channel1_IRQHandler                 0x0800020b   Thumb Code     0  startup_stm32g431xx.o(.text)
    DMA2_Channel2_IRQHandler                 0x0800020b   Thumb Code     0  startup_stm32g431xx.o(.text)
    DMA2_Channel3_IRQHandler                 0x0800020b   Thumb Code     0  startup_stm32g431xx.o(.text)
    DMA2_Channel4_IRQHandler                 0x0800020b   Thumb Code     0  startup_stm32g431xx.o(.text)
    DMA2_Channel5_IRQHandler                 0x0800020b   Thumb Code     0  startup_stm32g431xx.o(.text)
    DMA2_Channel6_IRQHandler                 0x0800020b   Thumb Code     0  startup_stm32g431xx.o(.text)
    DMAMUX_OVR_IRQHandler                    0x0800020b   Thumb Code     0  startup_stm32g431xx.o(.text)
    EXTI0_IRQHandler                         0x0800020b   Thumb Code     0  startup_stm32g431xx.o(.text)
    EXTI15_10_IRQHandler                     0x0800020b   Thumb Code     0  startup_stm32g431xx.o(.text)
    EXTI1_IRQHandler                         0x0800020b   Thumb Code     0  startup_stm32g431xx.o(.text)
    EXTI2_IRQHandler                         0x0800020b   Thumb Code     0  startup_stm32g431xx.o(.text)
    EXTI3_IRQHandler                         0x0800020b   Thumb Code     0  startup_stm32g431xx.o(.text)
    EXTI4_IRQHandler                         0x0800020b   Thumb Code     0  startup_stm32g431xx.o(.text)
    EXTI9_5_IRQHandler                       0x0800020b   Thumb Code     0  startup_stm32g431xx.o(.text)
    FDCAN1_IT1_IRQHandler                    0x0800020b   Thumb Code     0  startup_stm32g431xx.o(.text)
    FLASH_IRQHandler                         0x0800020b   Thumb Code     0  startup_stm32g431xx.o(.text)
    FMAC_IRQHandler                          0x0800020b   Thumb Code     0  startup_stm32g431xx.o(.text)
    FPU_IRQHandler                           0x0800020b   Thumb Code     0  startup_stm32g431xx.o(.text)
    I2C1_ER_IRQHandler                       0x0800020b   Thumb Code     0  startup_stm32g431xx.o(.text)
    I2C1_EV_IRQHandler                       0x0800020b   Thumb Code     0  startup_stm32g431xx.o(.text)
    I2C2_ER_IRQHandler                       0x0800020b   Thumb Code     0  startup_stm32g431xx.o(.text)
    I2C2_EV_IRQHandler                       0x0800020b   Thumb Code     0  startup_stm32g431xx.o(.text)
    I2C3_ER_IRQHandler                       0x0800020b   Thumb Code     0  startup_stm32g431xx.o(.text)
    I2C3_EV_IRQHandler                       0x0800020b   Thumb Code     0  startup_stm32g431xx.o(.text)
    LPTIM1_IRQHandler                        0x0800020b   Thumb Code     0  startup_stm32g431xx.o(.text)
    LPUART1_IRQHandler                       0x0800020b   Thumb Code     0  startup_stm32g431xx.o(.text)
    PVD_PVM_IRQHandler                       0x0800020b   Thumb Code     0  startup_stm32g431xx.o(.text)
    RCC_IRQHandler                           0x0800020b   Thumb Code     0  startup_stm32g431xx.o(.text)
    RNG_IRQHandler                           0x0800020b   Thumb Code     0  startup_stm32g431xx.o(.text)
    RTC_Alarm_IRQHandler                     0x0800020b   Thumb Code     0  startup_stm32g431xx.o(.text)
    RTC_TAMP_LSECSS_IRQHandler               0x0800020b   Thumb Code     0  startup_stm32g431xx.o(.text)
    RTC_WKUP_IRQHandler                      0x0800020b   Thumb Code     0  startup_stm32g431xx.o(.text)
    SAI1_IRQHandler                          0x0800020b   Thumb Code     0  startup_stm32g431xx.o(.text)
    SPI1_IRQHandler                          0x0800020b   Thumb Code     0  startup_stm32g431xx.o(.text)
    SPI2_IRQHandler                          0x0800020b   Thumb Code     0  startup_stm32g431xx.o(.text)
    SPI3_IRQHandler                          0x0800020b   Thumb Code     0  startup_stm32g431xx.o(.text)
    TIM1_BRK_TIM15_IRQHandler                0x0800020b   Thumb Code     0  startup_stm32g431xx.o(.text)
    TIM1_CC_IRQHandler                       0x0800020b   Thumb Code     0  startup_stm32g431xx.o(.text)
    TIM1_TRG_COM_TIM17_IRQHandler            0x0800020b   Thumb Code     0  startup_stm32g431xx.o(.text)
    TIM1_UP_TIM16_IRQHandler                 0x0800020b   Thumb Code     0  startup_stm32g431xx.o(.text)
    TIM2_IRQHandler                          0x0800020b   Thumb Code     0  startup_stm32g431xx.o(.text)
    TIM3_IRQHandler                          0x0800020b   Thumb Code     0  startup_stm32g431xx.o(.text)
    TIM4_IRQHandler                          0x0800020b   Thumb Code     0  startup_stm32g431xx.o(.text)
    TIM7_IRQHandler                          0x0800020b   Thumb Code     0  startup_stm32g431xx.o(.text)
    TIM8_BRK_IRQHandler                      0x0800020b   Thumb Code     0  startup_stm32g431xx.o(.text)
    TIM8_CC_IRQHandler                       0x0800020b   Thumb Code     0  startup_stm32g431xx.o(.text)
    TIM8_TRG_COM_IRQHandler                  0x0800020b   Thumb Code     0  startup_stm32g431xx.o(.text)
    TIM8_UP_IRQHandler                       0x0800020b   Thumb Code     0  startup_stm32g431xx.o(.text)
    UART4_IRQHandler                         0x0800020b   Thumb Code     0  startup_stm32g431xx.o(.text)
    UCPD1_IRQHandler                         0x0800020b   Thumb Code     0  startup_stm32g431xx.o(.text)
    USART1_IRQHandler                        0x0800020b   Thumb Code     0  startup_stm32g431xx.o(.text)
    USART3_IRQHandler                        0x0800020b   Thumb Code     0  startup_stm32g431xx.o(.text)
    USBWakeUp_IRQHandler                     0x0800020b   Thumb Code     0  startup_stm32g431xx.o(.text)
    USB_HP_IRQHandler                        0x0800020b   Thumb Code     0  startup_stm32g431xx.o(.text)
    USB_LP_IRQHandler                        0x0800020b   Thumb Code     0  startup_stm32g431xx.o(.text)
    WWDG_IRQHandler                          0x0800020b   Thumb Code     0  startup_stm32g431xx.o(.text)
    __aeabi_memcpy                           0x08000215   Thumb Code    36  memcpya.o(.text)
    __aeabi_memcpy4                          0x08000215   Thumb Code     0  memcpya.o(.text)
    __aeabi_memcpy8                          0x08000215   Thumb Code     0  memcpya.o(.text)
    __aeabi_memset                           0x08000239   Thumb Code    14  memseta.o(.text)
    __aeabi_memset4                          0x08000239   Thumb Code     0  memseta.o(.text)
    __aeabi_memset8                          0x08000239   Thumb Code     0  memseta.o(.text)
    __aeabi_memclr                           0x08000247   Thumb Code     4  memseta.o(.text)
    __aeabi_memclr4                          0x08000247   Thumb Code     0  memseta.o(.text)
    __aeabi_memclr8                          0x08000247   Thumb Code     0  memseta.o(.text)
    _memset$wrapper                          0x0800024b   Thumb Code    18  memseta.o(.text)
    memcmp                                   0x0800025d   Thumb Code    26  memcmp.o(.text)
    atoi                                     0x08000277   Thumb Code    26  atoi.o(.text)
    __aeabi_d2iz                             0x08000291   Thumb Code    62  dfixi.o(.text)
    __aeabi_f2d                              0x080002cf   Thumb Code    38  f2d.o(.text)
    __aeabi_d2f                              0x080002f5   Thumb Code    56  d2f.o(.text)
    __aeabi_uidiv                            0x0800032d   Thumb Code     0  uidiv.o(.text)
    __aeabi_uidivmod                         0x0800032d   Thumb Code    44  uidiv.o(.text)
    __aeabi_uldivmod                         0x08000359   Thumb Code    98  uldiv.o(.text)
    __aeabi_llsr                             0x080003bb   Thumb Code    32  llushr.o(.text)
    _ll_ushift_r                             0x080003bb   Thumb Code     0  llushr.o(.text)
    __strtod_int                             0x08000413   Thumb Code    90  strtod.o(.text)
    strtol                                   0x08000479   Thumb Code   112  strtol.o(.text)
    __I$use$fp                               0x080004e9   Thumb Code     0  iusefp.o(.text)
    _float_round                             0x080004e9   Thumb Code    18  fepilogue.o(.text)
    _float_epilogue                          0x080004fb   Thumb Code    92  fepilogue.o(.text)
    _frem                                    0x08000557   Thumb Code    82  frem.o(.text)
    __aeabi_dadd                             0x080005a9   Thumb Code   322  dadd.o(.text)
    __aeabi_dsub                             0x080006eb   Thumb Code     6  dadd.o(.text)
    __aeabi_drsub                            0x080006f1   Thumb Code     6  dadd.o(.text)
    __aeabi_dmul                             0x080006f7   Thumb Code   228  dmul.o(.text)
    __aeabi_ddiv                             0x080007db   Thumb Code   222  ddiv.o(.text)
    _drnd                                    0x080008b9   Thumb Code   132  drnd.o(.text)
    __aeabi_d2ulz                            0x08000941   Thumb Code    48  dfixul.o(.text)
    __aeabi_cdcmpeq                          0x08000971   Thumb Code     0  cdcmple.o(.text)
    __aeabi_cdcmple                          0x08000971   Thumb Code    48  cdcmple.o(.text)
    __aeabi_cdrcmple                         0x080009a1   Thumb Code    48  cdrcmple.o(.text)
    __ARM_dcmp4                              0x080009d1   Thumb Code    96  dcmp4.o(.text)
    _dcmp4                                   0x080009d1   Thumb Code     0  dcmp4.o(.text)
    __scatterload                            0x08000a31   Thumb Code    28  init.o(.text)
    __scatterload_rt2                        0x08000a31   Thumb Code     0  init.o(.text)
    __aeabi_llsl                             0x08000a55   Thumb Code    30  llshl.o(.text)
    _ll_shift_l                              0x08000a55   Thumb Code     0  llshl.o(.text)
    __aeabi_lasr                             0x08000a73   Thumb Code    36  llsshr.o(.text)
    _ll_sshift_r                             0x08000a73   Thumb Code     0  llsshr.o(.text)
    __rt_ctype_table                         0x08000a99   Thumb Code     4  ctype_o.o(.text)
    isspace                                  0x08000aa1   Thumb Code    18  isspace_o.o(.text)
    _scanf_real                              0x08000bdd   Thumb Code     0  scanf_fp.o(.text)
    _scanf_really_real                       0x08000bdd   Thumb Code   556  scanf_fp.o(.text)
    _sgetc                                   0x08000e15   Thumb Code    30  _sgetc.o(.text)
    _sbackspace                              0x08000e33   Thumb Code    34  _sgetc.o(.text)
    _strtoul                                 0x08000e55   Thumb Code   158  _strtoul.o(.text)
    _double_round                            0x08000ef3   Thumb Code    30  depilogue.o(.text)
    _double_epilogue                         0x08000f11   Thumb Code   156  depilogue.o(.text)
    _chval                                   0x08000fad   Thumb Code    28  _chval.o(.text)
    __aeabi_ul2d                             0x08000fc9   Thumb Code    24  dfltul.o(.text)
    ADC1_2_IRQHandler                        0x08000fe1   Thumb Code   196  stm32g4xx_it.o(i.ADC1_2_IRQHandler)
    BusFault_Handler                         0x080010c9   Thumb Code     2  stm32g4xx_it.o(i.BusFault_Handler)
    CALIBRATION_end                          0x080010cd   Thumb Code     8  calibration.o(i.CALIBRATION_end)
    CALIBRATION_loop                         0x080010d9   Thumb Code  1576  calibration.o(i.CALIBRATION_loop)
    CALIBRATION_start                        0x08001735   Thumb Code    18  calibration.o(i.CALIBRATION_start)
    CONTROLLER_loop                          0x08001751   Thumb Code   874  controller.o(i.CONTROLLER_loop)
    CONTROLLER_move_to_pos                   0x08001ad5   Thumb Code    14  controller.o(i.CONTROLLER_move_to_pos)
    CONTROLLER_reset                         0x08001aed   Thumb Code    64  controller.o(i.CONTROLLER_reset)
    DRV8323_calibrate                        0x08001b3d   Thumb Code    10  drv8323.o(i.DRV8323_calibrate)
    DRV8323_disable_gd                       0x08001b47   Thumb Code    26  drv8323.o(i.DRV8323_disable_gd)
    DRV8323_enable_gd                        0x08001b61   Thumb Code    26  drv8323.o(i.DRV8323_enable_gd)
    DRV8323_getFault                         0x08001b7b   Thumb Code    40  drv8323.o(i.DRV8323_getFault)
    DRV8323_read_FSR1                        0x08001ba3   Thumb Code     6  drv8323.o(i.DRV8323_read_FSR1)
    DRV8323_read_FSR2                        0x08001ba9   Thumb Code     8  drv8323.o(i.DRV8323_read_FSR2)
    DRV8323_read_reg                         0x08001bb1   Thumb Code    30  drv8323.o(i.DRV8323_read_reg)
    DRV8323_reset                            0x08001bcf   Thumb Code   256  drv8323.o(i.DRV8323_reset)
    DRV8323_set_enable                       0x08001ccf   Thumb Code    24  drv8323.o(i.DRV8323_set_enable)
    DRV8323_write_CSACR                      0x08001ce7   Thumb Code    60  drv8323.o(i.DRV8323_write_CSACR)
    DRV8323_write_DCR                        0x08001d23   Thumb Code    60  drv8323.o(i.DRV8323_write_DCR)
    DRV8323_write_HSR                        0x08001d5f   Thumb Code    18  drv8323.o(i.DRV8323_write_HSR)
    DRV8323_write_LSR                        0x08001d71   Thumb Code    22  drv8323.o(i.DRV8323_write_LSR)
    DRV8323_write_OCPCR                      0x08001d87   Thumb Code    32  drv8323.o(i.DRV8323_write_OCPCR)
    DRV8323_write_reg                        0x08001da7   Thumb Code    30  drv8323.o(i.DRV8323_write_reg)
    DebugMon_Handler                         0x08001dc5   Thumb Code     2  stm32g4xx_it.o(i.DebugMon_Handler)
    ENCODER_sample                           0x08001dc9   Thumb Code   420  foc_encoder.o(i.ENCODER_sample)
    Encoder_read                             0x08001f85   Thumb Code    28  foc_encoder.o(i.Encoder_read)
    Error_Handler                            0x08001fa5   Thumb Code     4  main.o(i.Error_Handler)
    FDCAN1_IT0_IRQHandler                    0x08001fa9   Thumb Code     6  stm32g4xx_it.o(i.FDCAN1_IT0_IRQHandler)
    FLASH_erase_page                         0x08002025   Thumb Code   194  flash.o(i.FLASH_erase_page)
    FLASH_lock                               0x080020ed   Thumb Code    24  flash.o(i.FLASH_lock)
    FLASH_program                            0x08002109   Thumb Code    52  flash.o(i.FLASH_program)
    FLASH_unlock                             0x08002141   Thumb Code    28  flash.o(i.FLASH_unlock)
    FOC_arm                                  0x08002169   Thumb Code    18  foc_handle.o(i.FOC_arm)
    FOC_current                              0x0800217d   Thumb Code   432  foc_handle.o(i.FOC_current)
    FOC_disarm                               0x08002355   Thumb Code    18  foc_handle.o(i.FOC_disarm)
    FOC_reset                                0x08002369   Thumb Code    22  foc_handle.o(i.FOC_reset)
    FOC_zero_current                         0x08002385   Thumb Code    72  foc_handle.o(i.FOC_zero_current)
    FSM_get_stat                             0x080023d5   Thumb Code     6  fsm.o(i.FSM_get_stat)
    FSM_input                                0x080023e1   Thumb Code   356  fsm.o(i.FSM_input)
    FSM_loop                                 0x080025d9   Thumb Code   276  fsm.o(i.FSM_loop)
    HAL_FDCAN_ActivateNotification           0x0800271d   Thumb Code   224  stm32g4xx_hal_fdcan.o(i.HAL_FDCAN_ActivateNotification)
    HAL_FDCAN_AddMessageToTxFifoQ            0x080027fd   Thumb Code    74  stm32g4xx_hal_fdcan.o(i.HAL_FDCAN_AddMessageToTxFifoQ)
    HAL_FDCAN_ConfigFilter                   0x08002847   Thumb Code    92  stm32g4xx_hal_fdcan.o(i.HAL_FDCAN_ConfigFilter)
    HAL_FDCAN_ConfigInterruptLines           0x080028a3   Thumb Code    44  stm32g4xx_hal_fdcan.o(i.HAL_FDCAN_ConfigInterruptLines)
    HAL_FDCAN_ErrorCallback                  0x080028cf   Thumb Code     2  stm32g4xx_hal_fdcan.o(i.HAL_FDCAN_ErrorCallback)
    HAL_FDCAN_ErrorStatusCallback            0x080028d1   Thumb Code     2  stm32g4xx_hal_fdcan.o(i.HAL_FDCAN_ErrorStatusCallback)
    HAL_FDCAN_GetRxMessage                   0x080028d5   Thumb Code   234  stm32g4xx_hal_fdcan.o(i.HAL_FDCAN_GetRxMessage)
    HAL_FDCAN_HighPriorityMessageCallback    0x080029c5   Thumb Code     2  stm32g4xx_hal_fdcan.o(i.HAL_FDCAN_HighPriorityMessageCallback)
    HAL_FDCAN_IRQHandler                     0x080029c7   Thumb Code   352  stm32g4xx_hal_fdcan.o(i.HAL_FDCAN_IRQHandler)
    HAL_FDCAN_Init                           0x08002b29   Thumb Code   498  stm32g4xx_hal_fdcan.o(i.HAL_FDCAN_Init)
    HAL_FDCAN_MspInit                        0x08002d2d   Thumb Code   132  can.o(i.HAL_FDCAN_MspInit)
    HAL_FDCAN_RxFifo0Callback                0x08002db9   Thumb Code    46  can.o(i.HAL_FDCAN_RxFifo0Callback)
    HAL_FDCAN_RxFifo1Callback                0x08002df1   Thumb Code     2  stm32g4xx_hal_fdcan.o(i.HAL_FDCAN_RxFifo1Callback)
    HAL_FDCAN_Start                          0x08002df3   Thumb Code    44  stm32g4xx_hal_fdcan.o(i.HAL_FDCAN_Start)
    HAL_FDCAN_TimeoutOccurredCallback        0x08002e1f   Thumb Code     2  stm32g4xx_hal_fdcan.o(i.HAL_FDCAN_TimeoutOccurredCallback)
    HAL_FDCAN_TimestampWraparoundCallback    0x08002e21   Thumb Code     2  stm32g4xx_hal_fdcan.o(i.HAL_FDCAN_TimestampWraparoundCallback)
    HAL_FDCAN_TxBufferAbortCallback          0x08002e23   Thumb Code     2  stm32g4xx_hal_fdcan.o(i.HAL_FDCAN_TxBufferAbortCallback)
    HAL_FDCAN_TxBufferCompleteCallback       0x08002e25   Thumb Code     2  stm32g4xx_hal_fdcan.o(i.HAL_FDCAN_TxBufferCompleteCallback)
    HAL_FDCAN_TxEventFifoCallback            0x08002e27   Thumb Code     2  stm32g4xx_hal_fdcan.o(i.HAL_FDCAN_TxEventFifoCallback)
    HAL_FDCAN_TxFifoEmptyCallback            0x08002e29   Thumb Code     2  stm32g4xx_hal_fdcan.o(i.HAL_FDCAN_TxFifoEmptyCallback)
    HAL_GPIO_Init                            0x08002e2d   Thumb Code   174  can_rcc.o(i.HAL_GPIO_Init)
    HAL_NVIC_EnableIRQ                       0x08002edb   Thumb Code    26  can_rcc.o(i.HAL_NVIC_EnableIRQ)
    HAL_NVIC_SetPriority                     0x08002ef5   Thumb Code    84  can_rcc.o(i.HAL_NVIC_SetPriority)
    HAL_RCCEx_PeriphCLKConfig                0x08002f4d   Thumb Code   250  can_rcc.o(i.HAL_RCCEx_PeriphCLKConfig)
    HardFault_Handler                        0x08003051   Thumb Code     2  stm32g4xx_it.o(i.HardFault_Handler)
    LED_loop                                 0x08003055   Thumb Code   136  led.o(i.LED_loop)
    LL_ADC_CommonInit                        0x080030f5   Thumb Code    72  stm32g4xx_ll_adc.o(i.LL_ADC_CommonInit)
    LL_ADC_INJ_Init                          0x08003145   Thumb Code    66  stm32g4xx_ll_adc.o(i.LL_ADC_INJ_Init)
    LL_ADC_Init                              0x080031a1   Thumb Code    42  stm32g4xx_ll_adc.o(i.LL_ADC_Init)
    LL_ADC_REG_Init                          0x080031cd   Thumb Code    78  stm32g4xx_ll_adc.o(i.LL_ADC_REG_Init)
    LL_GPIO_Init                             0x080032e1   Thumb Code   310  stm32g4xx_ll_gpio.o(i.LL_GPIO_Init)
    LL_Init1msTick                           0x08003417   Thumb Code    26  stm32g4xx_ll_utils.o(i.LL_Init1msTick)
    LL_RCC_GetUARTClockFreq                  0x08003431   Thumb Code    84  stm32g4xx_ll_rcc.o(i.LL_RCC_GetUARTClockFreq)
    LL_RCC_GetUSARTClockFreq                 0x0800348d   Thumb Code   172  stm32g4xx_ll_rcc.o(i.LL_RCC_GetUSARTClockFreq)
    LL_SPI_Init                              0x08003595   Thumb Code   118  stm32g4xx_ll_spi.o(i.LL_SPI_Init)
    LL_SetSystemCoreClock                    0x0800360d   Thumb Code     6  stm32g4xx_ll_utils.o(i.LL_SetSystemCoreClock)
    LL_TIM_BDTR_Init                         0x08003619   Thumb Code   112  stm32g4xx_ll_tim.o(i.LL_TIM_BDTR_Init)
    LL_TIM_Init                              0x08003691   Thumb Code   144  stm32g4xx_ll_tim.o(i.LL_TIM_Init)
    LL_TIM_OC_Init                           0x08003825   Thumb Code   302  stm32g4xx_ll_tim.o(i.LL_TIM_OC_Init)
    LL_USART_Init                            0x08003971   Thumb Code   206  stm32g4xx_ll_usart.o(i.LL_USART_Init)
    MX_ADC1_Init                             0x08003a59   Thumb Code   310  adc.o(i.MX_ADC1_Init)
    MX_ADC2_Init                             0x08003bb9   Thumb Code   342  adc.o(i.MX_ADC2_Init)
    MX_FDCAN1_Init                           0x08003d41   Thumb Code   118  can.o(i.MX_FDCAN1_Init)
    MX_GPIO_Init                             0x08003dc1   Thumb Code   198  gpio.o(i.MX_GPIO_Init)
    MX_SPI1_Init                             0x08003e91   Thumb Code   198  spi.o(i.MX_SPI1_Init)
    MX_SPI2_Init                             0x08003f61   Thumb Code   202  spi.o(i.MX_SPI2_Init)
    MX_TIM1_Init                             0x08004039   Thumb Code   400  tim.o(i.MX_TIM1_Init)
    MX_TIM6_Init                             0x080041d9   Thumb Code   146  tim.o(i.MX_TIM6_Init)
    MX_USART2_UART_Init                      0x08004281   Thumb Code   316  usart.o(i.MX_USART2_UART_Init)
    MemManage_Handler                        0x080043d1   Thumb Code     2  stm32g4xx_it.o(i.MemManage_Handler)
    NMI_Handler                              0x080043d3   Thumb Code     2  stm32g4xx_it.o(i.NMI_Handler)
    PWMC_switch_off_pwm                      0x0800467d   Thumb Code    44  foc_handle.o(i.PWMC_switch_off_pwm)
    PWMC_switch_on_pwm                       0x080046ad   Thumb Code    40  foc_handle.o(i.PWMC_switch_on_pwm)
    PendSV_Handler                           0x080046d9   Thumb Code     2  stm32g4xx_it.o(i.PendSV_Handler)
    SPI_RW_byte                              0x0800479d   Thumb Code    16  drv8323.o(i.SPI_RW_byte)
    SVC_Handler                              0x080047ad   Thumb Code     2  stm32g4xx_it.o(i.SVC_Handler)
    SYSTICK_delay_ms                         0x080047af   Thumb Code    22  systick.o(i.SYSTICK_delay_ms)
    SYSTICK_delay_us                         0x080047c5   Thumb Code    60  systick.o(i.SYSTICK_delay_us)
    SYSTICK_get_ms_since                     0x08004805   Thumb Code     8  systick.o(i.SYSTICK_get_ms_since)
    SYSTICK_get_tick                         0x08004811   Thumb Code     6  systick.o(i.SYSTICK_get_tick)
    SYSTICK_init                             0x0800481d   Thumb Code    68  systick.o(i.SYSTICK_init)
    SysTick_Handler                          0x0800486d   Thumb Code    10  stm32g4xx_it.o(i.SysTick_Handler)
    SystemClock_Config                       0x0800487d   Thumb Code   182  main.o(i.SystemClock_Config)
    SystemInit                               0x08004949   Thumb Code    12  system_stm32g4xx.o(i.SystemInit)
    TIM6_DAC_IRQHandler                      0x08004959   Thumb Code    58  stm32g4xx_it.o(i.TIM6_DAC_IRQHandler)
    TRAJ_eval                                0x080049a9   Thumb Code   204  traptraj.o(i.TRAJ_eval)
    TRAJ_plan                                0x08004a81   Thumb Code   506  traptraj.o(i.TRAJ_plan)
    USART2_IRQHandler                        0x08004c91   Thumb Code    40  stm32g4xx_it.o(i.USART2_IRQHandler)
    USR_CONFIG_read_config                   0x08004cc9   Thumb Code    58  usr_config.o(i.USR_CONFIG_read_config)
    USR_CONFIG_save_config                   0x08004d0d   Thumb Code   140  usr_config.o(i.USR_CONFIG_save_config)
    USR_CONFIG_set_default_config            0x08004dd5   Thumb Code   164  usr_config.o(i.USR_CONFIG_set_default_config)
    UsageFault_Handler                       0x08004ea9   Thumb Code     2  stm32g4xx_it.o(i.UsageFault_Handler)
    __0printf                                0x08004ead   Thumb Code    22  printfa.o(i.__0printf)
    __1printf                                0x08004ead   Thumb Code     0  printfa.o(i.__0printf)
    __2printf                                0x08004ead   Thumb Code     0  printfa.o(i.__0printf)
    __c89printf                              0x08004ead   Thumb Code     0  printfa.o(i.__0printf)
    printf                                   0x08004ead   Thumb Code     0  printfa.o(i.__0printf)
    __aeabi_errno_addr                       0x08004f09   Thumb Code     4  errno.o(i.__aeabi_errno_addr)
    __rt_errno_addr                          0x08004f09   Thumb Code     0  errno.o(i.__aeabi_errno_addr)
    __hardfp_atof                            0x08004f11   Thumb Code    44  atof.o(i.__hardfp_atof)
    __hardfp_fmax                            0x08004f49   Thumb Code   116  fmax.o(i.__hardfp_fmax)
    __hardfp_fmodf                           0x08004fbd   Thumb Code   176  fmodf.o(i.__hardfp_fmodf)
    __hardfp_round                           0x08005071   Thumb Code   194  round.o(i.__hardfp_round)
    __hardfp_sqrtf                           0x08005151   Thumb Code    58  sqrtf.o(i.__hardfp_sqrtf)
    __mathlib_flt_invalid                    0x0800518d   Thumb Code    10  funder.o(i.__mathlib_flt_invalid)
    __read_errno                             0x0800519d   Thumb Code     6  errno.o(i.__read_errno)
    __scatterload_copy                       0x080051a9   Thumb Code    14  handlers.o(i.__scatterload_copy)
    __scatterload_null                       0x080051b7   Thumb Code     2  handlers.o(i.__scatterload_null)
    __scatterload_zeroinit                   0x080051b9   Thumb Code    14  handlers.o(i.__scatterload_zeroinit)
    __set_errno                              0x080051c9   Thumb Code     6  errno.o(i.__set_errno)
    _is_digit                                0x08005359   Thumb Code    14  scanf_fp.o(i._is_digit)
    apply_voltage_timings                    0x08005a71   Thumb Code   190  foc_handle.o(i.apply_voltage_timings)
    can_send                                 0x08005c7d   Thumb Code    44  can.o(i.can_send)
    crc32                                    0x08005d51   Thumb Code    34  util.o(i.crc32)
    fputc                                    0x080062d1   Thumb Code    18  usart.o(i.fputc)
    main                                     0x08006339   Thumb Code   494  main.o(i.main)
    pll_speed_estimator_rad_init             0x080065d9   Thumb Code    50  pll.o(i.pll_speed_estimator_rad_init)
    pll_speed_estimator_rad_update           0x08006611   Thumb Code   118  pll.o(i.pll_speed_estimator_rad_update)
    print_can_data                           0x0800668d   Thumb Code    62  can.o(i.print_can_data)
    spi_transmit_receive_spi1                0x08007785   Thumb Code    84  drv8323.o(i.spi_transmit_receive_spi1)
    AHBPrescTable                            0x08007e10   Data          16  system_stm32g4xx.o(.constdata)
    APBPrescTable                            0x08007e20   Data           8  system_stm32g4xx.o(.constdata)
    __ctype_table                            0x08007e58   Data         129  ctype_o.o(.constdata)
    Region$$Table$$Base                      0x08007f3c   Number         0  anon$$obj.o(Region$$Table)
    Region$$Table$$Limit                     0x08007f5c   Number         0  anon$$obj.o(Region$$Table)
    SysTickCnt                               0x20000000   Data           4  systick.o(.data)
    Tim6Cnt                                  0x20000004   Data           4  systick.o(.data)
    err_flag                                 0x20000040   Data           1  fsm.o(.data)
    vdata                                    0x2000004c   Data           4  fsm.o(.data)
    Fsm                                      0x20000050   Data          68  fsm.o(.data)
    rx_len                                   0x200000d0   Data           2  usart.o(.data)
    rx_flag                                  0x200000d2   Data           1  usart.o(.data)
    rx_timeout                               0x200000d4   Data           4  usart.o(.data)
    can_rx_id                                0x200000dc   Data           4  can.o(.data)
    can_rx_len                               0x200000e0   Data           4  can.o(.data)
    rx_data                                  0x200000e4   Data           8  can.o(.data)
    SystemCoreClock                          0x200000ec   Data           4  system_stm32g4xx.o(.data)
    __stdout                                 0x200000f0   Data           4  stdout.o(.data)
    Encoder                                  0x200000f8   Data         212  foc_encoder.o(.bss)
    UsrConfig                                0x200001cc   Data         380  usr_config.o(.bss)
    Foc                                      0x20000348   Data          84  foc_handle.o(.bss)
    Controller                               0x20003f9c   Data          20  controller.o(.bss)
    Traj                                     0x20003fb0   Data          24  traptraj.o(.bss)
    Pll                                      0x20003fc8   Data          32  pll.o(.bss)
    rx_buf                                   0x20003fe8   Data         128  usart.o(.bss)
    hfdcan1                                  0x20004068   Data         100  can.o(.bss)
    __initial_sp                             0x200044d0   Data           0  startup_stm32g431xx.o(STACK)



==============================================================================

Memory Map of the image

  Image Entry point : 0x080001d9

  Load Region LR_IROM1 (Base: 0x08000000, Size: 0x00008054, Max: 0x0001c000, ABSOLUTE)

    Execution Region ER_IROM1 (Exec base: 0x08000000, Load base: 0x08000000, Size: 0x00007f5c, Max: 0x0001c000, ABSOLUTE)

    Exec Addr    Load Addr    Size         Type   Attr      Idx    E Section Name        Object

    0x08000000   0x08000000   0x000001d8   Data   RO            3    RESET               startup_stm32g431xx.o
    0x080001d8   0x080001d8   0x00000000   Code   RO         2739  * .ARM.Collect$$$$00000000  mc_w.l(entry.o)
    0x080001d8   0x080001d8   0x00000004   Code   RO         3033    .ARM.Collect$$$$00000001  mc_w.l(entry2.o)
    0x080001dc   0x080001dc   0x00000004   Code   RO         3036    .ARM.Collect$$$$00000004  mc_w.l(entry5.o)
    0x080001e0   0x080001e0   0x00000000   Code   RO         3038    .ARM.Collect$$$$00000008  mc_w.l(entry7b.o)
    0x080001e0   0x080001e0   0x00000000   Code   RO         3040    .ARM.Collect$$$$0000000A  mc_w.l(entry8b.o)
    0x080001e0   0x080001e0   0x00000008   Code   RO         3041    .ARM.Collect$$$$0000000B  mc_w.l(entry9a.o)
    0x080001e8   0x080001e8   0x00000004   Code   RO         3048    .ARM.Collect$$$$0000000E  mc_w.l(entry12b.o)
    0x080001ec   0x080001ec   0x00000000   Code   RO         3043    .ARM.Collect$$$$0000000F  mc_w.l(entry10a.o)
    0x080001ec   0x080001ec   0x00000000   Code   RO         3045    .ARM.Collect$$$$00000011  mc_w.l(entry11a.o)
    0x080001ec   0x080001ec   0x00000004   Code   RO         3034    .ARM.Collect$$$$00002712  mc_w.l(entry2.o)
    0x080001f0   0x080001f0   0x00000024   Code   RO            4    .text               startup_stm32g431xx.o
    0x08000214   0x08000214   0x00000024   Code   RO         2742    .text               mc_w.l(memcpya.o)
    0x08000238   0x08000238   0x00000024   Code   RO         2744    .text               mc_w.l(memseta.o)
    0x0800025c   0x0800025c   0x0000001a   Code   RO         2746    .text               mc_w.l(memcmp.o)
    0x08000276   0x08000276   0x0000001a   Code   RO         3011    .text               mc_w.l(atoi.o)
    0x08000290   0x08000290   0x0000003e   Code   RO         3013    .text               mf_w.l(dfixi.o)
    0x080002ce   0x080002ce   0x00000026   Code   RO         3015    .text               mf_w.l(f2d.o)
    0x080002f4   0x080002f4   0x00000038   Code   RO         3017    .text               mf_w.l(d2f.o)
    0x0800032c   0x0800032c   0x0000002c   Code   RO         3050    .text               mc_w.l(uidiv.o)
    0x08000358   0x08000358   0x00000062   Code   RO         3052    .text               mc_w.l(uldiv.o)
    0x080003ba   0x080003ba   0x00000020   Code   RO         3054    .text               mc_w.l(llushr.o)
    0x080003da   0x080003da   0x00000002   PAD
    0x080003dc   0x080003dc   0x0000009c   Code   RO         3063    .text               mc_w.l(strtod.o)
    0x08000478   0x08000478   0x00000070   Code   RO         3065    .text               mc_w.l(strtol.o)
    0x080004e8   0x080004e8   0x00000000   Code   RO         3067    .text               mc_w.l(iusefp.o)
    0x080004e8   0x080004e8   0x0000006e   Code   RO         3068    .text               mf_w.l(fepilogue.o)
    0x08000556   0x08000556   0x00000052   Code   RO         3070    .text               mf_w.l(frem.o)
    0x080005a8   0x080005a8   0x0000014e   Code   RO         3072    .text               mf_w.l(dadd.o)
    0x080006f6   0x080006f6   0x000000e4   Code   RO         3074    .text               mf_w.l(dmul.o)
    0x080007da   0x080007da   0x000000de   Code   RO         3076    .text               mf_w.l(ddiv.o)
    0x080008b8   0x080008b8   0x00000088   Code   RO         3078    .text               mf_w.l(drnd.o)
    0x08000940   0x08000940   0x00000030   Code   RO         3080    .text               mf_w.l(dfixul.o)
    0x08000970   0x08000970   0x00000030   Code   RO         3082    .text               mf_w.l(cdcmple.o)
    0x080009a0   0x080009a0   0x00000030   Code   RO         3084    .text               mf_w.l(cdrcmple.o)
    0x080009d0   0x080009d0   0x00000060   Code   RO         3086    .text               mf_w.l(dcmp4.o)
    0x08000a30   0x08000a30   0x00000024   Code   RO         3088    .text               mc_w.l(init.o)
    0x08000a54   0x08000a54   0x0000001e   Code   RO         3090    .text               mc_w.l(llshl.o)
    0x08000a72   0x08000a72   0x00000024   Code   RO         3092    .text               mc_w.l(llsshr.o)
    0x08000a96   0x08000a96   0x00000002   PAD
    0x08000a98   0x08000a98   0x00000008   Code   RO         3096    .text               mc_w.l(ctype_o.o)
    0x08000aa0   0x08000aa0   0x00000012   Code   RO         3118    .text               mc_w.l(isspace_o.o)
    0x08000ab2   0x08000ab2   0x00000002   PAD
    0x08000ab4   0x08000ab4   0x00000360   Code   RO         3124    .text               mc_w.l(scanf_fp.o)
    0x08000e14   0x08000e14   0x00000040   Code   RO         3128    .text               mc_w.l(_sgetc.o)
    0x08000e54   0x08000e54   0x0000009e   Code   RO         3130    .text               mc_w.l(_strtoul.o)
    0x08000ef2   0x08000ef2   0x000000ba   Code   RO         3132    .text               mf_w.l(depilogue.o)
    0x08000fac   0x08000fac   0x0000001c   Code   RO         3137    .text               mc_w.l(_chval.o)
    0x08000fc8   0x08000fc8   0x00000018   Code   RO         3139    .text               mf_w.l(dfltul.o)
    0x08000fe0   0x08000fe0   0x000000e8   Code   RO         1280    i.ADC1_2_IRQHandler  stm32g4xx_it.o
    0x080010c8   0x080010c8   0x00000002   Code   RO         1281    i.BusFault_Handler  stm32g4xx_it.o
    0x080010ca   0x080010ca   0x00000002   PAD
    0x080010cc   0x080010cc   0x0000000c   Code   RO          640    i.CALIBRATION_end   calibration.o
    0x080010d8   0x080010d8   0x0000065c   Code   RO          641    i.CALIBRATION_loop  calibration.o
    0x08001734   0x08001734   0x0000001c   Code   RO          642    i.CALIBRATION_start  calibration.o
    0x08001750   0x08001750   0x00000384   Code   RO          800    i.CONTROLLER_loop   controller.o
    0x08001ad4   0x08001ad4   0x00000018   Code   RO          801    i.CONTROLLER_move_to_pos  controller.o
    0x08001aec   0x08001aec   0x00000050   Code   RO          802    i.CONTROLLER_reset  controller.o
    0x08001b3c   0x08001b3c   0x0000000a   Code   RO           13    i.DRV8323_calibrate  drv8323.o
    0x08001b46   0x08001b46   0x0000001a   Code   RO           14    i.DRV8323_disable_gd  drv8323.o
    0x08001b60   0x08001b60   0x0000001a   Code   RO           15    i.DRV8323_enable_gd  drv8323.o
    0x08001b7a   0x08001b7a   0x00000028   Code   RO           16    i.DRV8323_getFault  drv8323.o
    0x08001ba2   0x08001ba2   0x00000006   Code   RO           17    i.DRV8323_read_FSR1  drv8323.o
    0x08001ba8   0x08001ba8   0x00000008   Code   RO           18    i.DRV8323_read_FSR2  drv8323.o
    0x08001bb0   0x08001bb0   0x0000001e   Code   RO           19    i.DRV8323_read_reg  drv8323.o
    0x08001bce   0x08001bce   0x00000100   Code   RO           20    i.DRV8323_reset     drv8323.o
    0x08001cce   0x08001cce   0x00000018   Code   RO           21    i.DRV8323_set_enable  drv8323.o
    0x08001ce6   0x08001ce6   0x0000003c   Code   RO           22    i.DRV8323_write_CSACR  drv8323.o
    0x08001d22   0x08001d22   0x0000003c   Code   RO           23    i.DRV8323_write_DCR  drv8323.o
    0x08001d5e   0x08001d5e   0x00000012   Code   RO           24    i.DRV8323_write_HSR  drv8323.o
    0x08001d70   0x08001d70   0x00000016   Code   RO           25    i.DRV8323_write_LSR  drv8323.o
    0x08001d86   0x08001d86   0x00000020   Code   RO           26    i.DRV8323_write_OCPCR  drv8323.o
    0x08001da6   0x08001da6   0x0000001e   Code   RO           27    i.DRV8323_write_reg  drv8323.o
    0x08001dc4   0x08001dc4   0x00000002   Code   RO         1282    i.DebugMon_Handler  stm32g4xx_it.o
    0x08001dc6   0x08001dc6   0x00000002   PAD
    0x08001dc8   0x08001dc8   0x000001bc   Code   RO          296    i.ENCODER_sample    foc_encoder.o
    0x08001f84   0x08001f84   0x00000020   Code   RO          297    i.Encoder_read      foc_encoder.o
    0x08001fa4   0x08001fa4   0x00000004   Code   RO          945    i.Error_Handler     main.o
    0x08001fa8   0x08001fa8   0x0000000c   Code   RO         1283    i.FDCAN1_IT0_IRQHandler  stm32g4xx_it.o
    0x08001fb4   0x08001fb4   0x00000070   Code   RO         1480    i.FDCAN_CopyMessageToRAM  stm32g4xx_hal_fdcan.o
    0x08002024   0x08002024   0x000000c8   Code   RO          405    i.FLASH_erase_page  flash.o
    0x080020ec   0x080020ec   0x0000001c   Code   RO          406    i.FLASH_lock        flash.o
    0x08002108   0x08002108   0x00000038   Code   RO          407    i.FLASH_program     flash.o
    0x08002140   0x08002140   0x00000028   Code   RO          408    i.FLASH_unlock      flash.o
    0x08002168   0x08002168   0x00000012   Code   RO          505    i.FOC_arm           foc_handle.o
    0x0800217a   0x0800217a   0x00000002   PAD
    0x0800217c   0x0800217c   0x000001d8   Code   RO          506    i.FOC_current       foc_handle.o
    0x08002354   0x08002354   0x00000012   Code   RO          507    i.FOC_disarm        foc_handle.o
    0x08002366   0x08002366   0x00000002   PAD
    0x08002368   0x08002368   0x0000001c   Code   RO          508    i.FOC_reset         foc_handle.o
    0x08002384   0x08002384   0x00000050   Code   RO          509    i.FOC_zero_current  foc_handle.o
    0x080023d4   0x080023d4   0x0000000c   Code   RO          698    i.FSM_get_stat      fsm.o
    0x080023e0   0x080023e0   0x000001f8   Code   RO          699    i.FSM_input         fsm.o
    0x080025d8   0x080025d8   0x00000144   Code   RO          700    i.FSM_loop          fsm.o
    0x0800271c   0x0800271c   0x000000e0   Code   RO         1482    i.HAL_FDCAN_ActivateNotification  stm32g4xx_hal_fdcan.o
    0x080027fc   0x080027fc   0x0000004a   Code   RO         1483    i.HAL_FDCAN_AddMessageToTxFifoQ  stm32g4xx_hal_fdcan.o
    0x08002846   0x08002846   0x0000005c   Code   RO         1485    i.HAL_FDCAN_ConfigFilter  stm32g4xx_hal_fdcan.o
    0x080028a2   0x080028a2   0x0000002c   Code   RO         1487    i.HAL_FDCAN_ConfigInterruptLines  stm32g4xx_hal_fdcan.o
    0x080028ce   0x080028ce   0x00000002   Code   RO         1506    i.HAL_FDCAN_ErrorCallback  stm32g4xx_hal_fdcan.o
    0x080028d0   0x080028d0   0x00000002   Code   RO         1507    i.HAL_FDCAN_ErrorStatusCallback  stm32g4xx_hal_fdcan.o
    0x080028d2   0x080028d2   0x00000002   PAD
    0x080028d4   0x080028d4   0x000000f0   Code   RO         1516    i.HAL_FDCAN_GetRxMessage  stm32g4xx_hal_fdcan.o
    0x080029c4   0x080029c4   0x00000002   Code   RO         1522    i.HAL_FDCAN_HighPriorityMessageCallback  stm32g4xx_hal_fdcan.o
    0x080029c6   0x080029c6   0x00000160   Code   RO         1523    i.HAL_FDCAN_IRQHandler  stm32g4xx_hal_fdcan.o
    0x08002b26   0x08002b26   0x00000002   PAD
    0x08002b28   0x08002b28   0x00000204   Code   RO         1524    i.HAL_FDCAN_Init    stm32g4xx_hal_fdcan.o
    0x08002d2c   0x08002d2c   0x0000008c   Code   RO         1386    i.HAL_FDCAN_MspInit  can.o
    0x08002db8   0x08002db8   0x00000038   Code   RO         1387    i.HAL_FDCAN_RxFifo0Callback  can.o
    0x08002df0   0x08002df0   0x00000002   Code   RO         1532    i.HAL_FDCAN_RxFifo1Callback  stm32g4xx_hal_fdcan.o
    0x08002df2   0x08002df2   0x0000002c   Code   RO         1533    i.HAL_FDCAN_Start   stm32g4xx_hal_fdcan.o
    0x08002e1e   0x08002e1e   0x00000002   Code   RO         1535    i.HAL_FDCAN_TimeoutOccurredCallback  stm32g4xx_hal_fdcan.o
    0x08002e20   0x08002e20   0x00000002   Code   RO         1536    i.HAL_FDCAN_TimestampWraparoundCallback  stm32g4xx_hal_fdcan.o
    0x08002e22   0x08002e22   0x00000002   Code   RO         1537    i.HAL_FDCAN_TxBufferAbortCallback  stm32g4xx_hal_fdcan.o
    0x08002e24   0x08002e24   0x00000002   Code   RO         1538    i.HAL_FDCAN_TxBufferCompleteCallback  stm32g4xx_hal_fdcan.o
    0x08002e26   0x08002e26   0x00000002   Code   RO         1539    i.HAL_FDCAN_TxEventFifoCallback  stm32g4xx_hal_fdcan.o
    0x08002e28   0x08002e28   0x00000002   Code   RO         1540    i.HAL_FDCAN_TxFifoEmptyCallback  stm32g4xx_hal_fdcan.o
    0x08002e2a   0x08002e2a   0x00000002   PAD
    0x08002e2c   0x08002e2c   0x000000ae   Code   RO         1866    i.HAL_GPIO_Init     can_rcc.o
    0x08002eda   0x08002eda   0x0000001a   Code   RO         1868    i.HAL_NVIC_EnableIRQ  can_rcc.o
    0x08002ef4   0x08002ef4   0x00000058   Code   RO         1869    i.HAL_NVIC_SetPriority  can_rcc.o
    0x08002f4c   0x08002f4c   0x00000104   Code   RO         1870    i.HAL_RCCEx_PeriphCLKConfig  can_rcc.o
    0x08003050   0x08003050   0x00000002   Code   RO         1284    i.HardFault_Handler  stm32g4xx_it.o
    0x08003052   0x08003052   0x00000002   PAD
    0x08003054   0x08003054   0x0000008c   Code   RO          601    i.LED_loop          led.o
    0x080030e0   0x080030e0   0x00000014   Code   RO          602    i.LED_set           led.o
    0x080030f4   0x080030f4   0x00000050   Code   RO         2141    i.LL_ADC_CommonInit  stm32g4xx_ll_adc.o
    0x08003144   0x08003144   0x00000042   Code   RO         2144    i.LL_ADC_INJ_Init   stm32g4xx_ll_adc.o
    0x08003186   0x08003186   0x0000001a   Code   RO         1051    i.LL_ADC_INJ_SetSequencerRanks  adc.o
    0x080031a0   0x080031a0   0x0000002a   Code   RO         2146    i.LL_ADC_Init       stm32g4xx_ll_adc.o
    0x080031ca   0x080031ca   0x00000002   PAD
    0x080031cc   0x080031cc   0x00000054   Code   RO         2147    i.LL_ADC_REG_Init   stm32g4xx_ll_adc.o
    0x08003220   0x08003220   0x0000001e   Code   RO         1052    i.LL_ADC_SetChannelSamplingTime  adc.o
    0x0800323e   0x0800323e   0x00000002   PAD
    0x08003240   0x08003240   0x00000020   Code   RO         1053    i.LL_ADC_SetChannelSingleDiff  adc.o
    0x08003260   0x08003260   0x00000020   Code   RO         1054    i.LL_ADC_SetGainCompensation  adc.o
    0x08003280   0x08003280   0x00000018   Code   RO          946    i.LL_ADC_StartCalibration  main.o
    0x08003298   0x08003298   0x00000018   Code   RO         1019    i.LL_AHB2_GRP1_EnableClock  gpio.o
    0x080032b0   0x080032b0   0x00000018   Code   RO         1055    i.LL_AHB2_GRP1_EnableClock  adc.o
    0x080032c8   0x080032c8   0x00000018   Code   RO         1136    i.LL_AHB2_GRP1_EnableClock  spi.o
    0x080032e0   0x080032e0   0x00000136   Code   RO         2091    i.LL_GPIO_Init      stm32g4xx_ll_gpio.o
    0x08003416   0x08003416   0x0000001a   Code   RO         1961    i.LL_Init1msTick    stm32g4xx_ll_utils.o
    0x08003430   0x08003430   0x0000005c   Code   RO         2566    i.LL_RCC_GetUARTClockFreq  stm32g4xx_ll_rcc.o
    0x0800348c   0x0800348c   0x000000b4   Code   RO         2567    i.LL_RCC_GetUSARTClockFreq  stm32g4xx_ll_rcc.o
    0x08003540   0x08003540   0x00000010   Code   RO         2569    i.LL_RCC_HSI_IsReady  stm32g4xx_ll_rcc.o
    0x08003550   0x08003550   0x00000010   Code   RO         2570    i.LL_RCC_LSE_IsReady  stm32g4xx_ll_rcc.o
    0x08003560   0x08003560   0x00000020   Code   RO         1056    i.LL_RCC_SetADCClockSource  adc.o
    0x08003580   0x08003580   0x00000014   Code   RO          947    i.LL_RCC_SetAHBPrescaler  main.o
    0x08003594   0x08003594   0x00000076   Code   RO         2275    i.LL_SPI_Init       stm32g4xx_ll_spi.o
    0x0800360a   0x0800360a   0x00000002   PAD
    0x0800360c   0x0800360c   0x0000000c   Code   RO         1967    i.LL_SetSystemCoreClock  stm32g4xx_ll_utils.o
    0x08003618   0x08003618   0x00000078   Code   RO         2367    i.LL_TIM_BDTR_Init  stm32g4xx_ll_tim.o
    0x08003690   0x08003690   0x000000ac   Code   RO         2376    i.LL_TIM_Init       stm32g4xx_ll_tim.o
    0x0800373c   0x0800373c   0x00000074   Code   RO         1177    i.LL_TIM_OC_DisableFast  tim.o
    0x080037b0   0x080037b0   0x00000074   Code   RO         1178    i.LL_TIM_OC_EnablePreload  tim.o
    0x08003824   0x08003824   0x0000014c   Code   RO         2377    i.LL_TIM_OC_Init    stm32g4xx_ll_tim.o
    0x08003970   0x08003970   0x000000e8   Code   RO         2505    i.LL_USART_Init     stm32g4xx_ll_usart.o
    0x08003a58   0x08003a58   0x00000160   Code   RO         1057    i.MX_ADC1_Init      adc.o
    0x08003bb8   0x08003bb8   0x00000188   Code   RO         1058    i.MX_ADC2_Init      adc.o
    0x08003d40   0x08003d40   0x00000080   Code   RO         1388    i.MX_FDCAN1_Init    can.o
    0x08003dc0   0x08003dc0   0x000000d0   Code   RO         1020    i.MX_GPIO_Init      gpio.o
    0x08003e90   0x08003e90   0x000000d0   Code   RO         1137    i.MX_SPI1_Init      spi.o
    0x08003f60   0x08003f60   0x000000d8   Code   RO         1138    i.MX_SPI2_Init      spi.o
    0x08004038   0x08004038   0x000001a0   Code   RO         1179    i.MX_TIM1_Init      tim.o
    0x080041d8   0x080041d8   0x000000a8   Code   RO         1180    i.MX_TIM6_Init      tim.o
    0x08004280   0x08004280   0x00000150   Code   RO         1226    i.MX_USART2_UART_Init  usart.o
    0x080043d0   0x080043d0   0x00000002   Code   RO         1285    i.MemManage_Handler  stm32g4xx_it.o
    0x080043d2   0x080043d2   0x00000002   Code   RO         1286    i.NMI_Handler       stm32g4xx_it.o
    0x080043d4   0x080043d4   0x00000032   Code   RO         1059    i.NVIC_EncodePriority  adc.o
    0x08004406   0x08004406   0x00000002   PAD
    0x08004408   0x08004408   0x00000098   Code   RO         2380    i.OC1Config         stm32g4xx_ll_tim.o
    0x080044a0   0x080044a0   0x000000a0   Code   RO         2381    i.OC2Config         stm32g4xx_ll_tim.o
    0x08004540   0x08004540   0x0000009c   Code   RO         2382    i.OC3Config         stm32g4xx_ll_tim.o
    0x080045dc   0x080045dc   0x000000a0   Code   RO         2383    i.OC4Config         stm32g4xx_ll_tim.o
    0x0800467c   0x0800467c   0x00000030   Code   RO          510    i.PWMC_switch_off_pwm  foc_handle.o
    0x080046ac   0x080046ac   0x0000002c   Code   RO          511    i.PWMC_switch_on_pwm  foc_handle.o
    0x080046d8   0x080046d8   0x00000002   Code   RO         1287    i.PendSV_Handler    stm32g4xx_it.o
    0x080046da   0x080046da   0x00000002   PAD
    0x080046dc   0x080046dc   0x00000020   Code   RO         2573    i.RCC_GetHCLKClockFreq  stm32g4xx_ll_rcc.o
    0x080046fc   0x080046fc   0x00000020   Code   RO         2574    i.RCC_GetPCLK1ClockFreq  stm32g4xx_ll_rcc.o
    0x0800471c   0x0800471c   0x00000020   Code   RO         2575    i.RCC_GetPCLK2ClockFreq  stm32g4xx_ll_rcc.o
    0x0800473c   0x0800473c   0x00000060   Code   RO         2576    i.RCC_GetSystemClockFreq  stm32g4xx_ll_rcc.o
    0x0800479c   0x0800479c   0x00000010   Code   RO           28    i.SPI_RW_byte       drv8323.o
    0x080047ac   0x080047ac   0x00000002   Code   RO         1288    i.SVC_Handler       stm32g4xx_it.o
    0x080047ae   0x080047ae   0x00000016   Code   RO          219    i.SYSTICK_delay_ms  systick.o
    0x080047c4   0x080047c4   0x00000040   Code   RO          220    i.SYSTICK_delay_us  systick.o
    0x08004804   0x08004804   0x0000000c   Code   RO          221    i.SYSTICK_get_ms_since  systick.o
    0x08004810   0x08004810   0x0000000c   Code   RO          222    i.SYSTICK_get_tick  systick.o
    0x0800481c   0x0800481c   0x00000050   Code   RO          223    i.SYSTICK_init      systick.o
    0x0800486c   0x0800486c   0x00000010   Code   RO         1289    i.SysTick_Handler   stm32g4xx_it.o
    0x0800487c   0x0800487c   0x000000cc   Code   RO          948    i.SystemClock_Config  main.o
    0x08004948   0x08004948   0x00000010   Code   RO         1924    i.SystemInit        system_stm32g4xx.o
    0x08004958   0x08004958   0x00000050   Code   RO         1290    i.TIM6_DAC_IRQHandler  stm32g4xx_it.o
    0x080049a8   0x080049a8   0x000000d8   Code   RO          851    i.TRAJ_eval         traptraj.o
    0x08004a80   0x08004a80   0x00000210   Code   RO          852    i.TRAJ_plan         traptraj.o
    0x08004c90   0x08004c90   0x00000038   Code   RO         1291    i.USART2_IRQHandler  stm32g4xx_it.o
    0x08004cc8   0x08004cc8   0x00000044   Code   RO          351    i.USR_CONFIG_read_config  usr_config.o
    0x08004d0c   0x08004d0c   0x000000c8   Code   RO          352    i.USR_CONFIG_save_config  usr_config.o
    0x08004dd4   0x08004dd4   0x000000d4   Code   RO          353    i.USR_CONFIG_set_default_config  usr_config.o
    0x08004ea8   0x08004ea8   0x00000002   Code   RO         1292    i.UsageFault_Handler  stm32g4xx_it.o
    0x08004eaa   0x08004eaa   0x00000002   PAD
    0x08004eac   0x08004eac   0x00000020   Code   RO         2983    i.__0printf         mc_w.l(printfa.o)
    0x08004ecc   0x08004ecc   0x0000001a   Code   RO         1060    i.__NVIC_EnableIRQ  adc.o
    0x08004ee6   0x08004ee6   0x00000020   Code   RO         1061    i.__NVIC_SetPriority  adc.o
    0x08004f06   0x08004f06   0x00000002   PAD
    0x08004f08   0x08004f08   0x00000008   Code   RO         3056    i.__aeabi_errno_addr  mc_w.l(errno.o)
    0x08004f10   0x08004f10   0x00000038   Code   RO         2701    i.__hardfp_atof     m_wm.l(atof.o)
    0x08004f48   0x08004f48   0x00000074   Code   RO         2707    i.__hardfp_fmax     m_wm.l(fmax.o)
    0x08004fbc   0x08004fbc   0x000000b0   Code   RO         2711    i.__hardfp_fmodf    m_wm.l(fmodf.o)
    0x0800506c   0x0800506c   0x00000004   PAD
    0x08005070   0x08005070   0x000000e0   Code   RO         2723    i.__hardfp_round    m_wm.l(round.o)
    0x08005150   0x08005150   0x0000003a   Code   RO         2727    i.__hardfp_sqrtf    m_wm.l(sqrtf.o)
    0x0800518a   0x0800518a   0x00000002   PAD
    0x0800518c   0x0800518c   0x00000010   Code   RO         3022    i.__mathlib_flt_invalid  m_wm.l(funder.o)
    0x0800519c   0x0800519c   0x0000000c   Code   RO         3057    i.__read_errno      mc_w.l(errno.o)
    0x080051a8   0x080051a8   0x0000000e   Code   RO         3143    i.__scatterload_copy  mc_w.l(handlers.o)
    0x080051b6   0x080051b6   0x00000002   Code   RO         3144    i.__scatterload_null  mc_w.l(handlers.o)
    0x080051b8   0x080051b8   0x0000000e   Code   RO         3145    i.__scatterload_zeroinit  mc_w.l(handlers.o)
    0x080051c6   0x080051c6   0x00000002   PAD
    0x080051c8   0x080051c8   0x0000000c   Code   RO         3058    i.__set_errno       mc_w.l(errno.o)
    0x080051d4   0x080051d4   0x00000184   Code   RO         2990    i._fp_digits        mc_w.l(printfa.o)
    0x08005358   0x08005358   0x0000000e   Code   RO         3126    i._is_digit         mc_w.l(scanf_fp.o)
    0x08005366   0x08005366   0x00000002   PAD
    0x08005368   0x08005368   0x000006b4   Code   RO         2991    i._printf_core      mc_w.l(printfa.o)
    0x08005a1c   0x08005a1c   0x00000024   Code   RO         2992    i._printf_post_padding  mc_w.l(printfa.o)
    0x08005a40   0x08005a40   0x0000002e   Code   RO         2993    i._printf_pre_padding  mc_w.l(printfa.o)
    0x08005a6e   0x08005a6e   0x00000002   PAD
    0x08005a70   0x08005a70   0x000000d0   Code   RO          512    i.apply_voltage_timings  foc_handle.o
    0x08005b40   0x08005b40   0x0000007c   Code   RO         1389    i.can_motor_task    can.o
    0x08005bbc   0x08005bbc   0x000000c0   Code   RO         1390    i.can_rx_mit_command  can.o
    0x08005c7c   0x08005c7c   0x00000030   Code   RO         1391    i.can_send          can.o
    0x08005cac   0x08005cac   0x000000a4   Code   RO         1392    i.can_send_motor_info  can.o
    0x08005d50   0x08005d50   0x00000028   Code   RO          454    i.crc32             util.o
    0x08005d78   0x08005d78   0x00000178   Code   RO          701    i.debug_input_q     fsm.o
    0x08005ef0   0x08005ef0   0x0000017c   Code   RO          702    i.debug_input_w     fsm.o
    0x0800606c   0x0800606c   0x00000094   Code   RO          703    i.enter_state       fsm.o
    0x08006100   0x08006100   0x00000050   Code   RO          704    i.exit_state        fsm.o
    0x08006150   0x08006150   0x00000108   Code   RO          513    i.fast_sincos       foc_handle.o
    0x08006258   0x08006258   0x00000050   Code   RO          409    i.flash_wait_for_last_operation  flash.o
    0x080062a8   0x080062a8   0x00000028   Code   RO         1393    i.float_to_uint     can.o
    0x080062d0   0x080062d0   0x00000018   Code   RO         1228    i.fputc             usart.o
    0x080062e8   0x080062e8   0x00000050   Code   RO          514    i.inverse_park      foc_handle.o
    0x08006338   0x08006338   0x000002a0   Code   RO          949    i.main              main.o
    0x080065d8   0x080065d8   0x00000038   Code   RO          901    i.pll_speed_estimator_rad_init  pll.o
    0x08006610   0x08006610   0x0000007c   Code   RO          902    i.pll_speed_estimator_rad_update  pll.o
    0x0800668c   0x0800668c   0x00000088   Code   RO         1394    i.print_can_data    can.o
    0x08006714   0x08006714   0x00000134   Code   RO          705    i.print_menu        fsm.o
    0x08006848   0x08006848   0x0000059c   Code   RO          706    i.print_setup       fsm.o
    0x08006de4   0x08006de4   0x00000948   Code   RO          707    i.process_user_input  fsm.o
    0x0800772c   0x0800772c   0x00000058   Code   RO          298    i.spi_transmit_receive  foc_encoder.o
    0x08007784   0x08007784   0x00000058   Code   RO           29    i.spi_transmit_receive_spi1  drv8323.o
    0x080077dc   0x080077dc   0x000001ac   Code   RO          515    i.svm               foc_handle.o
    0x08007988   0x08007988   0x00000028   Code   RO         1395    i.uint_to_float     can.o
    0x080079b0   0x080079b0   0x0000003c   Code   RO          903    i.wrap_pm_pi        pll.o
    0x080079ec   0x080079ec   0x00000400   Data   RO          457    .constdata          util.o
    0x08007dec   0x08007dec   0x00000014   Data   RO         1181    .constdata          tim.o
    0x08007e00   0x08007e00   0x00000010   Data   RO         1541    .constdata          stm32g4xx_hal_fdcan.o
    0x08007e10   0x08007e10   0x00000010   Data   RO         1925    .constdata          system_stm32g4xx.o
    0x08007e20   0x08007e20   0x00000008   Data   RO         1926    .constdata          system_stm32g4xx.o
    0x08007e28   0x08007e28   0x00000030   Data   RO         2507    .constdata          stm32g4xx_ll_usart.o
    0x08007e58   0x08007e58   0x00000081   Data   RO         3097    .constdata          mc_w.l(ctype_o.o)
    0x08007ed9   0x08007ed9   0x00000003   PAD
    0x08007edc   0x08007edc   0x00000004   Data   RO         3098    .constdata          mc_w.l(ctype_o.o)
    0x08007ee0   0x08007ee0   0x0000005c   Data   RO          708    .conststring        fsm.o
    0x08007f3c   0x08007f3c   0x00000020   Data   RO         3141    Region$$Table       anon$$obj.o


    Execution Region RW_IRAM1 (Exec base: 0x20000000, Load base: 0x08007f5c, Size: 0x000044d0, Max: 0x00008000, ABSOLUTE)

    Exec Addr    Load Addr    Size         Type   Attr      Idx    E Section Name        Object

    0x20000000   0x08007f5c   0x00000008   Data   RW          226    .data               systick.o
    0x20000008   0x08007f64   0x00000008   Data   RW          603    .data               led.o
    0x20000010   0x08007f6c   0x00000030   Data   RW          644    .data               calibration.o
    0x20000040   0x08007f9c   0x00000054   Data   RW          709    .data               fsm.o
    0x20000094   0x08007ff0   0x00000014   Data   RW          804    .data               controller.o
    0x200000a8   0x08008004   0x00000028   Data   RW          855    .data               traptraj.o
    0x200000d0   0x0800802c   0x00000002   Data   RW         1230    .data               usart.o
    0x200000d2   0x0800802e   0x00000001   Data   RW         1231    .data               usart.o
    0x200000d3   0x0800802f   0x00000001   PAD
    0x200000d4   0x08008030   0x00000004   Data   RW         1232    .data               usart.o
    0x200000d8   0x08008034   0x00000014   Data   RW         1397    .data               can.o
    0x200000ec   0x08008048   0x00000004   Data   RW         1927    .data               system_stm32g4xx.o
    0x200000f0   0x0800804c   0x00000004   Data   RW         3049    .data               mc_w.l(stdout.o)
    0x200000f4   0x08008050   0x00000004   Data   RW         3059    .data               mc_w.l(errno.o)
    0x200000f8        -       0x000000d4   Zero   RW          299    .bss                foc_encoder.o
    0x200001cc        -       0x0000017c   Zero   RW          354    .bss                usr_config.o
    0x20000348        -       0x00000054   Zero   RW          516    .bss                foc_handle.o
    0x2000039c        -       0x00003c00   Zero   RW          643    .bss                calibration.o
    0x20003f9c        -       0x00000014   Zero   RW          803    .bss                controller.o
    0x20003fb0        -       0x00000018   Zero   RW          854    .bss                traptraj.o
    0x20003fc8        -       0x00000020   Zero   RW          904    .bss                pll.o
    0x20003fe8        -       0x00000080   Zero   RW         1229    .bss                usart.o
    0x20004068        -       0x00000064   Zero   RW         1396    .bss                can.o
    0x200040cc   0x08008054   0x00000004   PAD
    0x200040d0        -       0x00000400   Zero   RW            1    STACK               startup_stm32g431xx.o


==============================================================================

Image component sizes


      Code (inc. data)   RO Data    RW Data    ZI Data      Debug   Object Name

      1028        106          0          0          0     124309   adc.o
      1668        272          0         48      15360       5635   calibration.o
      1068        178          0         20        100       9779   can.o
       548         14          0          0          0      34695   can_rcc.o
      1004         58          0         20         20       4235   controller.o
       752          4          0          0          0     490684   drv8323.o
       404         36          0          0          0       5663   flash.o
       564         32          0          0        212       6422   foc_encoder.o
      1688        124          0          0         84      56625   foc_handle.o
      5944       2966         92         84          0      61114   fsm.o
       232         16          0          0          0       6975   gpio.o
       160          8          0          8          0       3011   led.o
       924        210          0          0          0     212195   main.o
       240         22          0          0         32       4842   pll.o
       448         30          0          0          0      20010   spi.o
        36          8        472          0       1024        836   startup_stm32g431xx.o
      1718         28         16          0          0      16271   stm32g4xx_hal_fdcan.o
       412         86          0          0          0      95792   stm32g4xx_it.o
       272         14          0          0          0      79278   stm32g4xx_ll_adc.o
       310          0          0          0          0       7323   stm32g4xx_ll_gpio.o
       496         60          0          0          0      28561   stm32g4xx_ll_rcc.o
       118          0          0          0          0      17210   stm32g4xx_ll_spi.o
      1252        168          0          0          0      58566   stm32g4xx_ll_tim.o
       232         26         48          0          0      27312   stm32g4xx_ll_usart.o
        38          6          0          0          0       7161   stm32g4xx_ll_utils.o
        16          4         24          4          0       1127   system_stm32g4xx.o
       190         26          0          8          0      37893   systick.o
       816         50         20          0          0      78057   tim.o
       744         34          0         40         24       3178   traptraj.o
       360         26          0          7        128      52537   usart.o
       480        118          0          0        380      11850   usr_config.o
        40          6       1024          0          0       1228   util.o

    ----------------------------------------------------------------------
     24232       4736       1728        240      17368    1570374   Object Totals
         0          0         32          0          0          0   (incl. Generated)
        30          0          0          1          4          0   (incl. Padding)

    ----------------------------------------------------------------------

      Code (inc. data)   RO Data    RW Data    ZI Data      Debug   Library Member Name

        56         12          0          0          0        132   atof.o
       116          0          0          0          0        164   fmax.o
       176          0          0          0          0        168   fmodf.o
        16          6          0          0          0        116   funder.o
       224         30          0          0          0        172   round.o
        58          0          0          0          0        136   sqrtf.o
        28          0          0          0          0         68   _chval.o
        64          0          0          0          0         84   _sgetc.o
       158          0          0          0          0         92   _strtoul.o
        26          0          0          0          0         80   atoi.o
         8          4        133          0          0         68   ctype_o.o
         0          0          0          0          0          0   entry.o
         0          0          0          0          0          0   entry10a.o
         0          0          0          0          0          0   entry11a.o
         4          0          0          0          0          0   entry12b.o
         8          4          0          0          0          0   entry2.o
         4          0          0          0          0          0   entry5.o
         0          0          0          0          0          0   entry7b.o
         0          0          0          0          0          0   entry8b.o
         8          4          0          0          0          0   entry9a.o
        32         16          0          4          0        204   errno.o
        30          0          0          0          0          0   handlers.o
        36          8          0          0          0         68   init.o
        18          0          0          0          0         76   isspace_o.o
         0          0          0          0          0          0   iusefp.o
        30          0          0          0          0         68   llshl.o
        36          0          0          0          0         68   llsshr.o
        32          0          0          0          0         68   llushr.o
        26          0          0          0          0         80   memcmp.o
        36          0          0          0          0         68   memcpya.o
        36          0          0          0          0        108   memseta.o
      2218         90          0          0          0        464   printfa.o
       878         12          0          0          0        216   scanf_fp.o
         0          0          0          4          0          0   stdout.o
       156         12          0          0          0        120   strtod.o
       112          0          0          0          0         88   strtol.o
        44          0          0          0          0         80   uidiv.o
        98          0          0          0          0         92   uldiv.o
        48          0          0          0          0         68   cdcmple.o
        48          0          0          0          0         68   cdrcmple.o
        56          0          0          0          0         88   d2f.o
       334          0          0          0          0        148   dadd.o
        96          0          0          0          0         80   dcmp4.o
       222          0          0          0          0        100   ddiv.o
       186          0          0          0          0        176   depilogue.o
        62          0          0          0          0         80   dfixi.o
        48          0          0          0          0         68   dfixul.o
        24          0          0          0          0         76   dfltul.o
       228          0          0          0          0         96   dmul.o
       136          4          0          0          0         92   drnd.o
        38          0          0          0          0         68   f2d.o
       110          0          0          0          0        168   fepilogue.o
        82          0          0          0          0         96   frem.o

    ----------------------------------------------------------------------
      6508        202        136          8          0       4620   Library Totals
        18          0          3          0          0          0   (incl. Padding)

    ----------------------------------------------------------------------

      Code (inc. data)   RO Data    RW Data    ZI Data      Debug   Library Name

       646         48          0          0          0        888   m_wm.l
      4126        150        133          8          0       2260   mc_w.l
      1718          4          0          0          0       1472   mf_w.l

    ----------------------------------------------------------------------
      6508        202        136          8          0       4620   Library Totals

    ----------------------------------------------------------------------

==============================================================================


      Code (inc. data)   RO Data    RW Data    ZI Data      Debug   

     30740       4938       1864        248      17368    1557122   Grand Totals
     30740       4938       1864        248      17368    1557122   ELF Image Totals
     30740       4938       1864        248          0          0   ROM Totals

==============================================================================

    Total RO  Size (Code + RO Data)                32604 (  31.84kB)
    Total RW  Size (RW Data + ZI Data)             17616 (  17.20kB)
    Total ROM Size (Code + RO Data + RW Data)      32852 (  32.08kB)

==============================================================================

