Component: ARM Compiler 5.06 update 7 (build 960) Tool: armlink [4d3601]

==============================================================================

Section Cross References

    startup_stm32g431xx.o(RESET) refers to startup_stm32g431xx.o(STACK) for __initial_sp
    startup_stm32g431xx.o(RESET) refers to startup_stm32g431xx.o(.text) for Reset_Handler
    startup_stm32g431xx.o(RESET) refers to stm32g4xx_it.o(i.NMI_Handler) for NMI_Handler
    startup_stm32g431xx.o(RESET) refers to stm32g4xx_it.o(i.HardFault_Handler) for HardFault_Handler
    startup_stm32g431xx.o(RESET) refers to stm32g4xx_it.o(i.MemManage_Handler) for MemManage_Handler
    startup_stm32g431xx.o(RESET) refers to stm32g4xx_it.o(i.BusFault_Handler) for BusFault_Handler
    startup_stm32g431xx.o(RESET) refers to stm32g4xx_it.o(i.UsageFault_Handler) for UsageFault_Handler
    startup_stm32g431xx.o(RESET) refers to stm32g4xx_it.o(i.SVC_Handler) for SVC_Handler
    startup_stm32g431xx.o(RESET) refers to stm32g4xx_it.o(i.DebugMon_Handler) for DebugMon_Handler
    startup_stm32g431xx.o(RESET) refers to stm32g4xx_it.o(i.PendSV_Handler) for PendSV_Handler
    startup_stm32g431xx.o(RESET) refers to stm32g4xx_it.o(i.SysTick_Handler) for SysTick_Handler
    startup_stm32g431xx.o(RESET) refers to stm32g4xx_it.o(i.ADC1_2_IRQHandler) for ADC1_2_IRQHandler
    startup_stm32g431xx.o(RESET) refers to stm32g4xx_it.o(i.USART2_IRQHandler) for USART2_IRQHandler
    startup_stm32g431xx.o(RESET) refers to stm32g4xx_it.o(i.TIM6_DAC_IRQHandler) for TIM6_DAC_IRQHandler
    startup_stm32g431xx.o(.text) refers to system_stm32g4xx.o(i.SystemInit) for SystemInit
    startup_stm32g431xx.o(.text) refers to entry.o(.ARM.Collect$$$$00000000) for __main
    drv8323.o(i.DRV8323_calibrate) refers to drv8323.o(i.DRV8323_write_reg) for DRV8323_write_reg
    drv8323.o(i.DRV8323_disable_gd) refers to drv8323.o(i.DRV8323_read_reg) for DRV8323_read_reg
    drv8323.o(i.DRV8323_disable_gd) refers to drv8323.o(i.DRV8323_write_reg) for DRV8323_write_reg
    drv8323.o(i.DRV8323_enable_gd) refers to drv8323.o(i.DRV8323_read_reg) for DRV8323_read_reg
    drv8323.o(i.DRV8323_enable_gd) refers to drv8323.o(i.DRV8323_write_reg) for DRV8323_write_reg
    drv8323.o(i.DRV8323_getFault) refers to drv8323.o(i.DRV8323_read_FSR1) for DRV8323_read_FSR1
    drv8323.o(i.DRV8323_getFault) refers to systick.o(i.SYSTICK_delay_us) for SYSTICK_delay_us
    drv8323.o(i.DRV8323_getFault) refers to drv8323.o(i.DRV8323_read_FSR2) for DRV8323_read_FSR2
    drv8323.o(i.DRV8323_read_FSR1) refers to drv8323.o(i.DRV8323_read_reg) for DRV8323_read_reg
    drv8323.o(i.DRV8323_read_FSR2) refers to drv8323.o(i.DRV8323_read_reg) for DRV8323_read_reg
    drv8323.o(i.DRV8323_read_reg) refers to drv8323.o(i.SPI_RW_byte) for SPI_RW_byte
    drv8323.o(i.DRV8323_reset) refers to drv8323.o(i.DRV8323_set_enable) for DRV8323_set_enable
    drv8323.o(i.DRV8323_reset) refers to systick.o(i.SYSTICK_delay_us) for SYSTICK_delay_us
    drv8323.o(i.DRV8323_reset) refers to drv8323.o(i.DRV8323_calibrate) for DRV8323_calibrate
    drv8323.o(i.DRV8323_reset) refers to drv8323.o(i.DRV8323_write_DCR) for DRV8323_write_DCR
    drv8323.o(i.DRV8323_reset) refers to drv8323.o(i.DRV8323_write_HSR) for DRV8323_write_HSR
    drv8323.o(i.DRV8323_reset) refers to drv8323.o(i.DRV8323_write_LSR) for DRV8323_write_LSR
    drv8323.o(i.DRV8323_reset) refers to drv8323.o(i.DRV8323_write_CSACR) for DRV8323_write_CSACR
    drv8323.o(i.DRV8323_reset) refers to drv8323.o(i.DRV8323_write_OCPCR) for DRV8323_write_OCPCR
    drv8323.o(i.DRV8323_reset) refers to drv8323.o(i.DRV8323_read_reg) for DRV8323_read_reg
    drv8323.o(i.DRV8323_set_enable) refers to systick.o(i.SYSTICK_delay_ms) for SYSTICK_delay_ms
    drv8323.o(i.DRV8323_write_CSACR) refers to drv8323.o(i.DRV8323_write_reg) for DRV8323_write_reg
    drv8323.o(i.DRV8323_write_DCR) refers to drv8323.o(i.DRV8323_write_reg) for DRV8323_write_reg
    drv8323.o(i.DRV8323_write_HSR) refers to drv8323.o(i.DRV8323_write_reg) for DRV8323_write_reg
    drv8323.o(i.DRV8323_write_LSR) refers to drv8323.o(i.DRV8323_write_reg) for DRV8323_write_reg
    drv8323.o(i.DRV8323_write_OCPCR) refers to drv8323.o(i.DRV8323_write_reg) for DRV8323_write_reg
    drv8323.o(i.DRV8323_write_reg) refers to drv8323.o(i.spi_transmit_receive_spi1) for spi_transmit_receive_spi1
    drv8323.o(i.SPI_RW_byte) refers to drv8323.o(i.spi_transmit_receive_spi1) for spi_transmit_receive_spi1
    systick.o(i.SYSTICK_delay_ms) refers to systick.o(i.SYSTICK_delay_us) for SYSTICK_delay_us
    systick.o(i.SYSTICK_get_ms_since) refers to systick.o(.data) for .data
    systick.o(i.SYSTICK_get_tick) refers to systick.o(.data) for .data
    systick.o(i.get_tick) refers to systick.o(.data) for .data
    systick.o(i.get_tick_us) refers to systick.o(.data) for .data
    foc_encoder.o(i.ENCODER_sample) refers to foc_encoder.o(i.Encoder_read) for Encoder_read
    foc_encoder.o(i.ENCODER_sample) refers to fmodf.o(i.__hardfp_fmodf) for __hardfp_fmodf
[...]
    .text                                    0x08000556   Section        0  frem.o(.text)
    .text                                    0x080005a8   Section        0  dadd.o(.text)
    .text                                    0x080006f6   Section        0  dmul.o(.text)
    .text                                    0x080007da   Section        0  ddiv.o(.text)
    .text                                    0x080008b8   Section        0  drnd.o(.text)
    .text                                    0x08000940   Section        0  dfixul.o(.text)
    .text                                    0x08000970   Section       48  cdcmple.o(.text)
    .text                                    0x080009a0   Section       48  cdrcmple.o(.text)
    .text                                    0x080009d0   Section        0  dcmp4.o(.text)
    .text                                    0x08000a30   Section       36  init.o(.text)
    .text                                    0x08000a54   Section        0  llshl.o(.text)
    .text                                    0x08000a72   Section        0  llsshr.o(.text)
    .text                                    0x08000a98   Section        0  ctype_o.o(.text)
    .text                                    0x08000aa0   Section        0  isspace_o.o(.text)
    .text                                    0x08000ab4   Section        0  scanf_fp.o(.text)
    _fp_value                                0x08000ab5   Thumb Code   296  scanf_fp.o(.text)
    .text                                    0x08000e14   Section        0  _sgetc.o(.text)
    .text                                    0x08000e54   Section        0  _strtoul.o(.text)
    .text                                    0x08000ef2   Section        0  depilogue.o(.text)
    .text                                    0x08000fac   Section        0  _chval.o(.text)
    .text                                    0x08000fc8   Section        0  dfltul.o(.text)
    i.ADC1_2_IRQHandler                      0x08000fe0   Section        0  stm32g4xx_it.o(i.ADC1_2_IRQHandler)
    i.BusFault_Handler                       0x080010c8   Section        0  stm32g4xx_it.o(i.BusFault_Handler)
    i.CALIBRATION_end                        0x080010cc   Section        0  calibration.o(i.CALIBRATION_end)
    i.CALIBRATION_loop                       0x080010d8   Section        0  calibration.o(i.CALIBRATION_loop)
    i.CALIBRATION_start                      0x08001734   Section        0  calibration.o(i.CALIBRATION_start)
    i.CONTROLLER_loop                        0x08001750   Section        0  controller.o(i.CONTROLLER_loop)
    i.CONTROLLER_move_to_pos                 0x08001ab0   Section        0  controller.o(i.CONTROLLER_move_to_pos)
    i.CONTROLLER_reset                       0x08001ac8   Section        0  controller.o(i.CONTROLLER_reset)
    i.DRV8323_calibrate                      0x08001b10   Section        0  drv8323.o(i.DRV8323_calibrate)
    i.DRV8323_disable_gd                     0x08001b1a   Section        0  drv8323.o(i.DRV8323_disable_gd)
    i.DRV8323_enable_gd                      0x08001b34   Section        0  drv8323.o(i.DRV8323_enable_gd)
    i.DRV8323_getFault                       0x08001b4e   Section        0  drv8323.o(i.DRV8323_getFault)
    i.DRV8323_read_FSR1                      0x08001b76   Section        0  drv8323.o(i.DRV8323_read_FSR1)
    i.DRV8323_read_FSR2                      0x08001b7c   Section        0  drv8323.o(i.DRV8323_read_FSR2)
    i.DRV8323_read_reg                       0x08001b84   Section        0  drv8323.o(i.DRV8323_read_reg)
    i.DRV8323_reset                          0x08001ba2   Section        0  drv8323.o(i.DRV8323_reset)
    i.DRV8323_set_enable                     0x08001ca2   Section        0  drv8323.o(i.DRV8323_set_enable)
    i.DRV8323_write_CSACR                    0x08001cba   Section        0  drv8323.o(i.DRV8323_write_CSACR)
    i.DRV8323_write_DCR                      0x08001cf6   Section        0  drv8323.o(i.DRV8323_write_DCR)
    i.DRV8323_write_HSR                      0x08001d32   Section        0  drv8323.o(i.DRV8323_write_HSR)
    i.DRV8323_write_LSR                      0x08001d44   Section        0  drv8323.o(i.DRV8323_write_LSR)
    i.DRV8323_write_OCPCR                    0x08001d5a   Section        0  drv8323.o(i.DRV8323_write_OCPCR)
    i.DRV8323_write_reg                      0x08001d7a   Section        0  drv8323.o(i.DRV8323_write_reg)
    i.DebugMon_Handler                       0x08001d98   Section        0  stm32g4xx_it.o(i.DebugMon_Handler)
    i.ENCODER_sample                         0x08001d9c   Section        0  foc_encoder.o(i.ENCODER_sample)
    i.Encoder_read                           0x08001f58   Section        0  foc_encoder.o(i.Encoder_read)
    i.FLASH_erase_page                       0x08001f78   Section        0  flash.o(i.FLASH_erase_page)
    i.FLASH_lock                             0x08002040   Section        0  flash.o(i.FLASH_lock)
    i.FLASH_program                          0x0800205c   Section        0  flash.o(i.FLASH_program)
    i.FLASH_unlock                           0x08002094   Section        0  flash.o(i.FLASH_unlock)
    i.FOC_arm                                0x080020bc   Section        0  foc_handle.o(i.FOC_arm)
    i.FOC_current                            0x080020d0   Section        0  foc_handle.o(i.FOC_current)
    i.FOC_disarm                             0x080022a8   Section        0  foc_handle.o(i.FOC_disarm)
    i.FOC_reset                              0x080022bc   Section        0  foc_handle.o(i.FOC_reset)
    i.FOC_zero_current                       0x080022d8   Section        0  foc_handle.o(i.FOC_zero_current)
    i.FSM_get_stat                           0x08002328   Section        0  fsm.o(i.FSM_get_stat)
    i.FSM_input                              0x08002334   Section        0  fsm.o(i.FSM_input)
    i.FSM_loop                               0x08002520   Section        0  fsm.o(i.FSM_loop)
    i.HardFault_Handler                      0x0800264c   Section        0  stm32g4xx_it.o(i.HardFault_Handler)
    i.LED_loop                               0x08002650   Section        0  led.o(i.LED_loop)
    i.LED_set                                0x080026dc   Section        0  led.o(i.LED_set)
    LED_set                                  0x080026dd   Thumb Code    16  led.o(i.LED_set)
    i.LL_ADC_CommonInit                      0x080026f0   Section        0  stm32g4xx_ll_adc.o(i.LL_ADC_CommonInit)
    i.LL_ADC_INJ_Init                        0x08002740   Section        0  stm32g4xx_ll_adc.o(i.LL_ADC_INJ_Init)
    i.LL_ADC_INJ_SetSequencerRanks           0x08002782   Section        0  adc.o(i.LL_ADC_INJ_SetSequencerRanks)
    LL_ADC_INJ_SetSequencerRanks             0x08002783   Thumb Code    26  adc.o(i.LL_ADC_INJ_SetSequencerRanks)
    i.LL_ADC_Init                            0x0800279c   Section        0  stm32g4xx_ll_adc.o(i.LL_ADC_Init)
    i.LL_ADC_REG_Init                        0x080027c8   Section        0  stm32g4xx_ll_adc.o(i.LL_ADC_REG_Init)
    i.LL_ADC_SetChannelSamplingTime          0x0800281c   Section        0  adc.o(i.LL_ADC_SetChannelSamplingTime)
    LL_ADC_SetChannelSamplingTime            0x0800281d   Thumb Code    30  adc.o(i.LL_ADC_SetChannelSamplingTime)
    i.LL_ADC_SetChannelSingleDiff            0x0800283c   Section        0  adc.o(i.LL_ADC_SetChannelSingleDiff)
    LL_ADC_SetChannelSingleDiff              0x0800283d   Thumb Code    28  adc.o(i.LL_ADC_SetChannelSingleDiff)
    i.LL_ADC_SetGainCompensation             0x0800285c   Section        0  adc.o(i.LL_ADC_SetGainCompensation)
    LL_ADC_SetGainCompensation               0x0800285d   Thumb Code    32  adc.o(i.LL_ADC_SetGainCompensation)
    i.LL_ADC_StartCalibration                0x0800287c   Section        0  main.o(i.LL_ADC_StartCalibration)
    LL_ADC_StartCalibration                  0x0800287d   Thumb Code    20  main.o(i.LL_ADC_StartCalibration)
    i.LL_AHB2_GRP1_EnableClock               0x08002894   Section        0  gpio.o(i.LL_AHB2_GRP1_EnableClock)
    LL_AHB2_GRP1_EnableClock                 0x08002895   Thumb Code    18  gpio.o(i.LL_AHB2_GRP1_EnableClock)
    i.LL_AHB2_GRP1_EnableClock               0x080028ac   Section        0  adc.o(i.LL_AHB2_GRP1_EnableClock)
    LL_AHB2_GRP1_EnableClock                 0x080028ad   Thumb Code    18  adc.o(i.LL_AHB2_GRP1_EnableClock)
    i.LL_AHB2_GRP1_EnableClock               0x080028c4   Section        0  spi.o(i.LL_AHB2_GRP1_EnableClock)
    LL_AHB2_GRP1_EnableClock                 0x080028c5   Thumb Code    18  spi.o(i.LL_AHB2_GRP1_EnableClock)
    i.LL_GPIO_Init                           0x080028dc   Section        0  stm32g4xx_ll_gpio.o(i.LL_GPIO_Init)
    i.LL_Init1msTick                         0x08002a12   Section        0  stm32g4xx_ll_utils.o(i.LL_Init1msTick)
    i.LL_RCC_GetUARTClockFreq                0x08002a2c   Section        0  stm32g4xx_ll_rcc.o(i.LL_RCC_GetUARTClockFreq)
    i.LL_RCC_GetUSARTClockFreq               0x08002a88   Section        0  stm32g4xx_ll_rcc.o(i.LL_RCC_GetUSARTClockFreq)
    i.LL_RCC_HSI_IsReady                     0x08002b3c   Section        0  stm32g4xx_ll_rcc.o(i.LL_RCC_HSI_IsReady)
    LL_RCC_HSI_IsReady                       0x08002b3d   Thumb Code    10  stm32g4xx_ll_rcc.o(i.LL_RCC_HSI_IsReady)
    i.LL_RCC_LSE_IsReady                     0x08002b4c   Section        0  stm32g4xx_ll_rcc.o(i.LL_RCC_LSE_IsReady)
    LL_RCC_LSE_IsReady                       0x08002b4d   Thumb Code    12  stm32g4xx_ll_rcc.o(i.LL_RCC_LSE_IsReady)
    i.LL_RCC_SetADCClockSource               0x08002b5c   Section        0  adc.o(i.LL_RCC_SetADCClockSource)
    LL_RCC_SetADCClockSource                 0x08002b5d   Thumb Code    28  adc.o(i.LL_RCC_SetADCClockSource)
    i.LL_RCC_SetAHBPrescaler                 0x08002b7c   Section        0  main.o(i.LL_RCC_SetAHBPrescaler)
    LL_RCC_SetAHBPrescaler                   0x08002b7d   Thumb Code    14  main.o(i.LL_RCC_SetAHBPrescaler)
    i.LL_SPI_Init                            0x08002b90   Section        0  stm32g4xx_ll_spi.o(i.LL_SPI_Init)
    i.LL_SetSystemCoreClock                  0x08002c08   Section        0  stm32g4xx_ll_utils.o(i.LL_SetSystemCoreClock)
    i.LL_TIM_BDTR_Init                       0x08002c14   Section        0  stm32g4xx_ll_tim.o(i.LL_TIM_BDTR_Init)
    i.LL_TIM_Init                            0x08002c8c   Section        0  stm32g4xx_ll_tim.o(i.LL_TIM_Init)
    i.LL_TIM_OC_DisableFast                  0x08002d38   Section        0  tim.o(i.LL_TIM_OC_DisableFast)
    LL_TIM_OC_DisableFast                    0x08002d39   Thumb Code   110  tim.o(i.LL_TIM_OC_DisableFast)
    i.LL_TIM_OC_EnablePreload                0x08002dac   Section        0  tim.o(i.LL_TIM_OC_EnablePreload)
    LL_TIM_OC_EnablePreload                  0x08002dad   Thumb Code   110  tim.o(i.LL_TIM_OC_EnablePreload)
    i.LL_TIM_OC_Init                         0x08002e20   Section        0  stm32g4xx_ll_tim.o(i.LL_TIM_OC_Init)
    i.LL_USART_Init                          0x08002f6c   Section        0  stm32g4xx_ll_usart.o(i.LL_USART_Init)
    i.MX_ADC1_Init                           0x08003054   Section        0  adc.o(i.MX_ADC1_Init)
    i.MX_ADC2_Init                           0x080031b4   Section        0  adc.o(i.MX_ADC2_Init)
    i.MX_GPIO_Init                           0x0800333c   Section        0  gpio.o(i.MX_GPIO_Init)
    i.MX_SPI1_Init                           0x0800340c   Section        0  spi.o(i.MX_SPI1_Init)
    i.MX_SPI2_Init                           0x080034dc   Section        0  spi.o(i.MX_SPI2_Init)
    i.MX_TIM1_Init                           0x080035b4   Section        0  tim.o(i.MX_TIM1_Init)
    i.MX_TIM6_Init                           0x08003754   Section        0  tim.o(i.MX_TIM6_Init)
    i.MX_USART2_UART_Init                    0x080037e8   Section        0  usart.o(i.MX_USART2_UART_Init)
    i.MemManage_Handler                      0x08003928   Section        0  stm32g4xx_it.o(i.MemManage_Handler)
    i.NMI_Handler                            0x0800392a   Section        0  stm32g4xx_it.o(i.NMI_Handler)
    i.NVIC_EncodePriority                    0x0800392c   Section        0  adc.o(i.NVIC_EncodePriority)
    NVIC_EncodePriority                      0x0800392d   Thumb Code    50  adc.o(i.NVIC_EncodePriority)
    i.OC1Config                              0x08003960   Section        0  stm32g4xx_ll_tim.o(i.OC1Config)
    OC1Config                                0x08003961   Thumb Code   126  stm32g4xx_ll_tim.o(i.OC1Config)
    i.OC2Config                              0x080039f8   Section        0  stm32g4xx_ll_tim.o(i.OC2Config)
    OC2Config                                0x080039f9   Thumb Code   134  stm32g4xx_ll_tim.o(i.OC2Config)
    i.OC3Config                              0x08003a98   Section        0  stm32g4xx_ll_tim.o(i.OC3Config)
    OC3Config                                0x08003a99   Thumb Code   132  stm32g4xx_ll_tim.o(i.OC3Config)
    i.OC4Config                              0x08003b34   Section        0  stm32g4xx_ll_tim.o(i.OC4Config)
    OC4Config                                0x08003b35   Thumb Code   134  stm32g4xx_ll_tim.o(i.OC4Config)
    i.PWMC_switch_off_pwm                    0x08003bd4   Section        0  foc_handle.o(i.PWMC_switch_off_pwm)
    i.PWMC_switch_on_pwm                     0x08003c04   Section        0  foc_handle.o(i.PWMC_switch_on_pwm)
    i.PendSV_Handler                         0x08003c30   Section        0  stm32g4xx_it.o(i.PendSV_Handler)
    i.RCC_GetHCLKClockFreq                   0x08003c34   Section        0  stm32g4xx_ll_rcc.o(i.RCC_GetHCLKClockFreq)
    RCC_GetHCLKClockFreq                     0x08003c35   Thumb Code    22  stm32g4xx_ll_rcc.o(i.RCC_GetHCLKClockFreq)
    i.RCC_GetPCLK1ClockFreq                  0x08003c54   Section        0  stm32g4xx_ll_rcc.o(i.RCC_GetPCLK1ClockFreq)
    RCC_GetPCLK1ClockFreq                    0x08003c55   Thumb Code    24  stm32g4xx_ll_rcc.o(i.RCC_GetPCLK1ClockFreq)
    i.RCC_GetPCLK2ClockFreq                  0x08003c74   Section        0  stm32g4xx_ll_rcc.o(i.RCC_GetPCLK2ClockFreq)
    RCC_GetPCLK2ClockFreq                    0x08003c75   Thumb Code    24  stm32g4xx_ll_rcc.o(i.RCC_GetPCLK2ClockFreq)
    i.RCC_GetSystemClockFreq                 0x08003c94   Section        0  stm32g4xx_ll_rcc.o(i.RCC_GetSystemClockFreq)
    RCC_GetSystemClockFreq                   0x08003c95   Thumb Code    88  stm32g4xx_ll_rcc.o(i.RCC_GetSystemClockFreq)
    i.SPI_RW_byte                            0x08003cf4   Section        0  drv8323.o(i.SPI_RW_byte)
    i.SVC_Handler                            0x08003d04   Section        0  stm32g4xx_it.o(i.SVC_Handler)
    i.SYSTICK_delay_ms                       0x08003d06   Section        0  systick.o(i.SYSTICK_delay_ms)
    i.SYSTICK_delay_us                       0x08003d1c   Section        0  systick.o(i.SYSTICK_delay_us)
    i.SYSTICK_get_ms_since                   0x08003d5c   Section        0  systick.o(i.SYSTICK_get_ms_since)
    i.SYSTICK_get_tick                       0x08003d68   Section        0  systick.o(i.SYSTICK_get_tick)
    i.SYSTICK_init                           0x08003d74   Section        0  systick.o(i.SYSTICK_init)
    i.SysTick_Handler                        0x08003dc4   Section        0  stm32g4xx_it.o(i.SysTick_Handler)
    i.SystemClock_Config                     0x08003dd4   Section        0  main.o(i.SystemClock_Config)
    i.SystemInit                             0x08003ea0   Section        0  system_stm32g4xx.o(i.SystemInit)
    i.TIM6_DAC_IRQHandler                    0x08003eb0   Section        0  stm32g4xx_it.o(i.TIM6_DAC_IRQHandler)
    i.TRAJ_eval                              0x08003f00   Section        0  traptraj.o(i.TRAJ_eval)
    i.TRAJ_plan                              0x08003fd8   Section        0  traptraj.o(i.TRAJ_plan)
    i.USART2_IRQHandler                      0x080041e8   Section        0  stm32g4xx_it.o(i.USART2_IRQHandler)
    i.USR_CONFIG_read_config                 0x08004220   Section        0  usr_config.o(i.USR_CONFIG_read_config)
    i.USR_CONFIG_save_config                 0x08004254   Section        0  usr_config.o(i.USR_CONFIG_save_config)
    i.USR_CONFIG_set_default_config          0x0800431c   Section        0  usr_config.o(i.USR_CONFIG_set_default_config)
    i.UsageFault_Handler                     0x080043f0   Section        0  stm32g4xx_it.o(i.UsageFault_Handler)
    i.__0printf                              0x080043f4   Section        0  printfa.o(i.__0printf)
    i.__NVIC_EnableIRQ                       0x08004414   Section        0  adc.o(i.__NVIC_EnableIRQ)
    __NVIC_EnableIRQ                         0x08004415   Thumb Code    26  adc.o(i.__NVIC_EnableIRQ)
    i.__NVIC_SetPriority                     0x0800442e   Section        0  adc.o(i.__NVIC_SetPriority)
    __NVIC_SetPriority                       0x0800442f   Thumb Code    32  adc.o(i.__NVIC_SetPriority)
    i.__aeabi_errno_addr                     0x08004450   Section        0  errno.o(i.__aeabi_errno_addr)
    i.__hardfp_atof                          0x08004458   Section        0  atof.o(i.__hardfp_atof)
    i.__hardfp_fmax                          0x08004490   Section        0  fmax.o(i.__hardfp_fmax)
    i.__hardfp_fmodf                         0x08004504   Section        0  fmodf.o(i.__hardfp_fmodf)
    i.__hardfp_round                         0x080045b8   Section        0  round.o(i.__hardfp_round)
    i.__hardfp_sqrtf                         0x08004698   Section        0  sqrtf.o(i.__hardfp_sqrtf)
    i.__mathlib_flt_invalid                  0x080046d4   Section        0  funder.o(i.__mathlib_flt_invalid)
    i.__read_errno                           0x080046e4   Section        0  errno.o(i.__read_errno)
    i.__scatterload_copy                     0x080046f0   Section       14  handlers.o(i.__scatterload_copy)
    i.__scatterload_null                     0x080046fe   Section        2  handlers.o(i.__scatterload_null)
    i.__scatterload_zeroinit                 0x08004700   Section       14  handlers.o(i.__scatterload_zeroinit)
    i.__set_errno                            0x08004710   Section        0  errno.o(i.__set_errno)
    i._fp_digits                             0x0800471c   Section        0  printfa.o(i._fp_digits)
    _fp_digits                               0x0800471d   Thumb Code   366  printfa.o(i._fp_digits)
    i._is_digit                              0x080048a0   Section        0  scanf_fp.o(i._is_digit)
    i._printf_core                           0x080048b0   Section        0  printfa.o(i._printf_core)
    _printf_core                             0x080048b1   Thumb Code  1704  printfa.o(i._printf_core)
    i._printf_post_padding                   0x08004f64   Section        0  printfa.o(i._printf_post_padding)
    _printf_post_padding                     0x08004f65   Thumb Code    36  printfa.o(i._printf_post_padding)
    i._printf_pre_padding                    0x08004f88   Section        0  printfa.o(i._printf_pre_padding)
    _printf_pre_padding                      0x08004f89   Thumb Code    46  printfa.o(i._printf_pre_padding)
    i.apply_voltage_timings                  0x08004fb8   Section        0  foc_handle.o(i.apply_voltage_timings)
    i.crc32                                  0x08005088   Section        0  util.o(i.crc32)
    i.debug_input_q                          0x080050b0   Section        0  fsm.o(i.debug_input_q)
    debug_input_q                            0x080050b1   Thumb Code   206  fsm.o(i.debug_input_q)
    i.debug_input_w                          0x08005228   Section        0  fsm.o(i.debug_input_w)
    debug_input_w                            0x08005229   Thumb Code   206  fsm.o(i.debug_input_w)
    i.enter_state                            0x080053a4   Section        0  fsm.o(i.enter_state)
    enter_state                              0x080053a5   Thumb Code    94  fsm.o(i.enter_state)
    i.exit_state                             0x08005438   Section        0  fsm.o(i.exit_state)
    exit_state                               0x08005439   Thumb Code    50  fsm.o(i.exit_state)
    i.fast_sincos                            0x08005488   Section        0  foc_handle.o(i.fast_sincos)
    fast_sincos                              0x08005489   Thumb Code   236  foc_handle.o(i.fast_sincos)
    i.flash_wait_for_last_operation          0x08005590   Section        0  flash.o(i.flash_wait_for_last_operation)
    flash_wait_for_last_operation            0x08005591   Thumb Code    70  flash.o(i.flash_wait_for_last_operation)
    i.fputc                                  0x080055e0   Section        0  usart.o(i.fputc)
    i.inverse_park                           0x080055f8   Section        0  foc_handle.o(i.inverse_park)
    inverse_park                             0x080055f9   Thumb Code    80  foc_handle.o(i.inverse_park)
    i.main                                   0x08005648   Section        0  main.o(i.main)
    i.pll_speed_estimator_rad_init           0x080058e8   Section        0  pll.o(i.pll_speed_estimator_rad_init)
    i.pll_speed_estimator_rad_update         0x08005920   Section        0  pll.o(i.pll_speed_estimator_rad_update)
    i.print_menu                             0x0800599c   Section        0  fsm.o(i.print_menu)
    print_menu                               0x0800599d   Thumb Code    78  fsm.o(i.print_menu)
    i.print_setup                            0x08005ad0   Section        0  fsm.o(i.print_setup)
    print_setup                              0x08005ad1   Thumb Code   548  fsm.o(i.print_setup)
    i.process_user_input                     0x0800606c   Section        0  fsm.o(i.process_user_input)
    process_user_input                       0x0800606d   Thumb Code  2068  fsm.o(i.process_user_input)
    i.spi_transmit_receive                   0x080069b4   Section        0  foc_encoder.o(i.spi_transmit_receive)
    spi_transmit_receive                     0x080069b5   Thumb Code    84  foc_encoder.o(i.spi_transmit_receive)
    i.spi_transmit_receive_spi1              0x08006a0c   Section        0  drv8323.o(i.spi_transmit_receive_spi1)
    i.svm                                    0x08006a64   Section        0  foc_handle.o(i.svm)
    svm                                      0x08006a65   Thumb Code   412  foc_handle.o(i.svm)
    i.wrap_pm_pi                             0x08006c10   Section        0  pll.o(i.wrap_pm_pi)
    wrap_pm_pi                               0x08006c11   Thumb Code    50  pll.o(i.wrap_pm_pi)
    .constdata                               0x08006c4c   Section     1024  util.o(.constdata)
    crc32_table                              0x08006c4c   Data        1024  util.o(.constdata)
    .constdata                               0x0800704c   Section       20  tim.o(.constdata)
    OFFSET_TAB_CCMRx                         0x0800704c   Data          10  tim.o(.constdata)
    SHIFT_TAB_OCxx                           0x08007056   Data          10  tim.o(.constdata)
    .constdata                               0x08007060   Section       16  system_stm32g4xx.o(.constdata)
    .constdata                               0x08007070   Section        8  system_stm32g4xx.o(.constdata)
    .constdata                               0x08007078   Section       48  stm32g4xx_ll_usart.o(.constdata)
    USART_PRESCALER_TAB                      0x08007078   Data          48  stm32g4xx_ll_usart.o(.constdata)
    .constdata                               0x080070a8   Section      129  ctype_o.o(.constdata)
    .constdata                               0x0800712c   Section        4  ctype_o.o(.constdata)
    table                                    0x0800712c   Data           4  ctype_o.o(.constdata)
    .conststring                             0x08007130   Section       92  fsm.o(.conststring)
    .data                                    0x20000000   Section        8  systick.o(.data)
    .data                                    0x20000008   Section        8  led.o(.data)
    cnt                                      0x20000008   Data           2  led.o(.data)
    tick                                     0x2000000c   Data           4  led.o(.data)
    .data                                    0x20000010   Section       48  calibration.o(.data)
    mCalibStep                               0x20000010   Data           1  calibration.o(.data)
    mCalibError                              0x20000011   Data           1  calibration.o(.data)
    loop_count                               0x20000014   Data           4  calibration.o(.data)
    raw_offset                               0x20000018   Data           4  calibration.o(.data)
    sample_count                             0x2000001c   Data           4  calibration.o(.data)
    next_sample_time                         0x20000020   Data           4  calibration.o(.data)
    theta_ref                                0x20000024   Data           4  calibration.o(.data)
    start_position                           0x20000028   Data           4  calibration.o(.data)
    end_position                             0x2000002c   Data           4  calibration.o(.data)
    voltages                                 0x20000030   Data           8  calibration.o(.data)
    Ialphas                                  0x20000038   Data           8  calibration.o(.data)
    .data                                    0x20000040   Section       80  fsm.o(.data)
    mErrorCode                               0x20000040   Data           4  fsm.o(.data)
    mErrorCodeLast                           0x20000044   Data           4  fsm.o(.data)
    .data                                    0x20000090   Section       20  controller.o(.data)
    input_pos_updated                        0x20000090   Data           1  controller.o(.data)
    mPosSetPoint                             0x20000094   Data           4  controller.o(.data)
    mVelSetPoint                             0x20000098   Data           4  controller.o(.data)
    mCurrSetPoint                            0x2000009c   Data           4  controller.o(.data)
    vel_integrator                           0x200000a0   Data           4  controller.o(.data)
    .data                                    0x200000a4   Section       40  traptraj.o(.data)
    Xi_                                      0x200000a4   Data           4  traptraj.o(.data)
    Xf_                                      0x200000a8   Data           4  traptraj.o(.data)
    Vi_                                      0x200000ac   Data           4  traptraj.o(.data)
    Ar_                                      0x200000b0   Data           4  traptraj.o(.data)
    Vr_                                      0x200000b4   Data           4  traptraj.o(.data)
    Dr_                                      0x200000b8   Data           4  traptraj.o(.data)
    Ta_                                      0x200000bc   Data           4  traptraj.o(.data)
    Tv_                                      0x200000c0   Data           4  traptraj.o(.data)
    Td_                                      0x200000c4   Data           4  traptraj.o(.data)
    yAccel_                                  0x200000c8   Data           4  traptraj.o(.data)
    .data                                    0x200000cc   Section        2  usart.o(.data)
    .data                                    0x200000ce   Section        1  usart.o(.data)
    .data                                    0x200000d0   Section        4  usart.o(.data)
    .data                                    0x200000d4   Section        4  system_stm32g4xx.o(.data)
    .data                                    0x200000d8   Section        4  stdout.o(.data)
    .data                                    0x200000dc   Section        4  errno.o(.data)
    _errno                                   0x200000dc   Data           4  errno.o(.data)
    .bss                                     0x200000e0   Section      212  foc_encoder.o(.bss)
    .bss                                     0x200001b4   Section      380  usr_config.o(.bss)
    .bss                                     0x20000330   Section       80  foc_handle.o(.bss)
    .bss                                     0x20000380   Section    15360  calibration.o(.bss)
    p_error_arr                              0x20000380   Data       15360  calibration.o(.bss)
    .bss                                     0x20003f80   Section       12  controller.o(.bss)
    .bss                                     0x20003f8c   Section       24  traptraj.o(.bss)
    .bss                                     0x20003fa4   Section       32  pll.o(.bss)
    .bss                                     0x20003fc4   Section      128  usart.o(.bss)
    STACK                                    0x20004048   Section     1024  startup_stm32g431xx.o(STACK)

    Global Symbols

    Symbol Name                              Value     Ov Type        Size  Object(Section)

    BuildAttributes$$THM_ISAv4$E$P$D$K$B$S$7EM$VFPi3$EXTD16$VFPS$VFMA$PE$A:L22UL41UL21$X:L11$S22US41US21$IEEE1$IW$USESV6$~STKCKD$USESV7$~SHL$OTIME$ROPI$IEEEX$EBA8$MICROLIB$REQ8$PRES8$EABIv2 0x00000000   Number         0  anon$$obj.o ABSOLUTE
    __ARM_use_no_argv                        0x00000000   Number         0  main.o ABSOLUTE
    _printf_a                                0x00000000   Number         0  stubs.o ABSOLUTE
    _printf_c                                0x00000000   Number         0  stubs.o ABSOLUTE
    _printf_charcount                        0x00000000   Number         0  stubs.o ABSOLUTE
    _printf_d                                0x00000000   Number         0  stubs.o ABSOLUTE
    _printf_e                                0x00000000   Number         0  stubs.o ABSOLUTE
    _printf_f                                0x00000000   Number         0  stubs.o ABSOLUTE
    _printf_flags                            0x00000000   Number         0  stubs.o ABSOLUTE
    _printf_fp_dec                           0x00000000   Number         0  stubs.o ABSOLUTE
    _printf_fp_hex                           0x00000000   Number         0  stubs.o ABSOLUTE
    _printf_g                                0x00000000   Number         0  stubs.o ABSOLUTE
    _printf_i                                0x00000000   Number         0  stubs.o ABSOLUTE
    _printf_int_dec                          0x00000000   Number         0  stubs.o ABSOLUTE
    _printf_l                                0x00000000   Number         0  stubs.o ABSOLUTE
    _printf_lc                               0x00000000   Number         0  stubs.o ABSOLUTE
    _printf_ll                               0x00000000   Number         0  stubs.o ABSOLUTE
    _printf_lld                              0x00000000   Number         0  stubs.o ABSOLUTE
    _printf_lli                              0x00000000   Number         0  stubs.o ABSOLUTE
    _printf_llo                              0x00000000   Number         0  stubs.o ABSOLUTE
    _printf_llu                              0x00000000   Number         0  stubs.o ABSOLUTE
    _printf_llx                              0x00000000   Number         0  stubs.o ABSOLUTE
    _printf_longlong_dec                     0x00000000   Number         0  stubs.o ABSOLUTE
    _printf_longlong_hex                     0x00000000   Number         0  stubs.o ABSOLUTE
    _printf_longlong_oct                     0x00000000   Number         0  stubs.o ABSOLUTE
    _printf_ls                               0x00000000   Number         0  stubs.o ABSOLUTE
    _printf_mbtowc                           0x00000000   Number         0  stubs.o ABSOLUTE
    _printf_n                                0x00000000   Number         0  stubs.o ABSOLUTE
    _printf_o                                0x00000000   Number         0  stubs.o ABSOLUTE
    _printf_p                                0x00000000   Number         0  stubs.o ABSOLUTE
    _printf_percent                          0x00000000   Number         0  stubs.o ABSOLUTE
    _printf_pre_padding                      0x00000000   Number         0  stubs.o ABSOLUTE
    _printf_return_value                     0x00000000   Number         0  stubs.o ABSOLUTE
    _printf_s                                0x00000000   Number         0  stubs.o ABSOLUTE
    _printf_sizespec                         0x00000000   Number         0  stubs.o ABSOLUTE
    _printf_str                              0x00000000   Number         0  stubs.o ABSOLUTE
    _printf_truncate_signed                  0x00000000   Number         0  stubs.o ABSOLUTE
    _printf_truncate_unsigned                0x00000000   Number         0  stubs.o ABSOLUTE
    _printf_u                                0x00000000   Number         0  stubs.o ABSOLUTE
    _printf_wc                               0x00000000   Number         0  stubs.o ABSOLUTE
    _printf_wctomb                           0x00000000   Number         0  stubs.o ABSOLUTE
    _printf_widthprec                        0x00000000   Number         0  stubs.o ABSOLUTE
    _printf_x                                0x00000000   Number         0  stubs.o ABSOLUTE
    __arm_fini_                               - Undefined Weak Reference
    __cpp_initialize__aeabi_                  - Undefined Weak Reference
    __cxa_finalize                            - Undefined Weak Reference
    __decompress                              - Undefined Weak Reference
    _clock_init                               - Undefined Weak Reference
    _microlib_exit                            - Undefined Weak Reference
    __Vectors_Size                           0x000001d8   Number         0  startup_stm32g431xx.o ABSOLUTE
    __Vectors                                0x08000000   Data           4  startup_stm32g431xx.o(RESET)
    __Vectors_End                            0x080001d8   Data           0  startup_stm32g431xx.o(RESET)
    __main                                   0x080001d9   Thumb Code     0  entry.o(.ARM.Collect$$$$00000000)
    _main_stk                                0x080001d9   Thumb Code     0  entry2.o(.ARM.Collect$$$$00000001)
    _main_scatterload                        0x080001dd   Thumb Code     0  entry5.o(.ARM.Collect$$$$00000004)
    __main_after_scatterload                 0x080001e1   Thumb Code     0  entry5.o(.ARM.Collect$$$$00000004)
    _main_clock                              0x080001e1   Thumb Code     0  entry7b.o(.ARM.Collect$$$$00000008)
    _main_cpp_init                           0x080001e1   Thumb Code     0  entry8b.o(.ARM.Collect$$$$0000000A)
    _main_init                               0x080001e1   Thumb Code     0  entry9a.o(.ARM.Collect$$$$0000000B)
    __rt_lib_shutdown_fini                   0x080001e9   Thumb Code     0  entry12b.o(.ARM.Collect$$$$0000000E)
    __rt_final_cpp                           0x080001ed   Thumb Code     0  entry10a.o(.ARM.Collect$$$$0000000F)
    __rt_final_exit                          0x080001ed   Thumb Code     0  entry11a.o(.ARM.Collect$$$$00000011)
    Reset_Handler                            0x080001f1   Thumb Code     8  startup_stm32g431xx.o(.text)
    COMP1_2_3_IRQHandler                     0x0800020b   Thumb Code     0  startup_stm32g431xx.o(.text)
    COMP4_IRQHandler                         0x0800020b   Thumb Code     0  startup_stm32g431xx.o(.text)
    CORDIC_IRQHandler                        0x0800020b   Thumb Code     0  startup_stm32g431xx.o(.text)
    CRS_IRQHandler                           0x0800020b   Thumb Code     0  startup_stm32g431xx.o(.text)
    DMA1_Channel1_IRQHandler                 0x0800020b   Thumb Code     0  startup_stm32g431xx.o(.text)
    DMA1_Channel2_IRQHandler                 0x0800020b   Thumb Code     0  startup_stm32g431xx.o(.text)
    DMA1_Channel3_IRQHandler                 0x0800020b   Thumb Code     0  startup_stm32g431xx.o(.text)
    DMA1_Channel4_IRQHandler                 0x0800020b   Thumb Code     0  startup_stm32g431xx.o(.text)
    DMA1_Channel5_IRQHandler                 0x0800020b   Thumb Code     0  startup_stm32g431xx.o(.text)
    DMA1_Channel6_IRQHandler                 0x0800020b   Thumb Code     0  startup_stm32g431xx.o(.text)
    DMA2_Channel1_IRQHandler                 0x0800020b   Thumb Code     0  startup_stm32g431xx.o(.text)
    DMA2_Channel2_IRQHandler                 0x0800020b   Thumb Code     0  startup_stm32g431xx.o(.text)
    DMA2_Channel3_IRQHandler                 0x0800020b   Thumb Code     0  startup_stm32g431xx.o(.text)
    DMA2_Channel4_IRQHandler                 0x0800020b   Thumb Code     0  startup_stm32g431xx.o(.text)
    DMA2_Channel5_IRQHandler                 0x0800020b   Thumb Code     0  startup_stm32g431xx.o(.text)
    DMA2_Channel6_IRQHandler                 0x0800020b   Thumb Code     0  startup_stm32g431xx.o(.text)
    DMAMUX_OVR_IRQHandler                    0x0800020b   Thumb Code     0  startup_stm32g431xx.o(.text)
    EXTI0_IRQHandler                         0x0800020b   Thumb Code     0  startup_stm32g431xx.o(.text)
    EXTI15_10_IRQHandler                     0x0800020b   Thumb Code     0  startup_stm32g431xx.o(.text)
    EXTI1_IRQHandler                         0x0800020b   Thumb Code     0  startup_stm32g431xx.o(.text)
    EXTI2_IRQHandler                         0x0800020b   Thumb Code     0  startup_stm32g431xx.o(.text)
    EXTI3_IRQHandler                         0x0800020b   Thumb Code     0  startup_stm32g431xx.o(.text)
    EXTI4_IRQHandler                         0x0800020b   Thumb Code     0  startup_stm32g431xx.o(.text)
    EXTI9_5_IRQHandler                       0x0800020b   Thumb Code     0  startup_stm32g431xx.o(.text)
    FDCAN1_IT0_IRQHandler                    0x0800020b   Thumb Code     0  startup_stm32g431xx.o(.text)
    FDCAN1_IT1_IRQHandler                    0x0800020b   Thumb Code     0  startup_stm32g431xx.o(.text)
    FLASH_IRQHandler                         0x0800020b   Thumb Code     0  startup_stm32g431xx.o(.text)
    FMAC_IRQHandler                          0x0800020b   Thumb Code     0  startup_stm32g431xx.o(.text)
    FPU_IRQHandler                           0x0800020b   Thumb Code     0  startup_stm32g431xx.o(.text)
    I2C1_ER_IRQHandler                       0x0800020b   Thumb Code     0  startup_stm32g431xx.o(.text)
    I2C1_EV_IRQHandler                       0x0800020b   Thumb Code     0  startup_stm32g431xx.o(.text)
    I2C2_ER_IRQHandler                       0x0800020b   Thumb Code     0  startup_stm32g431xx.o(.text)
    I2C2_EV_IRQHandler                       0x0800020b   Thumb Code     0  startup_stm32g431xx.o(.text)
    I2C3_ER_IRQHandler                       0x0800020b   Thumb Code     0  startup_stm32g431xx.o(.text)
    I2C3_EV_IRQHandler                       0x0800020b   Thumb Code     0  startup_stm32g431xx.o(.text)
    LPTIM1_IRQHandler                        0x0800020b   Thumb Code     0  startup_stm32g431xx.o(.text)
    LPUART1_IRQHandler                       0x0800020b   Thumb Code     0  startup_stm32g431xx.o(.text)
    PVD_PVM_IRQHandler                       0x0800020b   Thumb Code     0  startup_stm32g431xx.o(.text)
    RCC_IRQHandler                           0x0800020b   Thumb Code     0  startup_stm32g431xx.o(.text)
    RNG_IRQHandler                           0x0800020b   Thumb Code     0  startup_stm32g431xx.o(.text)
    RTC_Alarm_IRQHandler                     0x0800020b   Thumb Code     0  startup_stm32g431xx.o(.text)
    RTC_TAMP_LSECSS_IRQHandler               0x0800020b   Thumb Code     0  startup_stm32g431xx.o(.text)
    RTC_WKUP_IRQHandler                      0x0800020b   Thumb Code     0  startup_stm32g431xx.o(.text)
    SAI1_IRQHandler                          0x0800020b   Thumb Code     0  startup_stm32g431xx.o(.text)
    SPI1_IRQHandler                          0x0800020b   Thumb Code     0  startup_stm32g431xx.o(.text)
    SPI2_IRQHandler                          0x0800020b   Thumb Code     0  startup_stm32g431xx.o(.text)
    SPI3_IRQHandler                          0x0800020b   Thumb Code     0  startup_stm32g431xx.o(.text)
    TIM1_BRK_TIM15_IRQHandler                0x0800020b   Thumb Code     0  startup_stm32g431xx.o(.text)
    TIM1_CC_IRQHandler                       0x0800020b   Thumb Code     0  startup_stm32g431xx.o(.text)
    TIM1_TRG_COM_TIM17_IRQHandler            0x0800020b   Thumb Code     0  startup_stm32g431xx.o(.text)
    TIM1_UP_TIM16_IRQHandler                 0x0800020b   Thumb Code     0  startup_stm32g431xx.o(.text)
    TIM2_IRQHandler                          0x0800020b   Thumb Code     0  startup_stm32g431xx.o(.text)
    TIM3_IRQHandler                          0x0800020b   Thumb Code     0  startup_stm32g431xx.o(.text)
    TIM4_IRQHandler                          0x0800020b   Thumb Code     0  startup_stm32g431xx.o(.text)
    TIM7_IRQHandler                          0x0800020b   Thumb Code     0  startup_stm32g431xx.o(.text)
    TIM8_BRK_IRQHandler                      0x0800020b   Thumb Code     0  startup_stm32g431xx.o(.text)
    TIM8_CC_IRQHandler                       0x0800020b   Thumb Code     0  startup_stm32g431xx.o(.text)
    TIM8_TRG_COM_IRQHandler                  0x0800020b   Thumb Code     0  startup_stm32g431xx.o(.text)
    TIM8_UP_IRQHandler                       0x0800020b   Thumb Code     0  startup_stm32g431xx.o(.text)
    UART4_IRQHandler                         0x0800020b   Thumb Code     0  startup_stm32g431xx.o(.text)
    UCPD1_IRQHandler                         0x0800020b   Thumb Code     0  startup_stm32g431xx.o(.text)
    USART1_IRQHandler                        0x0800020b   Thumb Code     0  startup_stm32g431xx.o(.text)
    USART3_IRQHandler                        0x0800020b   Thumb Code     0  startup_stm32g431xx.o(.text)
    USBWakeUp_IRQHandler                     0x0800020b   Thumb Code     0  startup_stm32g431xx.o(.text)
    USB_HP_IRQHandler                        0x0800020b   Thumb Code     0  startup_stm32g431xx.o(.text)
    USB_LP_IRQHandler                        0x0800020b   Thumb Code     0  startup_stm32g431xx.o(.text)
    WWDG_IRQHandler                          0x0800020b   Thumb Code     0  startup_stm32g431xx.o(.text)
    __aeabi_memcpy                           0x08000215   Thumb Code    36  memcpya.o(.text)
    __aeabi_memcpy4                          0x08000215   Thumb Code     0  memcpya.o(.text)
    __aeabi_memcpy8                          0x08000215   Thumb Code     0  memcpya.o(.text)
    __aeabi_memset                           0x08000239   Thumb Code    14  memseta.o(.text)
    __aeabi_memset4                          0x08000239   Thumb Code     0  memseta.o(.text)
    __aeabi_memset8                          0x08000239   Thumb Code     0  memseta.o(.text)
    __aeabi_memclr                           0x08000247   Thumb Code     4  memseta.o(.text)
    __aeabi_memclr4                          0x08000247   Thumb Code     0  memseta.o(.text)
    __aeabi_memclr8                          0x08000247   Thumb Code     0  memseta.o(.text)
    _memset$wrapper                          0x0800024b   Thumb Code    18  memseta.o(.text)
    memcmp                                   0x0800025d   Thumb Code    26  memcmp.o(.text)
    atoi                                     0x08000277   Thumb Code    26  atoi.o(.text)
    __aeabi_d2iz                             0x08000291   Thumb Code    62  dfixi.o(.text)
    __aeabi_f2d                              0x080002cf   Thumb Code    38  f2d.o(.text)
    __aeabi_d2f                              0x080002f5   Thumb Code    56  d2f.o(.text)
    __aeabi_uidiv                            0x0800032d   Thumb Code     0  uidiv.o(.text)
    __aeabi_uidivmod                         0x0800032d   Thumb Code    44  uidiv.o(.text)
    __aeabi_uldivmod                         0x08000359   Thumb Code    98  uldiv.o(.text)
    __aeabi_llsr                             0x080003bb   Thumb Code    32  llushr.o(.text)
    _ll_ushift_r                             0x080003bb   Thumb Code     0  llushr.o(.text)
    __strtod_int                             0x08000413   Thumb Code    90  strtod.o(.text)
    strtol                                   0x08000479   Thumb Code   112  strtol.o(.text)
    __I$use$fp                               0x080004e9   Thumb Code     0  iusefp.o(.text)
    _float_round                             0x080004e9   Thumb Code    18  fepilogue.o(.text)
    _float_epilogue                          0x080004fb   Thumb Code    92  fepilogue.o(.text)
    _frem                                    0x08000557   Thumb Code    82  frem.o(.text)
    __aeabi_dadd                             0x080005a9   Thumb Code   322  dadd.o(.text)
    __aeabi_dsub                             0x080006eb   Thumb Code     6  dadd.o(.text)
    __aeabi_drsub                            0x080006f1   Thumb Code     6  dadd.o(.text)
    __aeabi_dmul                             0x080006f7   Thumb Code   228  dmul.o(.text)
    __aeabi_ddiv                             0x080007db   Thumb Code   222  ddiv.o(.text)
    _drnd                                    0x080008b9   Thumb Code   132  drnd.o(.text)
    __aeabi_d2ulz                            0x08000941   Thumb Code    48  dfixul.o(.text)
    __aeabi_cdcmpeq                          0x08000971   Thumb Code     0  cdcmple.o(.text)
    __aeabi_cdcmple                          0x08000971   Thumb Code    48  cdcmple.o(.text)
    __aeabi_cdrcmple                         0x080009a1   Thumb Code    48  cdrcmple.o(.text)
    __ARM_dcmp4                              0x080009d1   Thumb Code    96  dcmp4.o(.text)
    _dcmp4                                   0x080009d1   Thumb Code     0  dcmp4.o(.text)
    __scatterload                            0x08000a31   Thumb Code    28  init.o(.text)
    __scatterload_rt2                        0x08000a31   Thumb Code     0  init.o(.text)
    __aeabi_llsl                             0x08000a55   Thumb Code    30  llshl.o(.text)
    _ll_shift_l                              0x08000a55   Thumb Code     0  llshl.o(.text)
    __aeabi_lasr                             0x08000a73   Thumb Code    36  llsshr.o(.text)
    _ll_sshift_r                             0x08000a73   Thumb Code     0  llsshr.o(.text)
    __rt_ctype_table                         0x08000a99   Thumb Code     4  ctype_o.o(.text)
    isspace                                  0x08000aa1   Thumb Code    18  isspace_o.o(.text)
    _scanf_real                              0x08000bdd   Thumb Code     0  scanf_fp.o(.text)
    _scanf_really_real                       0x08000bdd   Thumb Code   556  scanf_fp.o(.text)
    _sgetc                                   0x08000e15   Thumb Code    30  _sgetc.o(.text)
    _sbackspace                              0x08000e33   Thumb Code    34  _sgetc.o(.text)
    _strtoul                                 0x08000e55   Thumb Code   158  _strtoul.o(.text)
    _double_round                            0x08000ef3   Thumb Code    30  depilogue.o(.text)
    _double_epilogue                         0x08000f11   Thumb Code   156  depilogue.o(.text)
    _chval                                   0x08000fad   Thumb Code    28  _chval.o(.text)
    __aeabi_ul2d                             0x08000fc9   Thumb Code    24  dfltul.o(.text)
    ADC1_2_IRQHandler                        0x08000fe1   Thumb Code   196  stm32g4xx_it.o(i.ADC1_2_IRQHandler)
    BusFault_Handler                         0x080010c9   Thumb Code     2  stm32g4xx_it.o(i.BusFault_Handler)
    CALIBRATION_end                          0x080010cd   Thumb Code     8  calibration.o(i.CALIBRATION_end)
    CALIBRATION_loop                         0x080010d9   Thumb Code  1576  calibration.o(i.CALIBRATION_loop)
    CALIBRATION_start                        0x08001735   Thumb Code    18  calibration.o(i.CALIBRATION_start)
    CONTROLLER_loop                          0x08001751   Thumb Code   838  controller.o(i.CONTROLLER_loop)
    CONTROLLER_move_to_pos                   0x08001ab1   Thumb Code    14  controller.o(i.CONTROLLER_move_to_pos)
    CONTROLLER_reset                         0x08001ac9   Thumb Code    56  controller.o(i.CONTROLLER_reset)
    DRV8323_calibrate                        0x08001b11   Thumb Code    10  drv8323.o(i.DRV8323_calibrate)
    DRV8323_disable_gd                       0x08001b1b   Thumb Code    26  drv8323.o(i.DRV8323_disable_gd)
    DRV8323_enable_gd                        0x08001b35   Thumb Code    26  drv8323.o(i.DRV8323_enable_gd)
    DRV8323_getFault                         0x08001b4f   Thumb Code    40  drv8323.o(i.DRV8323_getFault)
    DRV8323_read_FSR1                        0x08001b77   Thumb Code     6  drv8323.o(i.DRV8323_read_FSR1)
    DRV8323_read_FSR2                        0x08001b7d   Thumb Code     8  drv8323.o(i.DRV8323_read_FSR2)
    DRV8323_read_reg                         0x08001b85   Thumb Code    30  drv8323.o(i.DRV8323_read_reg)
    DRV8323_reset                            0x08001ba3   Thumb Code   256  drv8323.o(i.DRV8323_reset)
    DRV8323_set_enable                       0x08001ca3   Thumb Code    24  drv8323.o(i.DRV8323_set_enable)
    DRV8323_write_CSACR                      0x08001cbb   Thumb Code    60  drv8323.o(i.DRV8323_write_CSACR)
    DRV8323_write_DCR                        0x08001cf7   Thumb Code    60  drv8323.o(i.DRV8323_write_DCR)
    DRV8323_write_HSR                        0x08001d33   Thumb Code    18  drv8323.o(i.DRV8323_write_HSR)
    DRV8323_write_LSR                        0x08001d45   Thumb Code    22  drv8323.o(i.DRV8323_write_LSR)
    DRV8323_write_OCPCR                      0x08001d5b   Thumb Code    32  drv8323.o(i.DRV8323_write_OCPCR)
    DRV8323_write_reg                        0x08001d7b   Thumb Code    30  drv8323.o(i.DRV8323_write_reg)
    DebugMon_Handler                         0x08001d99   Thumb Code     2  stm32g4xx_it.o(i.DebugMon_Handler)
    ENCODER_sample                           0x08001d9d   Thumb Code   420  foc_encoder.o(i.ENCODER_sample)
    Encoder_read                             0x08001f59   Thumb Code    28  foc_encoder.o(i.Encoder_read)
    FLASH_erase_page                         0x08001f79   Thumb Code   194  flash.o(i.FLASH_erase_page)
    FLASH_lock                               0x08002041   Thumb Code    24  flash.o(i.FLASH_lock)
    FLASH_program                            0x0800205d   Thumb Code    52  flash.o(i.FLASH_program)
    FLASH_unlock                             0x08002095   Thumb Code    28  flash.o(i.FLASH_unlock)
    FOC_arm                                  0x080020bd   Thumb Code    18  foc_handle.o(i.FOC_arm)
    FOC_current                              0x080020d1   Thumb Code   432  foc_handle.o(i.FOC_current)
    FOC_disarm                               0x080022a9   Thumb Code    18  foc_handle.o(i.FOC_disarm)
    FOC_reset                                0x080022bd   Thumb Code    22  foc_handle.o(i.FOC_reset)
    FOC_zero_current                         0x080022d9   Thumb Code    72  foc_handle.o(i.FOC_zero_current)
    FSM_get_stat                             0x08002329   Thumb Code     6  fsm.o(i.FSM_get_stat)
    FSM_input                                0x08002335   Thumb Code   342  fsm.o(i.FSM_input)
    FSM_loop                                 0x08002521   Thumb Code   252  fsm.o(i.FSM_loop)
    HardFault_Handler                        0x0800264d   Thumb Code     2  stm32g4xx_it.o(i.HardFault_Handler)
    LED_loop                                 0x08002651   Thumb Code   136  led.o(i.LED_loop)
    LL_ADC_CommonInit                        0x080026f1   Thumb Code    72  stm32g4xx_ll_adc.o(i.LL_ADC_CommonInit)
    LL_ADC_INJ_Init                          0x08002741   Thumb Code    66  stm32g4xx_ll_adc.o(i.LL_ADC_INJ_Init)
    LL_ADC_Init                              0x0800279d   Thumb Code    42  stm32g4xx_ll_adc.o(i.LL_ADC_Init)
    LL_ADC_REG_Init                          0x080027c9   Thumb Code    78  stm32g4xx_ll_adc.o(i.LL_ADC_REG_Init)
    LL_GPIO_Init                             0x080028dd   Thumb Code   310  stm32g4xx_ll_gpio.o(i.LL_GPIO_Init)
    LL_Init1msTick                           0x08002a13   Thumb Code    26  stm32g4xx_ll_utils.o(i.LL_Init1msTick)
    LL_RCC_GetUARTClockFreq                  0x08002a2d   Thumb Code    84  stm32g4xx_ll_rcc.o(i.LL_RCC_GetUARTClockFreq)
    LL_RCC_GetUSARTClockFreq                 0x08002a89   Thumb Code   172  stm32g4xx_ll_rcc.o(i.LL_RCC_GetUSARTClockFreq)
    LL_SPI_Init                              0x08002b91   Thumb Code   118  stm32g4xx_ll_spi.o(i.LL_SPI_Init)
    LL_SetSystemCoreClock                    0x08002c09   Thumb Code     6  stm32g4xx_ll_utils.o(i.LL_SetSystemCoreClock)
    LL_TIM_BDTR_Init                         0x08002c15   Thumb Code   112  stm32g4xx_ll_tim.o(i.LL_TIM_BDTR_Init)
    LL_TIM_Init                              0x08002c8d   Thumb Code   144  stm32g4xx_ll_tim.o(i.LL_TIM_Init)
    LL_TIM_OC_Init                           0x08002e21   Thumb Code   302  stm32g4xx_ll_tim.o(i.LL_TIM_OC_Init)
    LL_USART_Init                            0x08002f6d   Thumb Code   206  stm32g4xx_ll_usart.o(i.LL_USART_Init)
    MX_ADC1_Init                             0x08003055   Thumb Code   310  adc.o(i.MX_ADC1_Init)
    MX_ADC2_Init                             0x080031b5   Thumb Code   342  adc.o(i.MX_ADC2_Init)
    MX_GPIO_Init                             0x0800333d   Thumb Code   198  gpio.o(i.MX_GPIO_Init)
    MX_SPI1_Init                             0x0800340d   Thumb Code   198  spi.o(i.MX_SPI1_Init)
    MX_SPI2_Init                             0x080034dd   Thumb Code   202  spi.o(i.MX_SPI2_Init)
    MX_TIM1_Init                             0x080035b5   Thumb Code   400  tim.o(i.MX_TIM1_Init)
    MX_TIM6_Init                             0x08003755   Thumb Code   128  tim.o(i.MX_TIM6_Init)
    MX_USART2_UART_Init                      0x080037e9   Thumb Code   300  usart.o(i.MX_USART2_UART_Init)
    MemManage_Handler                        0x08003929   Thumb Code     2  stm32g4xx_it.o(i.MemManage_Handler)
    NMI_Handler                              0x0800392b   Thumb Code     2  stm32g4xx_it.o(i.NMI_Handler)
    PWMC_switch_off_pwm                      0x08003bd5   Thumb Code    44  foc_handle.o(i.PWMC_switch_off_pwm)
    PWMC_switch_on_pwm                       0x08003c05   Thumb Code    40  foc_handle.o(i.PWMC_switch_on_pwm)
    PendSV_Handler                           0x08003c31   Thumb Code     2  stm32g4xx_it.o(i.PendSV_Handler)
    SPI_RW_byte                              0x08003cf5   Thumb Code    16  drv8323.o(i.SPI_RW_byte)
    SVC_Handler                              0x08003d05   Thumb Code     2  stm32g4xx_it.o(i.SVC_Handler)
    SYSTICK_delay_ms                         0x08003d07   Thumb Code    22  systick.o(i.SYSTICK_delay_ms)
    SYSTICK_delay_us                         0x08003d1d   Thumb Code    60  systick.o(i.SYSTICK_delay_us)
    SYSTICK_get_ms_since                     0x08003d5d   Thumb Code     8  systick.o(i.SYSTICK_get_ms_since)
    SYSTICK_get_tick                         0x08003d69   Thumb Code     6  systick.o(i.SYSTICK_get_tick)
    SYSTICK_init                             0x08003d75   Thumb Code    68  systick.o(i.SYSTICK_init)
    SysTick_Handler                          0x08003dc5   Thumb Code    10  stm32g4xx_it.o(i.SysTick_Handler)
    SystemClock_Config                       0x08003dd5   Thumb Code   182  main.o(i.SystemClock_Config)
    SystemInit                               0x08003ea1   Thumb Code    12  system_stm32g4xx.o(i.SystemInit)
    TIM6_DAC_IRQHandler                      0x08003eb1   Thumb Code    58  stm32g4xx_it.o(i.TIM6_DAC_IRQHandler)
    TRAJ_eval                                0x08003f01   Thumb Code   204  traptraj.o(i.TRAJ_eval)
    TRAJ_plan                                0x08003fd9   Thumb Code   506  traptraj.o(i.TRAJ_plan)
    USART2_IRQHandler                        0x080041e9   Thumb Code    40  stm32g4xx_it.o(i.USART2_IRQHandler)
    USR_CONFIG_read_config                   0x08004221   Thumb Code    44  usr_config.o(i.USR_CONFIG_read_config)
    USR_CONFIG_save_config                   0x08004255   Thumb Code   140  usr_config.o(i.USR_CONFIG_save_config)
    USR_CONFIG_set_default_config            0x0800431d   Thumb Code   164  usr_config.o(i.USR_CONFIG_set_default_config)
    UsageFault_Handler                       0x080043f1   Thumb Code     2  stm32g4xx_it.o(i.UsageFault_Handler)
    __0printf                                0x080043f5   Thumb Code    22  printfa.o(i.__0printf)
    __1printf                                0x080043f5   Thumb Code     0  printfa.o(i.__0printf)
    __2printf                                0x080043f5   Thumb Code     0  printfa.o(i.__0printf)
    __c89printf                              0x080043f5   Thumb Code     0  printfa.o(i.__0printf)
    printf                                   0x080043f5   Thumb Code     0  printfa.o(i.__0printf)
    __aeabi_errno_addr                       0x08004451   Thumb Code     4  errno.o(i.__aeabi_errno_addr)
    __rt_errno_addr                          0x08004451   Thumb Code     0  errno.o(i.__aeabi_errno_addr)
    __hardfp_atof                            0x08004459   Thumb Code    44  atof.o(i.__hardfp_atof)
    __hardfp_fmax                            0x08004491   Thumb Code   116  fmax.o(i.__hardfp_fmax)
    __hardfp_fmodf                           0x08004505   Thumb Code   176  fmodf.o(i.__hardfp_fmodf)
    __hardfp_round                           0x080045b9   Thumb Code   194  round.o(i.__hardfp_round)
    __hardfp_sqrtf                           0x08004699   Thumb Code    58  sqrtf.o(i.__hardfp_sqrtf)
    __mathlib_flt_invalid                    0x080046d5   Thumb Code    10  funder.o(i.__mathlib_flt_invalid)
    __read_errno                             0x080046e5   Thumb Code     6  errno.o(i.__read_errno)
    __scatterload_copy                       0x080046f1   Thumb Code    14  handlers.o(i.__scatterload_copy)
    __scatterload_null                       0x080046ff   Thumb Code     2  handlers.o(i.__scatterload_null)
    __scatterload_zeroinit                   0x08004701   Thumb Code    14  handlers.o(i.__scatterload_zeroinit)
    __set_errno                              0x08004711   Thumb Code     6  errno.o(i.__set_errno)
    _is_digit                                0x080048a1   Thumb Code    14  scanf_fp.o(i._is_digit)
    apply_voltage_timings                    0x08004fb9   Thumb Code   190  foc_handle.o(i.apply_voltage_timings)
    crc32                                    0x08005089   Thumb Code    34  util.o(i.crc32)
    fputc                                    0x080055e1   Thumb Code    18  usart.o(i.fputc)
    main                                     0x08005649   Thumb Code   494  main.o(i.main)
    pll_speed_estimator_rad_init             0x080058e9   Thumb Code    50  pll.o(i.pll_speed_estimator_rad_init)
    pll_speed_estimator_rad_update           0x08005921   Thumb Code   118  pll.o(i.pll_speed_estimator_rad_update)
    spi_transmit_receive_spi1                0x08006a0d   Thumb Code    84  drv8323.o(i.spi_transmit_receive_spi1)
    AHBPrescTable                            0x08007060   Data          16  system_stm32g4xx.o(.constdata)
    APBPrescTable                            0x08007070   Data           8  system_stm32g4xx.o(.constdata)
    __ctype_table                            0x080070a8   Data         129  ctype_o.o(.constdata)
    Region$$Table$$Base                      0x0800718c   Number         0  anon$$obj.o(Region$$Table)
    Region$$Table$$Limit                     0x080071ac   Number         0  anon$$obj.o(Region$$Table)
    SysTickCnt                               0x20000000   Data           4  systick.o(.data)
    Tim6Cnt                                  0x20000004   Data           4  systick.o(.data)
    vdata                                    0x20000048   Data           4  fsm.o(.data)
    Fsm                                      0x2000004c   Data          68  fsm.o(.data)
    rx_len                                   0x200000cc   Data           2  usart.o(.data)
    rx_flag                                  0x200000ce   Data           1  usart.o(.data)
    rx_timeout                               0x200000d0   Data           4  usart.o(.data)
    SystemCoreClock                          0x200000d4   Data           4  system_stm32g4xx.o(.data)
    __stdout                                 0x200000d8   Data           4  stdout.o(.data)
    Encoder                                  0x200000e0   Data         212  foc_encoder.o(.bss)
    UsrConfig                                0x200001b4   Data         380  usr_config.o(.bss)
    Foc                                      0x20000330   Data          80  foc_handle.o(.bss)
    Controller                               0x20003f80   Data          12  controller.o(.bss)
    Traj                                     0x20003f8c   Data          24  traptraj.o(.bss)
    Pll                                      0x20003fa4   Data          32  pll.o(.bss)
    rx_buf                                   0x20003fc4   Data         128  usart.o(.bss)
    __initial_sp                             0x20004448   Data           0  startup_stm32g431xx.o(STACK)



==============================================================================

Memory Map of the image

  Image Entry point : 0x080001d9

  Load Region LR_IROM1 (Base: 0x08000000, Size: 0x0000728c, Max: 0x0001c000, ABSOLUTE)

    Execution Region ER_IROM1 (Exec base: 0x08000000, Load base: 0x08000000, Size: 0x000071ac, Max: 0x0001c000, ABSOLUTE)

    Exec Addr    Load Addr    Size         Type   Attr      Idx    E Section Name        Object

    0x08000000   0x08000000   0x000001d8   Data   RO            3    RESET               startup_stm32g431xx.o
    0x080001d8   0x080001d8   0x00000000   Code   RO         2188  * .ARM.Collect$$$$00000000  mc_w.l(entry.o)
    0x080001d8   0x080001d8   0x00000004   Code   RO         2482    .ARM.Collect$$$$00000001  mc_w.l(entry2.o)
    0x080001dc   0x080001dc   0x00000004   Code   RO         2485    .ARM.Collect$$$$00000004  mc_w.l(entry5.o)
    0x080001e0   0x080001e0   0x00000000   Code   RO         2487    .ARM.Collect$$$$00000008  mc_w.l(entry7b.o)
    0x080001e0   0x080001e0   0x00000000   Code   RO         2489    .ARM.Collect$$$$0000000A  mc_w.l(entry8b.o)
    0x080001e0   0x080001e0   0x00000008   Code   RO         2490    .ARM.Collect$$$$0000000B  mc_w.l(entry9a.o)
    0x080001e8   0x080001e8   0x00000004   Code   RO         2497    .ARM.Collect$$$$0000000E  mc_w.l(entry12b.o)
    0x080001ec   0x080001ec   0x00000000   Code   RO         2492    .ARM.Collect$$$$0000000F  mc_w.l(entry10a.o)
    0x080001ec   0x080001ec   0x00000000   Code   RO         2494    .ARM.Collect$$$$00000011  mc_w.l(entry11a.o)
    0x080001ec   0x080001ec   0x00000004   Code   RO         2483    .ARM.Collect$$$$00002712  mc_w.l(entry2.o)
    0x080001f0   0x080001f0   0x00000024   Code   RO            4    .text               startup_stm32g431xx.o
    0x08000214   0x08000214   0x00000024   Code   RO         2191    .text               mc_w.l(memcpya.o)
    0x08000238   0x08000238   0x00000024   Code   RO         2193    .text               mc_w.l(memseta.o)
    0x0800025c   0x0800025c   0x0000001a   Code   RO         2195    .text               mc_w.l(memcmp.o)
    0x08000276   0x08000276   0x0000001a   Code   RO         2460    .text               mc_w.l(atoi.o)
    0x08000290   0x08000290   0x0000003e   Code   RO         2462    .text               mf_w.l(dfixi.o)
    0x080002ce   0x080002ce   0x00000026   Code   RO         2464    .text               mf_w.l(f2d.o)
    0x080002f4   0x080002f4   0x00000038   Code   RO         2466    .text               mf_w.l(d2f.o)
    0x0800032c   0x0800032c   0x0000002c   Code   RO         2499    .text               mc_w.l(uidiv.o)
    0x08000358   0x08000358   0x00000062   Code   RO         2501    .text               mc_w.l(uldiv.o)
    0x080003ba   0x080003ba   0x00000020   Code   RO         2503    .text               mc_w.l(llushr.o)
    0x080003da   0x080003da   0x00000002   PAD
    0x080003dc   0x080003dc   0x0000009c   Code   RO         2512    .text               mc_w.l(strtod.o)
    0x08000478   0x08000478   0x00000070   Code   RO         2514    .text               mc_w.l(strtol.o)
    0x080004e8   0x080004e8   0x00000000   Code   RO         2516    .text               mc_w.l(iusefp.o)
    0x080004e8   0x080004e8   0x0000006e   Code   RO         2517    .text               mf_w.l(fepilogue.o)
    0x08000556   0x08000556   0x00000052   Code   RO         2519    .text               mf_w.l(frem.o)
    0x080005a8   0x080005a8   0x0000014e   Code   RO         2521    .text               mf_w.l(dadd.o)
    0x080006f6   0x080006f6   0x000000e4   Code   RO         2523    .text               mf_w.l(dmul.o)
    0x080007da   0x080007da   0x000000de   Code   RO         2525    .text               mf_w.l(ddiv.o)
    0x080008b8   0x080008b8   0x00000088   Code   RO         2527    .text               mf_w.l(drnd.o)
    0x08000940   0x08000940   0x00000030   Code   RO         2529    .text               mf_w.l(dfixul.o)
    0x08000970   0x08000970   0x00000030   Code   RO         2531    .text               mf_w.l(cdcmple.o)
    0x080009a0   0x080009a0   0x00000030   Code   RO         2533    .text               mf_w.l(cdrcmple.o)
    0x080009d0   0x080009d0   0x00000060   Code   RO         2535    .text               mf_w.l(dcmp4.o)
    0x08000a30   0x08000a30   0x00000024   Code   RO         2537    .text               mc_w.l(init.o)
    0x08000a54   0x08000a54   0x0000001e   Code   RO         2539    .text               mc_w.l(llshl.o)
    0x08000a72   0x08000a72   0x00000024   Code   RO         2541    .text               mc_w.l(llsshr.o)
    0x08000a96   0x08000a96   0x00000002   PAD
    0x08000a98   0x08000a98   0x00000008   Code   RO         2545    .text               mc_w.l(ctype_o.o)
    0x08000aa0   0x08000aa0   0x00000012   Code   RO         2567    .text               mc_w.l(isspace_o.o)
    0x08000ab2   0x08000ab2   0x00000002   PAD
    0x08000ab4   0x08000ab4   0x00000360   Code   RO         2573    .text               mc_w.l(scanf_fp.o)
    0x08000e14   0x08000e14   0x00000040   Code   RO         2577    .text               mc_w.l(_sgetc.o)
    0x08000e54   0x08000e54   0x0000009e   Code   RO         2579    .text               mc_w.l(_strtoul.o)
    0x08000ef2   0x08000ef2   0x000000ba   Code   RO         2581    .text               mf_w.l(depilogue.o)
    0x08000fac   0x08000fac   0x0000001c   Code   RO         2586    .text               mc_w.l(_chval.o)
    0x08000fc8   0x08000fc8   0x00000018   Code   RO         2588    .text               mf_w.l(dfltul.o)
    0x08000fe0   0x08000fe0   0x000000e8   Code   RO         1273    i.ADC1_2_IRQHandler  stm32g4xx_it.o
    0x080010c8   0x080010c8   0x00000002   Code   RO         1274    i.BusFault_Handler  stm32g4xx_it.o
    0x080010ca   0x080010ca   0x00000002   PAD
    0x080010cc   0x080010cc   0x0000000c   Code   RO          640    i.CALIBRATION_end   calibration.o
    0x080010d8   0x080010d8   0x0000065c   Code   RO          641    i.CALIBRATION_loop  calibration.o
    0x08001734   0x08001734   0x0000001c   Code   RO          642    i.CALIBRATION_start  calibration.o
    0x08001750   0x08001750   0x00000360   Code   RO          793    i.CONTROLLER_loop   controller.o
    0x08001ab0   0x08001ab0   0x00000018   Code   RO          794    i.CONTROLLER_move_to_pos  controller.o
    0x08001ac8   0x08001ac8   0x00000048   Code   RO          795    i.CONTROLLER_reset  controller.o
    0x08001b10   0x08001b10   0x0000000a   Code   RO           13    i.DRV8323_calibrate  drv8323.o
    0x08001b1a   0x08001b1a   0x0000001a   Code   RO           14    i.DRV8323_disable_gd  drv8323.o
    0x08001b34   0x08001b34   0x0000001a   Code   RO           15    i.DRV8323_enable_gd  drv8323.o
    0x08001b4e   0x08001b4e   0x00000028   Code   RO           16    i.DRV8323_getFault  drv8323.o
    0x08001b76   0x08001b76   0x00000006   Code   RO           17    i.DRV8323_read_FSR1  drv8323.o
    0x08001b7c   0x08001b7c   0x00000008   Code   RO           18    i.DRV8323_read_FSR2  drv8323.o
    0x08001b84   0x08001b84   0x0000001e   Code   RO           19    i.DRV8323_read_reg  drv8323.o
    0x08001ba2   0x08001ba2   0x00000100   Code   RO           20    i.DRV8323_reset     drv8323.o
    0x08001ca2   0x08001ca2   0x00000018   Code   RO           21    i.DRV8323_set_enable  drv8323.o
    0x08001cba   0x08001cba   0x0000003c   Code   RO           22    i.DRV8323_write_CSACR  drv8323.o
    0x08001cf6   0x08001cf6   0x0000003c   Code   RO           23    i.DRV8323_write_DCR  drv8323.o
    0x08001d32   0x08001d32   0x00000012   Code   RO           24    i.DRV8323_write_HSR  drv8323.o
    0x08001d44   0x08001d44   0x00000016   Code   RO           25    i.DRV8323_write_LSR  drv8323.o
    0x08001d5a   0x08001d5a   0x00000020   Code   RO           26    i.DRV8323_write_OCPCR  drv8323.o
    0x08001d7a   0x08001d7a   0x0000001e   Code   RO           27    i.DRV8323_write_reg  drv8323.o
    0x08001d98   0x08001d98   0x00000002   Code   RO         1275    i.DebugMon_Handler  stm32g4xx_it.o
    0x08001d9a   0x08001d9a   0x00000002   PAD
    0x08001d9c   0x08001d9c   0x000001bc   Code   RO          296    i.ENCODER_sample    foc_encoder.o
    0x08001f58   0x08001f58   0x00000020   Code   RO          297    i.Encoder_read      foc_encoder.o
    0x08001f78   0x08001f78   0x000000c8   Code   RO          405    i.FLASH_erase_page  flash.o
    0x08002040   0x08002040   0x0000001c   Code   RO          406    i.FLASH_lock        flash.o
    0x0800205c   0x0800205c   0x00000038   Code   RO          407    i.FLASH_program     flash.o
    0x08002094   0x08002094   0x00000028   Code   RO          408    i.FLASH_unlock      flash.o
    0x080020bc   0x080020bc   0x00000012   Code   RO          505    i.FOC_arm           foc_handle.o
    0x080020ce   0x080020ce   0x00000002   PAD
    0x080020d0   0x080020d0   0x000001d8   Code   RO          506    i.FOC_current       foc_handle.o
    0x080022a8   0x080022a8   0x00000012   Code   RO          507    i.FOC_disarm        foc_handle.o
    0x080022ba   0x080022ba   0x00000002   PAD
    0x080022bc   0x080022bc   0x0000001c   Code   RO          508    i.FOC_reset         foc_handle.o
    0x080022d8   0x080022d8   0x00000050   Code   RO          509    i.FOC_zero_current  foc_handle.o
    0x08002328   0x08002328   0x0000000c   Code   RO          698    i.FSM_get_stat      fsm.o
    0x08002334   0x08002334   0x000001ec   Code   RO          699    i.FSM_input         fsm.o
    0x08002520   0x08002520   0x0000012c   Code   RO          700    i.FSM_loop          fsm.o
    0x0800264c   0x0800264c   0x00000002   Code   RO         1276    i.HardFault_Handler  stm32g4xx_it.o
    0x0800264e   0x0800264e   0x00000002   PAD
    0x08002650   0x08002650   0x0000008c   Code   RO          601    i.LED_loop          led.o
    0x080026dc   0x080026dc   0x00000014   Code   RO          602    i.LED_set           led.o
    0x080026f0   0x080026f0   0x00000050   Code   RO         1590    i.LL_ADC_CommonInit  stm32g4xx_ll_adc.o
    0x08002740   0x08002740   0x00000042   Code   RO         1593    i.LL_ADC_INJ_Init   stm32g4xx_ll_adc.o
    0x08002782   0x08002782   0x0000001a   Code   RO         1044    i.LL_ADC_INJ_SetSequencerRanks  adc.o
    0x0800279c   0x0800279c   0x0000002a   Code   RO         1595    i.LL_ADC_Init       stm32g4xx_ll_adc.o
    0x080027c6   0x080027c6   0x00000002   PAD
    0x080027c8   0x080027c8   0x00000054   Code   RO         1596    i.LL_ADC_REG_Init   stm32g4xx_ll_adc.o
    0x0800281c   0x0800281c   0x0000001e   Code   RO         1045    i.LL_ADC_SetChannelSamplingTime  adc.o
    0x0800283a   0x0800283a   0x00000002   PAD
    0x0800283c   0x0800283c   0x00000020   Code   RO         1046    i.LL_ADC_SetChannelSingleDiff  adc.o
    0x0800285c   0x0800285c   0x00000020   Code   RO         1047    i.LL_ADC_SetGainCompensation  adc.o
    0x0800287c   0x0800287c   0x00000018   Code   RO          935    i.LL_ADC_StartCalibration  main.o
    0x08002894   0x08002894   0x00000018   Code   RO         1012    i.LL_AHB2_GRP1_EnableClock  gpio.o
    0x080028ac   0x080028ac   0x00000018   Code   RO         1048    i.LL_AHB2_GRP1_EnableClock  adc.o
    0x080028c4   0x080028c4   0x00000018   Code   RO         1129    i.LL_AHB2_GRP1_EnableClock  spi.o
    0x080028dc   0x080028dc   0x00000136   Code   RO         1540    i.LL_GPIO_Init      stm32g4xx_ll_gpio.o
    0x08002a12   0x08002a12   0x0000001a   Code   RO         1410    i.LL_Init1msTick    stm32g4xx_ll_utils.o
    0x08002a2c   0x08002a2c   0x0000005c   Code   RO         2015    i.LL_RCC_GetUARTClockFreq  stm32g4xx_ll_rcc.o
    0x08002a88   0x08002a88   0x000000b4   Code   RO         2016    i.LL_RCC_GetUSARTClockFreq  stm32g4xx_ll_rcc.o
    0x08002b3c   0x08002b3c   0x00000010   Code   RO         2018    i.LL_RCC_HSI_IsReady  stm32g4xx_ll_rcc.o
    0x08002b4c   0x08002b4c   0x00000010   Code   RO         2019    i.LL_RCC_LSE_IsReady  stm32g4xx_ll_rcc.o
    0x08002b5c   0x08002b5c   0x00000020   Code   RO         1049    i.LL_RCC_SetADCClockSource  adc.o
    0x08002b7c   0x08002b7c   0x00000014   Code   RO          936    i.LL_RCC_SetAHBPrescaler  main.o
    0x08002b90   0x08002b90   0x00000076   Code   RO         1724    i.LL_SPI_Init       stm32g4xx_ll_spi.o
    0x08002c06   0x08002c06   0x00000002   PAD
    0x08002c08   0x08002c08   0x0000000c   Code   RO         1416    i.LL_SetSystemCoreClock  stm32g4xx_ll_utils.o
    0x08002c14   0x08002c14   0x00000078   Code   RO         1816    i.LL_TIM_BDTR_Init  stm32g4xx_ll_tim.o
    0x08002c8c   0x08002c8c   0x000000ac   Code   RO         1825    i.LL_TIM_Init       stm32g4xx_ll_tim.o
    0x08002d38   0x08002d38   0x00000074   Code   RO         1170    i.LL_TIM_OC_DisableFast  tim.o
    0x08002dac   0x08002dac   0x00000074   Code   RO         1171    i.LL_TIM_OC_EnablePreload  tim.o
    0x08002e20   0x08002e20   0x0000014c   Code   RO         1826    i.LL_TIM_OC_Init    stm32g4xx_ll_tim.o
    0x08002f6c   0x08002f6c   0x000000e8   Code   RO         1954    i.LL_USART_Init     stm32g4xx_ll_usart.o
    0x08003054   0x08003054   0x00000160   Code   RO         1050    i.MX_ADC1_Init      adc.o
    0x080031b4   0x080031b4   0x00000188   Code   RO         1051    i.MX_ADC2_Init      adc.o
    0x0800333c   0x0800333c   0x000000d0   Code   RO         1013    i.MX_GPIO_Init      gpio.o
    0x0800340c   0x0800340c   0x000000d0   Code   RO         1130    i.MX_SPI1_Init      spi.o
    0x080034dc   0x080034dc   0x000000d8   Code   RO         1131    i.MX_SPI2_Init      spi.o
    0x080035b4   0x080035b4   0x000001a0   Code   RO         1172    i.MX_TIM1_Init      tim.o
    0x08003754   0x08003754   0x00000094   Code   RO         1173    i.MX_TIM6_Init      tim.o
    0x080037e8   0x080037e8   0x00000140   Code   RO         1219    i.MX_USART2_UART_Init  usart.o
    0x08003928   0x08003928   0x00000002   Code   RO         1277    i.MemManage_Handler  stm32g4xx_it.o
    0x0800392a   0x0800392a   0x00000002   Code   RO         1278    i.NMI_Handler       stm32g4xx_it.o
    0x0800392c   0x0800392c   0x00000032   Code   RO         1052    i.NVIC_EncodePriority  adc.o
    0x0800395e   0x0800395e   0x00000002   PAD
    0x08003960   0x08003960   0x00000098   Code   RO         1829    i.OC1Config         stm32g4xx_ll_tim.o
    0x080039f8   0x080039f8   0x000000a0   Code   RO         1830    i.OC2Config         stm32g4xx_ll_tim.o
    0x08003a98   0x08003a98   0x0000009c   Code   RO         1831    i.OC3Config         stm32g4xx_ll_tim.o
    0x08003b34   0x08003b34   0x000000a0   Code   RO         1832    i.OC4Config         stm32g4xx_ll_tim.o
    0x08003bd4   0x08003bd4   0x00000030   Code   RO          510    i.PWMC_switch_off_pwm  foc_handle.o
    0x08003c04   0x08003c04   0x0000002c   Code   RO          511    i.PWMC_switch_on_pwm  foc_handle.o
    0x08003c30   0x08003c30   0x00000002   Code   RO         1279    i.PendSV_Handler    stm32g4xx_it.o
    0x08003c32   0x08003c32   0x00000002   PAD
    0x08003c34   0x08003c34   0x00000020   Code   RO         2022    i.RCC_GetHCLKClockFreq  stm32g4xx_ll_rcc.o
    0x08003c54   0x08003c54   0x00000020   Code   RO         2023    i.RCC_GetPCLK1ClockFreq  stm32g4xx_ll_rcc.o
    0x08003c74   0x08003c74   0x00000020   Code   RO         2024    i.RCC_GetPCLK2ClockFreq  stm32g4xx_ll_rcc.o
    0x08003c94   0x08003c94   0x00000060   Code   RO         2025    i.RCC_GetSystemClockFreq  stm32g4xx_ll_rcc.o
    0x08003cf4   0x08003cf4   0x00000010   Code   RO           28    i.SPI_RW_byte       drv8323.o
    0x08003d04   0x08003d04   0x00000002   Code   RO         1280    i.SVC_Handler       stm32g4xx_it.o
    0x08003d06   0x08003d06   0x00000016   Code   RO          219    i.SYSTICK_delay_ms  systick.o
    0x08003d1c   0x08003d1c   0x00000040   Code   RO          220    i.SYSTICK_delay_us  systick.o
    0x08003d5c   0x08003d5c   0x0000000c   Code   RO          221    i.SYSTICK_get_ms_since  systick.o
    0x08003d68   0x08003d68   0x0000000c   Code   RO          222    i.SYSTICK_get_tick  systick.o
    0x08003d74   0x08003d74   0x00000050   Code   RO          223    i.SYSTICK_init      systick.o
    0x08003dc4   0x08003dc4   0x00000010   Code   RO         1281    i.SysTick_Handler   stm32g4xx_it.o
    0x08003dd4   0x08003dd4   0x000000cc   Code   RO          937    i.SystemClock_Config  main.o
    0x08003ea0   0x08003ea0   0x00000010   Code   RO         1373    i.SystemInit        system_stm32g4xx.o
    0x08003eb0   0x08003eb0   0x00000050   Code   RO         1282    i.TIM6_DAC_IRQHandler  stm32g4xx_it.o
    0x08003f00   0x08003f00   0x000000d8   Code   RO          840    i.TRAJ_eval         traptraj.o
    0x08003fd8   0x08003fd8   0x00000210   Code   RO          841    i.TRAJ_plan         traptraj.o
    0x080041e8   0x080041e8   0x00000038   Code   RO         1283    i.USART2_IRQHandler  stm32g4xx_it.o
    0x08004220   0x08004220   0x00000034   Code   RO          351    i.USR_CONFIG_read_config  usr_config.o
    0x08004254   0x08004254   0x000000c8   Code   RO          352    i.USR_CONFIG_save_config  usr_config.o
    0x0800431c   0x0800431c   0x000000d4   Code   RO          353    i.USR_CONFIG_set_default_config  usr_config.o
    0x080043f0   0x080043f0   0x00000002   Code   RO         1284    i.UsageFault_Handler  stm32g4xx_it.o
    0x080043f2   0x080043f2   0x00000002   PAD
    0x080043f4   0x080043f4   0x00000020   Code   RO         2432    i.__0printf         mc_w.l(printfa.o)
    0x08004414   0x08004414   0x0000001a   Code   RO         1053    i.__NVIC_EnableIRQ  adc.o
    0x0800442e   0x0800442e   0x00000020   Code   RO         1054    i.__NVIC_SetPriority  adc.o
    0x0800444e   0x0800444e   0x00000002   PAD
    0x08004450   0x08004450   0x00000008   Code   RO         2505    i.__aeabi_errno_addr  mc_w.l(errno.o)
    0x08004458   0x08004458   0x00000038   Code   RO         2150    i.__hardfp_atof     m_wm.l(atof.o)
    0x08004490   0x08004490   0x00000074   Code   RO         2156    i.__hardfp_fmax     m_wm.l(fmax.o)
    0x08004504   0x08004504   0x000000b0   Code   RO         2160    i.__hardfp_fmodf    m_wm.l(fmodf.o)
    0x080045b4   0x080045b4   0x00000004   PAD
    0x080045b8   0x080045b8   0x000000e0   Code   RO         2172    i.__hardfp_round    m_wm.l(round.o)
    0x08004698   0x08004698   0x0000003a   Code   RO         2176    i.__hardfp_sqrtf    m_wm.l(sqrtf.o)
    0x080046d2   0x080046d2   0x00000002   PAD
    0x080046d4   0x080046d4   0x00000010   Code   RO         2471    i.__mathlib_flt_invalid  m_wm.l(funder.o)
    0x080046e4   0x080046e4   0x0000000c   Code   RO         2506    i.__read_errno      mc_w.l(errno.o)
    0x080046f0   0x080046f0   0x0000000e   Code   RO         2592    i.__scatterload_copy  mc_w.l(handlers.o)
    0x080046fe   0x080046fe   0x00000002   Code   RO         2593    i.__scatterload_null  mc_w.l(handlers.o)
    0x08004700   0x08004700   0x0000000e   Code   RO         2594    i.__scatterload_zeroinit  mc_w.l(handlers.o)
    0x0800470e   0x0800470e   0x00000002   PAD
    0x08004710   0x08004710   0x0000000c   Code   RO         2507    i.__set_errno       mc_w.l(errno.o)
    0x0800471c   0x0800471c   0x00000184   Code   RO         2439    i._fp_digits        mc_w.l(printfa.o)
    0x080048a0   0x080048a0   0x0000000e   Code   RO         2575    i._is_digit         mc_w.l(scanf_fp.o)
    0x080048ae   0x080048ae   0x00000002   PAD
    0x080048b0   0x080048b0   0x000006b4   Code   RO         2440    i._printf_core      mc_w.l(printfa.o)
    0x08004f64   0x08004f64   0x00000024   Code   RO         2441    i._printf_post_padding  mc_w.l(printfa.o)
    0x08004f88   0x08004f88   0x0000002e   Code   RO         2442    i._printf_pre_padding  mc_w.l(printfa.o)
    0x08004fb6   0x08004fb6   0x00000002   PAD
    0x08004fb8   0x08004fb8   0x000000d0   Code   RO          512    i.apply_voltage_timings  foc_handle.o
    0x08005088   0x08005088   0x00000028   Code   RO          454    i.crc32             util.o
    0x080050b0   0x080050b0   0x00000178   Code   RO          701    i.debug_input_q     fsm.o
    0x08005228   0x08005228   0x0000017c   Code   RO          702    i.debug_input_w     fsm.o
    0x080053a4   0x080053a4   0x00000094   Code   RO          703    i.enter_state       fsm.o
    0x08005438   0x08005438   0x00000050   Code   RO          704    i.exit_state        fsm.o
    0x08005488   0x08005488   0x00000108   Code   RO          513    i.fast_sincos       foc_handle.o
    0x08005590   0x08005590   0x00000050   Code   RO          409    i.flash_wait_for_last_operation  flash.o
    0x080055e0   0x080055e0   0x00000018   Code   RO         1221    i.fputc             usart.o
    0x080055f8   0x080055f8   0x00000050   Code   RO          514    i.inverse_park      foc_handle.o
    0x08005648   0x08005648   0x000002a0   Code   RO          938    i.main              main.o
    0x080058e8   0x080058e8   0x00000038   Code   RO          890    i.pll_speed_estimator_rad_init  pll.o
    0x08005920   0x08005920   0x0000007c   Code   RO          891    i.pll_speed_estimator_rad_update  pll.o
    0x0800599c   0x0800599c   0x00000134   Code   RO          705    i.print_menu        fsm.o
    0x08005ad0   0x08005ad0   0x0000059c   Code   RO          706    i.print_setup       fsm.o
    0x0800606c   0x0800606c   0x00000948   Code   RO          707    i.process_user_input  fsm.o
    0x080069b4   0x080069b4   0x00000058   Code   RO          298    i.spi_transmit_receive  foc_encoder.o
    0x08006a0c   0x08006a0c   0x00000058   Code   RO           29    i.spi_transmit_receive_spi1  drv8323.o
    0x08006a64   0x08006a64   0x000001ac   Code   RO          515    i.svm               foc_handle.o
    0x08006c10   0x08006c10   0x0000003c   Code   RO          892    i.wrap_pm_pi        pll.o
    0x08006c4c   0x08006c4c   0x00000400   Data   RO          457    .constdata          util.o
    0x0800704c   0x0800704c   0x00000014   Data   RO         1174    .constdata          tim.o
    0x08007060   0x08007060   0x00000010   Data   RO         1374    .constdata          system_stm32g4xx.o
    0x08007070   0x08007070   0x00000008   Data   RO         1375    .constdata          system_stm32g4xx.o
    0x08007078   0x08007078   0x00000030   Data   RO         1956    .constdata          stm32g4xx_ll_usart.o
    0x080070a8   0x080070a8   0x00000081   Data   RO         2546    .constdata          mc_w.l(ctype_o.o)
    0x08007129   0x08007129   0x00000003   PAD
    0x0800712c   0x0800712c   0x00000004   Data   RO         2547    .constdata          mc_w.l(ctype_o.o)
    0x08007130   0x08007130   0x0000005c   Data   RO          708    .conststring        fsm.o
    0x0800718c   0x0800718c   0x00000020   Data   RO         2590    Region$$Table       anon$$obj.o


    Execution Region RW_IRAM1 (Exec base: 0x20000000, Load base: 0x080071ac, Size: 0x00004448, Max: 0x00008000, ABSOLUTE)

    Exec Addr    Load Addr    Size         Type   Attr      Idx    E Section Name        Object

    0x20000000   0x080071ac   0x00000008   Data   RW          226    .data               systick.o
    0x20000008   0x080071b4   0x00000008   Data   RW          603    .data               led.o
    0x20000010   0x080071bc   0x00000030   Data   RW          644    .data               calibration.o
    0x20000040   0x080071ec   0x00000050   Data   RW          709    .data               fsm.o
    0x20000090   0x0800723c   0x00000014   Data   RW          797    .data               controller.o
    0x200000a4   0x08007250   0x00000028   Data   RW          844    .data               traptraj.o
    0x200000cc   0x08007278   0x00000002   Data   RW         1223    .data               usart.o
    0x200000ce   0x0800727a   0x00000001   Data   RW         1224    .data               usart.o
    0x200000cf   0x0800727b   0x00000001   PAD
    0x200000d0   0x0800727c   0x00000004   Data   RW         1225    .data               usart.o
    0x200000d4   0x08007280   0x00000004   Data   RW         1376    .data               system_stm32g4xx.o
    0x200000d8   0x08007284   0x00000004   Data   RW         2498    .data               mc_w.l(stdout.o)
    0x200000dc   0x08007288   0x00000004   Data   RW         2508    .data               mc_w.l(errno.o)
    0x200000e0        -       0x000000d4   Zero   RW          299    .bss                foc_encoder.o
    0x200001b4        -       0x0000017c   Zero   RW          354    .bss                usr_config.o
    0x20000330        -       0x00000050   Zero   RW          516    .bss                foc_handle.o
    0x20000380        -       0x00003c00   Zero   RW          643    .bss                calibration.o
    0x20003f80        -       0x0000000c   Zero   RW          796    .bss                controller.o
    0x20003f8c        -       0x00000018   Zero   RW          843    .bss                traptraj.o
    0x20003fa4        -       0x00000020   Zero   RW          893    .bss                pll.o
    0x20003fc4        -       0x00000080   Zero   RW         1222    .bss                usart.o
    0x20004044   0x0800728c   0x00000004   PAD
    0x20004048        -       0x00000400   Zero   RW            1    STACK               startup_stm32g431xx.o


==============================================================================

Image component sizes


      Code (inc. data)   RO Data    RW Data    ZI Data      Debug   Object Name

      1028        106          0          0          0     124309   adc.o
      1668        272          0         48      15360       5619   calibration.o
       960         58          0         20         12       4095   controller.o
       752          4          0          0          0     490684   drv8323.o
       404         36          0          0          0       5663   flash.o
       564         32          0          0        212       6222   foc_encoder.o
      1688        124          0          0         80      56409   foc_handle.o
      5908       2968         92         80          0      41937   fsm.o
       232         16          0          0          0       6975   gpio.o
       160          8          0          8          0       3011   led.o
       920        210          0          0          0     211707   main.o
       240         22          0          0         32       4642   pll.o
       448         30          0          0          0      20010   spi.o
        36          8        472          0       1024        836   startup_stm32g431xx.o
       400         80          0          0          0      95316   stm32g4xx_it.o
       272         14          0          0          0      79278   stm32g4xx_ll_adc.o
       310          0          0          0          0       7323   stm32g4xx_ll_gpio.o
       496         60          0          0          0      28561   stm32g4xx_ll_rcc.o
       118          0          0          0          0      17210   stm32g4xx_ll_spi.o
      1252        168          0          0          0      58566   stm32g4xx_ll_tim.o
       232         26         48          0          0      27312   stm32g4xx_ll_usart.o
        38          6          0          0          0       7161   stm32g4xx_ll_utils.o
        16          4         24          4          0       1127   system_stm32g4xx.o
       190         26          0          8          0      37893   systick.o
       796         48         20          0          0      78013   tim.o
       744         34          0         40         24       3178   traptraj.o
       344         26          0          7        128      52485   usart.o
       464        116          0          0        380      11638   usr_config.o
        40          6       1024          0          0       1228   util.o

    ----------------------------------------------------------------------
     20744       4508       1712        216      17256    1488408   Object Totals
         0          0         32          0          0          0   (incl. Generated)
        24          0          0          1          4          0   (incl. Padding)

    ----------------------------------------------------------------------

      Code (inc. data)   RO Data    RW Data    ZI Data      Debug   Library Member Name

        56         12          0          0          0        132   atof.o
       116          0          0          0          0        164   fmax.o
       176          0          0          0          0        168   fmodf.o
        16          6          0          0          0        116   funder.o
       224         30          0          0          0        172   round.o
        58          0          0          0          0        136   sqrtf.o
        28          0          0          0          0         68   _chval.o
        64          0          0          0          0         84   _sgetc.o
       158          0          0          0          0         92   _strtoul.o
        26          0          0          0          0         80   atoi.o
         8          4        133          0          0         68   ctype_o.o
         0          0          0          0          0          0   entry.o
         0          0          0          0          0          0   entry10a.o
         0          0          0          0          0          0   entry11a.o
         4          0          0          0          0          0   entry12b.o
         8          4          0          0          0          0   entry2.o
         4          0          0          0          0          0   entry5.o
         0          0          0          0          0          0   entry7b.o
         0          0          0          0          0          0   entry8b.o
         8          4          0          0          0          0   entry9a.o
        32         16          0          4          0        204   errno.o
        30          0          0          0          0          0   handlers.o
        36          8          0          0          0         68   init.o
        18          0          0          0          0         76   isspace_o.o
         0          0          0          0          0          0   iusefp.o
        30          0          0          0          0         68   llshl.o
        36          0          0          0          0         68   llsshr.o
        32          0          0          0          0         68   llushr.o
        26          0          0          0          0         80   memcmp.o
        36          0          0          0          0         68   memcpya.o
        36          0          0          0          0        108   memseta.o
      2218         90          0          0          0        464   printfa.o
       878         12          0          0          0        216   scanf_fp.o
         0          0          0          4          0          0   stdout.o
       156         12          0          0          0        120   strtod.o
       112          0          0          0          0         88   strtol.o
        44          0          0          0          0         80   uidiv.o
        98          0          0          0          0         92   uldiv.o
        48          0          0          0          0         68   cdcmple.o
        48          0          0          0          0         68   cdrcmple.o
        56          0          0          0          0         88   d2f.o
       334          0          0          0          0        148   dadd.o
        96          0          0          0          0         80   dcmp4.o
       222          0          0          0          0        100   ddiv.o
       186          0          0          0          0        176   depilogue.o
        62          0          0          0          0         80   dfixi.o
        48          0          0          0          0         68   dfixul.o
        24          0          0          0          0         76   dfltul.o
       228          0          0          0          0         96   dmul.o
       136          4          0          0          0         92   drnd.o
        38          0          0          0          0         68   f2d.o
       110          0          0          0          0        168   fepilogue.o
        82          0          0          0          0         96   frem.o

    ----------------------------------------------------------------------
      6508        202        136          8          0       4620   Library Totals
        18          0          3          0          0          0   (incl. Padding)

    ----------------------------------------------------------------------

      Code (inc. data)   RO Data    RW Data    ZI Data      Debug   Library Name

       646         48          0          0          0        888   m_wm.l
      4126        150        133          8          0       2260   mc_w.l
      1718          4          0          0          0       1472   mf_w.l

    ----------------------------------------------------------------------
      6508        202        136          8          0       4620   Library Totals

    ----------------------------------------------------------------------

==============================================================================


      Code (inc. data)   RO Data    RW Data    ZI Data      Debug   

     27252       4710       1848        224      17256    1478656   Grand Totals
     27252       4710       1848        224      17256    1478656   ELF Image Totals
     27252       4710       1848        224          0          0   ROM Totals

==============================================================================

    Total RO  Size (Code + RO Data)                29100 (  28.42kB)
    Total RW  Size (RW Data + ZI Data)             17480 (  17.07kB)
    Total ROM Size (Code + RO Data + RW Data)      29324 (  28.64kB)

==============================================================================

